Component: Arm Compiler for Embedded 6.22 Tool: armlink [5ee90200]

==============================================================================

Section Cross References

    canspi.o(.text.CANSPI_Sleep) refers to mcp2515.o(.text.MCP2515_BitModify) for MCP2515_BitModify
    canspi.o(.text.CANSPI_Sleep) refers to mcp2515.o(.text.MCP2515_SetSleepMode) for MCP2515_SetSleepMode
    canspi.o(.ARM.exidx.text.CANSPI_Sleep) refers to canspi.o(.text.CANSPI_Sleep) for [Anonymous Symbol]
    canspi.o(.text.CANSPI_Initialize) refers to mcp2515.o(.text.MCP2515_Initialize) for MCP2515_Initialize
    canspi.o(.text.CANSPI_Initialize) refers to mcp2515.o(.text.MCP2515_SetConfigMode) for MCP2515_SetConfigMode
    canspi.o(.text.CANSPI_Initialize) refers to mcp2515.o(.text.MCP2515_WriteByteSequence) for MCP2515_WriteByteSequence
    canspi.o(.text.CANSPI_Initialize) refers to mcp2515.o(.text.MCP2515_WriteByte) for MCP2515_WriteByte
    canspi.o(.text.CANSPI_Initialize) refers to mcp2515.o(.text.MCP2515_SetNormalMode) for MCP2515_SetNormalMode
    canspi.o(.ARM.exidx.text.CANSPI_Initialize) refers to canspi.o(.text.CANSPI_Initialize) for [Anonymous Symbol]
    canspi.o(.text.CANSPI_Transmit) refers to mcp2515.o(.text.MCP2515_ReadStatus) for MCP2515_ReadStatus
    canspi.o(.text.CANSPI_Transmit) refers to mcp2515.o(.text.MCP2515_LoadTxSequence) for MCP2515_LoadTxSequence
    canspi.o(.text.CANSPI_Transmit) refers to mcp2515.o(.text.MCP2515_RequestToSend) for MCP2515_RequestToSend
    canspi.o(.text.CANSPI_Transmit) refers to canspi.o(.bss..L_MergedGlobals) for [Anonymous Symbol]
    canspi.o(.ARM.exidx.text.CANSPI_Transmit) refers to canspi.o(.text.CANSPI_Transmit) for [Anonymous Symbol]
    canspi.o(.text.CANSPI_Receive) refers to mcp2515.o(.text.MCP2515_GetRxStatus) for MCP2515_GetRxStatus
    canspi.o(.text.CANSPI_Receive) refers to mcp2515.o(.text.MCP2515_ReadRxSequence) for MCP2515_ReadRxSequence
    canspi.o(.ARM.exidx.text.CANSPI_Receive) refers to canspi.o(.text.CANSPI_Receive) for [Anonymous Symbol]
    canspi.o(.text.CANSPI_messagesInBuffer) refers to mcp2515.o(.text.MCP2515_ReadStatus) for MCP2515_ReadStatus
    canspi.o(.text.CANSPI_messagesInBuffer) refers to canspi.o(.bss..L_MergedGlobals) for [Anonymous Symbol]
    canspi.o(.ARM.exidx.text.CANSPI_messagesInBuffer) refers to canspi.o(.text.CANSPI_messagesInBuffer) for [Anonymous Symbol]
    canspi.o(.text.CANSPI_isBussOff) refers to mcp2515.o(.text.MCP2515_ReadByte) for MCP2515_ReadByte
    canspi.o(.text.CANSPI_isBussOff) refers to canspi.o(.bss.errorStatus) for errorStatus
    canspi.o(.ARM.exidx.text.CANSPI_isBussOff) refers to canspi.o(.text.CANSPI_isBussOff) for [Anonymous Symbol]
    canspi.o(.text.CANSPI_isRxErrorPassive) refers to mcp2515.o(.text.MCP2515_ReadByte) for MCP2515_ReadByte
    canspi.o(.text.CANSPI_isRxErrorPassive) refers to canspi.o(.bss.errorStatus) for errorStatus
    canspi.o(.ARM.exidx.text.CANSPI_isRxErrorPassive) refers to canspi.o(.text.CANSPI_isRxErrorPassive) for [Anonymous Symbol]
    canspi.o(.text.CANSPI_isTxErrorPassive) refers to mcp2515.o(.text.MCP2515_ReadByte) for MCP2515_ReadByte
    canspi.o(.text.CANSPI_isTxErrorPassive) refers to canspi.o(.bss.errorStatus) for errorStatus
    canspi.o(.ARM.exidx.text.CANSPI_isTxErrorPassive) refers to canspi.o(.text.CANSPI_isTxErrorPassive) for [Anonymous Symbol]
    mcp2515.o(.text.MCP2515_Initialize) refers to stm32l0xx_hal_gpio.o(.text.HAL_GPIO_WritePin) for HAL_GPIO_WritePin
    mcp2515.o(.text.MCP2515_Initialize) refers to stm32l0xx_hal_spi.o(.text.HAL_SPI_GetState) for HAL_SPI_GetState
    mcp2515.o(.text.MCP2515_Initialize) refers to spi.o(.bss.hspi1) for hspi1
    mcp2515.o(.ARM.exidx.text.MCP2515_Initialize) refers to mcp2515.o(.text.MCP2515_Initialize) for [Anonymous Symbol]
    mcp2515.o(.text.MCP2515_SetConfigMode) refers to stm32l0xx_hal_gpio.o(.text.HAL_GPIO_WritePin) for HAL_GPIO_WritePin
    mcp2515.o(.text.MCP2515_SetConfigMode) refers to stm32l0xx_hal_spi.o(.text.HAL_SPI_Transmit) for HAL_SPI_Transmit
    mcp2515.o(.text.MCP2515_SetConfigMode) refers to stm32l0xx_hal_spi.o(.text.HAL_SPI_Receive) for HAL_SPI_Receive
    mcp2515.o(.text.MCP2515_SetConfigMode) refers to spi.o(.bss.hspi1) for hspi1
    mcp2515.o(.ARM.exidx.text.MCP2515_SetConfigMode) refers to mcp2515.o(.text.MCP2515_SetConfigMode) for [Anonymous Symbol]
    mcp2515.o(.text.MCP2515_WriteByte) refers to stm32l0xx_hal_gpio.o(.text.HAL_GPIO_WritePin) for HAL_GPIO_WritePin
    mcp2515.o(.text.MCP2515_WriteByte) refers to stm32l0xx_hal_spi.o(.text.HAL_SPI_Transmit) for HAL_SPI_Transmit
    mcp2515.o(.text.MCP2515_WriteByte) refers to spi.o(.bss.hspi1) for hspi1
    mcp2515.o(.ARM.exidx.text.MCP2515_WriteByte) refers to mcp2515.o(.text.MCP2515_WriteByte) for [Anonymous Symbol]
    mcp2515.o(.text.MCP2515_ReadByte) refers to stm32l0xx_hal_gpio.o(.text.HAL_GPIO_WritePin) for HAL_GPIO_WritePin
    mcp2515.o(.text.MCP2515_ReadByte) refers to stm32l0xx_hal_spi.o(.text.HAL_SPI_Transmit) for HAL_SPI_Transmit
[...]
    ../clib/signal.c                         0x00000000   Number         0  defsig_fpe_outer.o ABSOLUTE
    ../clib/signal.c                         0x00000000   Number         0  defsig_fpe_formal.o ABSOLUTE
    ../clib/signal.c                         0x00000000   Number         0  defsig_exit.o ABSOLUTE
    ../clib/signal.c                         0x00000000   Number         0  defsig_fpe_inner.o ABSOLUTE
    ../clib/signal.c                         0x00000000   Number         0  __raise.o ABSOLUTE
    ../clib/signal.c                         0x00000000   Number         0  defsig_general.o ABSOLUTE
    ../clib/signal.c                         0x00000000   Number         0  defsig_abrt_inner.o ABSOLUTE
    ../clib/signal.c                         0x00000000   Number         0  defsig_rtred_inner.o ABSOLUTE
    ../clib/signal.c                         0x00000000   Number         0  defsig_rtmem_inner.o ABSOLUTE
    ../clib/signal.c                         0x00000000   Number         0  defsig_rtmem_outer.o ABSOLUTE
    ../clib/signal.c                         0x00000000   Number         0  defsig_rtmem_formal.o ABSOLUTE
    ../clib/signal.c                         0x00000000   Number         0  defsig_stak_inner.o ABSOLUTE
    ../clib/signal.c                         0x00000000   Number         0  defsig_pvfn_inner.o ABSOLUTE
    ../clib/signal.c                         0x00000000   Number         0  defsig_cppl_inner.o ABSOLUTE
    ../clib/signal.c                         0x00000000   Number         0  defsig_segv_inner.o ABSOLUTE
    ../clib/signal.c                         0x00000000   Number         0  defsig_other.o ABSOLUTE
    ../clib/signal.s                         0x00000000   Number         0  defsig.o ABSOLUTE
    ../clib/stdlib.c                         0x00000000   Number         0  exit.o ABSOLUTE
    ../fplib/cfplib/cmp.c                    0x00000000   Number         0  fcmp.o ABSOLUTE
    ../fplib/cfplib/cmpret.c                 0x00000000   Number         0  cmpret.o ABSOLUTE
    ../fplib/cfplib/fcmpin.c                 0x00000000   Number         0  fcmpin.o ABSOLUTE
    ../fplib/cfplib/fdiv.c                   0x00000000   Number         0  fdiv.o ABSOLUTE
    ../fplib/cfplib/fflt.c                   0x00000000   Number         0  fflti.o ABSOLUTE
    ../fplib/cfplib/fpinit.c                 0x00000000   Number         0  fpinit.o ABSOLUTE
    ../fplib/cfplib/nan2.c                   0x00000000   Number         0  fnan2.o ABSOLUTE
    ../fplib/cfplib/retnan.c                 0x00000000   Number         0  retnan.o ABSOLUTE
    ../fplib/feqf6m.s                        0x00000000   Number         0  feqf.o ABSOLUTE
    ../fplib/fgeqf6m.s                       0x00000000   Number         0  fgef.o ABSOLUTE
    ../fplib/fleqf6m.s                       0x00000000   Number         0  flef.o ABSOLUTE
    ../fplib/fmul6m.s                        0x00000000   Number         0  fmul.o ABSOLUTE
    ../fplib/usenofp.s                       0x00000000   Number         0  usenofp.o ABSOLUTE
    CANSPI.c                                 0x00000000   Number         0  canspi.o ABSOLUTE
    MCP2515.c                                0x00000000   Number         0  mcp2515.o ABSOLUTE
    adc.c                                    0x00000000   Number         0  adc.o ABSOLUTE
    dc.s                                     0x00000000   Number         0  dc.o ABSOLUTE
    gpio.c                                   0x00000000   Number         0  gpio.o ABSOLUTE
    main.c                                   0x00000000   Number         0  main.o ABSOLUTE
    spi.c                                    0x00000000   Number         0  spi.o ABSOLUTE
    startup_stm32l073xx.s                    0x00000000   Number         0  startup_stm32l073xx.o ABSOLUTE
    stm32l0xx_hal.c                          0x00000000   Number         0  stm32l0xx_hal.o ABSOLUTE
    stm32l0xx_hal_adc.c                      0x00000000   Number         0  stm32l0xx_hal_adc.o ABSOLUTE
    stm32l0xx_hal_adc_ex.c                   0x00000000   Number         0  stm32l0xx_hal_adc_ex.o ABSOLUTE
    stm32l0xx_hal_cortex.c                   0x00000000   Number         0  stm32l0xx_hal_cortex.o ABSOLUTE
    stm32l0xx_hal_dma.c                      0x00000000   Number         0  stm32l0xx_hal_dma.o ABSOLUTE
    stm32l0xx_hal_exti.c                     0x00000000   Number         0  stm32l0xx_hal_exti.o ABSOLUTE
    stm32l0xx_hal_flash.c                    0x00000000   Number         0  stm32l0xx_hal_flash.o ABSOLUTE
    stm32l0xx_hal_flash_ex.c                 0x00000000   Number         0  stm32l0xx_hal_flash_ex.o ABSOLUTE
    stm32l0xx_hal_flash_ramfunc.c            0x00000000   Number         0  stm32l0xx_hal_flash_ramfunc.o ABSOLUTE
    stm32l0xx_hal_gpio.c                     0x00000000   Number         0  stm32l0xx_hal_gpio.o ABSOLUTE
    stm32l0xx_hal_i2c.c                      0x00000000   Number         0  stm32l0xx_hal_i2c.o ABSOLUTE
    stm32l0xx_hal_i2c_ex.c                   0x00000000   Number         0  stm32l0xx_hal_i2c_ex.o ABSOLUTE
    stm32l0xx_hal_msp.c                      0x00000000   Number         0  stm32l0xx_hal_msp.o ABSOLUTE
    stm32l0xx_hal_pwr.c                      0x00000000   Number         0  stm32l0xx_hal_pwr.o ABSOLUTE
    stm32l0xx_hal_pwr_ex.c                   0x00000000   Number         0  stm32l0xx_hal_pwr_ex.o ABSOLUTE
    stm32l0xx_hal_rcc.c                      0x00000000   Number         0  stm32l0xx_hal_rcc.o ABSOLUTE
    stm32l0xx_hal_rcc_ex.c                   0x00000000   Number         0  stm32l0xx_hal_rcc_ex.o ABSOLUTE
    stm32l0xx_hal_spi.c                      0x00000000   Number         0  stm32l0xx_hal_spi.o ABSOLUTE
    stm32l0xx_hal_tim.c                      0x00000000   Number         0  stm32l0xx_hal_tim.o ABSOLUTE
    stm32l0xx_hal_tim_ex.c                   0x00000000   Number         0  stm32l0xx_hal_tim_ex.o ABSOLUTE
    stm32l0xx_hal_usart.c                    0x00000000   Number         0  stm32l0xx_hal_usart.o ABSOLUTE
    stm32l0xx_it.c                           0x00000000   Number         0  stm32l0xx_it.o ABSOLUTE
    system_stm32l0xx.c                       0x00000000   Number         0  system_stm32l0xx.o ABSOLUTE
    tim.c                                    0x00000000   Number         0  tim.o ABSOLUTE
    usart.c                                  0x00000000   Number         0  usart.o ABSOLUTE
    RESET                                    0x08000000   Section      192  startup_stm32l073xx.o(RESET)
    !!!main                                  0x080000c0   Section        8  __main.o(!!!main)
    !!!scatter                               0x080000c8   Section       84  __scatter.o(!!!scatter)
    !!handler_copy                           0x0800011c   Section       26  __scatter_copy.o(!!handler_copy)
    !!handler_null                           0x08000138   Section        2  __scatter.o(!!handler_null)
    !!handler_zi                             0x0800013c   Section       28  __scatter_zi.o(!!handler_zi)
    .ARM.Collect$$libinit$$00000000          0x08000158   Section        2  libinit.o(.ARM.Collect$$libinit$$00000000)
    .ARM.Collect$$libinit$$00000002          0x0800015a   Section        0  libinit2.o(.ARM.Collect$$libinit$$00000002)
    .ARM.Collect$$libinit$$00000004          0x0800015a   Section        0  libinit2.o(.ARM.Collect$$libinit$$00000004)
    .ARM.Collect$$libinit$$00000006          0x0800015a   Section        0  libinit2.o(.ARM.Collect$$libinit$$00000006)
    .ARM.Collect$$libinit$$0000000C          0x0800015a   Section        0  libinit2.o(.ARM.Collect$$libinit$$0000000C)
    .ARM.Collect$$libinit$$0000000E          0x0800015a   Section        0  libinit2.o(.ARM.Collect$$libinit$$0000000E)
    .ARM.Collect$$libinit$$00000010          0x0800015a   Section        0  libinit2.o(.ARM.Collect$$libinit$$00000010)
    .ARM.Collect$$libinit$$00000013          0x0800015a   Section        0  libinit2.o(.ARM.Collect$$libinit$$00000013)
    .ARM.Collect$$libinit$$00000015          0x0800015a   Section        0  libinit2.o(.ARM.Collect$$libinit$$00000015)
    .ARM.Collect$$libinit$$00000017          0x0800015a   Section        0  libinit2.o(.ARM.Collect$$libinit$$00000017)
    .ARM.Collect$$libinit$$00000019          0x0800015a   Section        0  libinit2.o(.ARM.Collect$$libinit$$00000019)
    .ARM.Collect$$libinit$$0000001B          0x0800015a   Section        0  libinit2.o(.ARM.Collect$$libinit$$0000001B)
    .ARM.Collect$$libinit$$0000001D          0x0800015a   Section        0  libinit2.o(.ARM.Collect$$libinit$$0000001D)
    .ARM.Collect$$libinit$$0000001F          0x0800015a   Section        0  libinit2.o(.ARM.Collect$$libinit$$0000001F)
    .ARM.Collect$$libinit$$00000021          0x0800015a   Section        0  libinit2.o(.ARM.Collect$$libinit$$00000021)
    .ARM.Collect$$libinit$$00000023          0x0800015a   Section        0  libinit2.o(.ARM.Collect$$libinit$$00000023)
    .ARM.Collect$$libinit$$00000025          0x0800015a   Section        0  libinit2.o(.ARM.Collect$$libinit$$00000025)
    .ARM.Collect$$libinit$$00000027          0x0800015a   Section        0  libinit2.o(.ARM.Collect$$libinit$$00000027)
    .ARM.Collect$$libinit$$0000002E          0x0800015a   Section        0  libinit2.o(.ARM.Collect$$libinit$$0000002E)
    .ARM.Collect$$libinit$$00000030          0x0800015a   Section        0  libinit2.o(.ARM.Collect$$libinit$$00000030)
    .ARM.Collect$$libinit$$00000032          0x0800015a   Section        0  libinit2.o(.ARM.Collect$$libinit$$00000032)
    .ARM.Collect$$libinit$$00000034          0x0800015a   Section        0  libinit2.o(.ARM.Collect$$libinit$$00000034)
    .ARM.Collect$$libinit$$00000035          0x0800015a   Section        2  libinit2.o(.ARM.Collect$$libinit$$00000035)
    .ARM.Collect$$libshutdown$$00000000      0x0800015c   Section        2  libshutdown.o(.ARM.Collect$$libshutdown$$00000000)
    .ARM.Collect$$libshutdown$$00000002      0x0800015e   Section        0  libshutdown2.o(.ARM.Collect$$libshutdown$$00000002)
    .ARM.Collect$$libshutdown$$00000004      0x0800015e   Section        0  libshutdown2.o(.ARM.Collect$$libshutdown$$00000004)
    .ARM.Collect$$libshutdown$$00000007      0x0800015e   Section        0  libshutdown2.o(.ARM.Collect$$libshutdown$$00000007)
    .ARM.Collect$$libshutdown$$0000000A      0x0800015e   Section        0  libshutdown2.o(.ARM.Collect$$libshutdown$$0000000A)
    .ARM.Collect$$libshutdown$$0000000C      0x0800015e   Section        0  libshutdown2.o(.ARM.Collect$$libshutdown$$0000000C)
    .ARM.Collect$$libshutdown$$0000000F      0x0800015e   Section        0  libshutdown2.o(.ARM.Collect$$libshutdown$$0000000F)
    .ARM.Collect$$libshutdown$$00000010      0x0800015e   Section        2  libshutdown2.o(.ARM.Collect$$libshutdown$$00000010)
    .ARM.Collect$$rtentry$$00000000          0x08000160   Section        0  __rtentry.o(.ARM.Collect$$rtentry$$00000000)
    .ARM.Collect$$rtentry$$00000002          0x08000160   Section        0  __rtentry2.o(.ARM.Collect$$rtentry$$00000002)
    .ARM.Collect$$rtentry$$00000004          0x08000160   Section        6  __rtentry4.o(.ARM.Collect$$rtentry$$00000004)
    .ARM.Collect$$rtentry$$00000009          0x08000166   Section        0  __rtentry2.o(.ARM.Collect$$rtentry$$00000009)
    .ARM.Collect$$rtentry$$0000000A          0x08000166   Section        4  __rtentry2.o(.ARM.Collect$$rtentry$$0000000A)
    .ARM.Collect$$rtentry$$0000000C          0x0800016a   Section        0  __rtentry2.o(.ARM.Collect$$rtentry$$0000000C)
    .ARM.Collect$$rtentry$$0000000D          0x0800016a   Section        8  __rtentry2.o(.ARM.Collect$$rtentry$$0000000D)
    .ARM.Collect$$rtexit$$00000000           0x08000172   Section        2  rtexit.o(.ARM.Collect$$rtexit$$00000000)
    .ARM.Collect$$rtexit$$00000002           0x08000174   Section        0  rtexit2.o(.ARM.Collect$$rtexit$$00000002)
    .ARM.Collect$$rtexit$$00000003           0x08000174   Section        4  rtexit2.o(.ARM.Collect$$rtexit$$00000003)
    .ARM.Collect$$rtexit$$00000004           0x08000178   Section        6  rtexit2.o(.ARM.Collect$$rtexit$$00000004)
    .text                                    0x08000180   Section       56  startup_stm32l073xx.o(.text)
    .text                                    0x080001b8   Section        0  rt_memclr.o(.text)
    .text                                    0x080001f8   Section        0  heapauxi.o(.text)
    .text                                    0x08000200   Section        0  fdiv.o(.text)
    .text                                    0x08000360   Section        0  fflti.o(.text)
    .text                                    0x080003c0   Section        0  fcmpin.o(.text)
    .text                                    0x08000424   Section       62  sys_stackheap_outer.o(.text)
    .text                                    0x08000462   Section        0  exit.o(.text)
    .text                                    0x08000472   Section        0  cmpret.o(.text)
    .text                                    0x080004a0   Section        0  fnan2.o(.text)
    .text                                    0x080004b0   Section        8  libspace.o(.text)
    .text                                    0x080004b8   Section        0  retnan.o(.text)
    .text                                    0x08000518   Section        0  sys_exit.o(.text)
    .text                                    0x08000524   Section        2  use_no_semi.o(.text)
    .text                                    0x08000526   Section        0  indicate_semi.o(.text)
    ADC_Enable                               0x08000529   Thumb Code   188  stm32l0xx_hal_adc.o(.text.ADC_Enable)
    [Anonymous Symbol]                       0x08000528   Section        0  stm32l0xx_hal_adc.o(.text.ADC_Enable)
    __arm_cp.5_0                             0x080005e4   Number         4  stm32l0xx_hal_adc.o(.text.ADC_Enable)
    [Anonymous Symbol]                       0x080005e8   Section        0  canspi.o(.text.CANSPI_Initialize)
    [Anonymous Symbol]                       0x080006a8   Section        0  canspi.o(.text.CANSPI_Transmit)
    __arm_cp.2_0                             0x08000768   Number         4  canspi.o(.text.CANSPI_Transmit)
    [Anonymous Symbol]                       0x0800076c   Section        0  stm32l0xx_it.o(.text.EXTI4_15_IRQHandler)
    [Anonymous Symbol]                       0x0800077e   Section        0  main.o(.text.Error_Handler)
    [Anonymous Symbol]                       0x08000788   Section        0  stm32l0xx_hal_adc.o(.text.HAL_ADC_ConfigChannel)
    __arm_cp.22_0                            0x08000894   Number         4  stm32l0xx_hal_adc.o(.text.HAL_ADC_ConfigChannel)
    __arm_cp.22_2                            0x08000898   Number         4  stm32l0xx_hal_adc.o(.text.HAL_ADC_ConfigChannel)
    __arm_cp.22_3                            0x0800089c   Number         4  stm32l0xx_hal_adc.o(.text.HAL_ADC_ConfigChannel)
    __arm_cp.22_4                            0x080008a0   Number         4  stm32l0xx_hal_adc.o(.text.HAL_ADC_ConfigChannel)
    [Anonymous Symbol]                       0x080008a4   Section        0  stm32l0xx_hal_adc.o(.text.HAL_ADC_GetValue)
    [Anonymous Symbol]                       0x080008ac   Section        0  stm32l0xx_hal_adc.o(.text.HAL_ADC_Init)
    __arm_cp.0_0                             0x08000a5c   Number         4  stm32l0xx_hal_adc.o(.text.HAL_ADC_Init)
    __arm_cp.0_1                             0x08000a60   Number         4  stm32l0xx_hal_adc.o(.text.HAL_ADC_Init)
    __arm_cp.0_2                             0x08000a64   Number         4  stm32l0xx_hal_adc.o(.text.HAL_ADC_Init)
    __arm_cp.0_3                             0x08000a68   Number         4  stm32l0xx_hal_adc.o(.text.HAL_ADC_Init)
    [Anonymous Symbol]                       0x08000a6c   Section        0  adc.o(.text.HAL_ADC_MspInit)
    __arm_cp.1_0                             0x08000ab8   Number         4  adc.o(.text.HAL_ADC_MspInit)
    __arm_cp.1_1                             0x08000abc   Number         4  adc.o(.text.HAL_ADC_MspInit)
    [Anonymous Symbol]                       0x08000ac0   Section        0  stm32l0xx_hal_adc.o(.text.HAL_ADC_PollForConversion)
    [Anonymous Symbol]                       0x08000be8   Section        0  stm32l0xx_hal_adc.o(.text.HAL_ADC_Start)
    __arm_cp.4_0                             0x08000c48   Number         4  stm32l0xx_hal_adc.o(.text.HAL_ADC_Start)
    [Anonymous Symbol]                       0x08000c4c   Section        0  stm32l0xx_hal_adc.o(.text.HAL_ADC_Stop)
    [Anonymous Symbol]                       0x08000d14   Section        0  main.o(.text.HAL_GPIO_EXTI_Callback)
    __arm_cp.0_0                             0x08000d58   Number         4  main.o(.text.HAL_GPIO_EXTI_Callback)
    __arm_cp.0_1                             0x08000d5c   Number         4  main.o(.text.HAL_GPIO_EXTI_Callback)
    __arm_cp.0_2                             0x08000d60   Number         4  main.o(.text.HAL_GPIO_EXTI_Callback)
    [Anonymous Symbol]                       0x08000d64   Section        0  stm32l0xx_hal_gpio.o(.text.HAL_GPIO_EXTI_IRQHandler)
    __arm_cp.6_0                             0x08000d78   Number         4  stm32l0xx_hal_gpio.o(.text.HAL_GPIO_EXTI_IRQHandler)
    [Anonymous Symbol]                       0x08000d7c   Section        0  stm32l0xx_hal_gpio.o(.text.HAL_GPIO_Init)
    __arm_cp.0_0                             0x08000ef8   Number         4  stm32l0xx_hal_gpio.o(.text.HAL_GPIO_Init)
    __arm_cp.0_1                             0x08000efc   Number         4  stm32l0xx_hal_gpio.o(.text.HAL_GPIO_Init)
    __arm_cp.0_3                             0x08000f00   Number         4  stm32l0xx_hal_gpio.o(.text.HAL_GPIO_Init)
    [Anonymous Symbol]                       0x08000f04   Section        0  stm32l0xx_hal_gpio.o(.text.HAL_GPIO_ReadPin)
    [Anonymous Symbol]                       0x08000f0e   Section        0  stm32l0xx_hal_gpio.o(.text.HAL_GPIO_TogglePin)
    [Anonymous Symbol]                       0x08000f1e   Section        0  stm32l0xx_hal_gpio.o(.text.HAL_GPIO_WritePin)
    [Anonymous Symbol]                       0x08000f30   Section        0  stm32l0xx_hal.o(.text.HAL_GetTick)
    [Anonymous Symbol]                       0x08000f38   Section        0  stm32l0xx_hal.o(.text.HAL_IncTick)
    __arm_cp.5_1                             0x08000f48   Number         4  stm32l0xx_hal.o(.text.HAL_IncTick)
    [Anonymous Symbol]                       0x08000f4c   Section        0  stm32l0xx_hal.o(.text.HAL_Init)
    __arm_cp.0_0                             0x08000f70   Number         4  stm32l0xx_hal.o(.text.HAL_Init)
    [Anonymous Symbol]                       0x08000f74   Section        0  stm32l0xx_hal.o(.text.HAL_InitTick)
    __arm_cp.1_0                             0x08000fb0   Number         4  stm32l0xx_hal.o(.text.HAL_InitTick)
    __arm_cp.1_1                             0x08000fb4   Number         4  stm32l0xx_hal.o(.text.HAL_InitTick)
    [Anonymous Symbol]                       0x08000fb8   Section        0  stm32l0xx_hal_msp.o(.text.HAL_MspInit)
    __arm_cp.0_0                             0x08000fcc   Number         4  stm32l0xx_hal_msp.o(.text.HAL_MspInit)
    [Anonymous Symbol]                       0x08000fd0   Section        0  stm32l0xx_hal_cortex.o(.text.HAL_NVIC_EnableIRQ)
    __arm_cp.1_0                             0x08000fe4   Number         4  stm32l0xx_hal_cortex.o(.text.HAL_NVIC_EnableIRQ)
    [Anonymous Symbol]                       0x08000fe8   Section        0  stm32l0xx_hal_cortex.o(.text.HAL_NVIC_SetPriority)
    __arm_cp.0_0                             0x08001018   Number         4  stm32l0xx_hal_cortex.o(.text.HAL_NVIC_SetPriority)
    __arm_cp.0_1                             0x0800101c   Number         4  stm32l0xx_hal_cortex.o(.text.HAL_NVIC_SetPriority)
    [Anonymous Symbol]                       0x08001020   Section        0  stm32l0xx_hal_rcc_ex.o(.text.HAL_RCCEx_PeriphCLKConfig)
    __arm_cp.0_0                             0x08001250   Number         4  stm32l0xx_hal_rcc_ex.o(.text.HAL_RCCEx_PeriphCLKConfig)
    __arm_cp.0_1                             0x08001254   Number         4  stm32l0xx_hal_rcc_ex.o(.text.HAL_RCCEx_PeriphCLKConfig)
    [Anonymous Symbol]                       0x08001258   Section        0  stm32l0xx_hal_rcc.o(.text.HAL_RCC_ClockConfig)
    __arm_cp.3_0                             0x08001450   Number         4  stm32l0xx_hal_rcc.o(.text.HAL_RCC_ClockConfig)
    __arm_cp.3_1                             0x08001454   Number         4  stm32l0xx_hal_rcc.o(.text.HAL_RCC_ClockConfig)
    __arm_cp.3_7                             0x08001458   Number         4  stm32l0xx_hal_rcc.o(.text.HAL_RCC_ClockConfig)
    __arm_cp.3_9                             0x0800145c   Number         4  stm32l0xx_hal_rcc.o(.text.HAL_RCC_ClockConfig)
    [Anonymous Symbol]                       0x08001460   Section        0  stm32l0xx_hal_rcc.o(.text.HAL_RCC_GetPCLK1Freq)
    [Anonymous Symbol]                       0x08001474   Section        0  stm32l0xx_hal_rcc.o(.text.HAL_RCC_GetPCLK2Freq)
    __arm_cp.8_0                             0x08001488   Number         4  stm32l0xx_hal_rcc.o(.text.HAL_RCC_GetPCLK2Freq)
    __arm_cp.8_1                             0x0800148c   Number         4  stm32l0xx_hal_rcc.o(.text.HAL_RCC_GetPCLK2Freq)
    __arm_cp.8_2                             0x08001490   Number         4  stm32l0xx_hal_rcc.o(.text.HAL_RCC_GetPCLK2Freq)
    [Anonymous Symbol]                       0x08001494   Section        0  stm32l0xx_hal_rcc.o(.text.HAL_RCC_GetSysClockFreq)
    __arm_cp.2_1                             0x080014fc   Number         4  stm32l0xx_hal_rcc.o(.text.HAL_RCC_GetSysClockFreq)
    __arm_cp.2_2                             0x08001500   Number         4  stm32l0xx_hal_rcc.o(.text.HAL_RCC_GetSysClockFreq)
    __arm_cp.2_3                             0x08001504   Number         4  stm32l0xx_hal_rcc.o(.text.HAL_RCC_GetSysClockFreq)
    __arm_cp.2_4                             0x08001508   Number         4  stm32l0xx_hal_rcc.o(.text.HAL_RCC_GetSysClockFreq)
    [Anonymous Symbol]                       0x0800150c   Section        0  stm32l0xx_hal_rcc.o(.text.HAL_RCC_OscConfig)
    __arm_cp.1_13                            0x080016ac   Number         4  stm32l0xx_hal_rcc.o(.text.HAL_RCC_OscConfig)
    __arm_cp.1_1                             0x08001a70   Number         4  stm32l0xx_hal_rcc.o(.text.HAL_RCC_OscConfig)
    __arm_cp.1_2                             0x08001a74   Number         4  stm32l0xx_hal_rcc.o(.text.HAL_RCC_OscConfig)
    __arm_cp.1_3                             0x08001a78   Number         4  stm32l0xx_hal_rcc.o(.text.HAL_RCC_OscConfig)
    __arm_cp.1_4                             0x08001a7c   Number         4  stm32l0xx_hal_rcc.o(.text.HAL_RCC_OscConfig)
    __arm_cp.1_5                             0x08001a80   Number         4  stm32l0xx_hal_rcc.o(.text.HAL_RCC_OscConfig)
    __arm_cp.1_6                             0x08001a84   Number         4  stm32l0xx_hal_rcc.o(.text.HAL_RCC_OscConfig)
    __arm_cp.1_7                             0x08001a88   Number         4  stm32l0xx_hal_rcc.o(.text.HAL_RCC_OscConfig)
    __arm_cp.1_8                             0x08001a8c   Number         4  stm32l0xx_hal_rcc.o(.text.HAL_RCC_OscConfig)
    __arm_cp.1_9                             0x08001a90   Number         4  stm32l0xx_hal_rcc.o(.text.HAL_RCC_OscConfig)
    __arm_cp.1_10                            0x08001a94   Number         4  stm32l0xx_hal_rcc.o(.text.HAL_RCC_OscConfig)
    __arm_cp.1_11                            0x08001a98   Number         4  stm32l0xx_hal_rcc.o(.text.HAL_RCC_OscConfig)
    [Anonymous Symbol]                       0x08001a9c   Section        0  stm32l0xx_hal_spi.o(.text.HAL_SPI_GetState)
    [Anonymous Symbol]                       0x08001aa2   Section        0  stm32l0xx_hal_spi.o(.text.HAL_SPI_Init)
    [Anonymous Symbol]                       0x08001b64   Section        0  spi.o(.text.HAL_SPI_MspInit)
    __arm_cp.1_0                             0x08001bdc   Number         4  spi.o(.text.HAL_SPI_MspInit)
    __arm_cp.1_1                             0x08001be0   Number         4  spi.o(.text.HAL_SPI_MspInit)
    __arm_cp.1_2                             0x08001be4   Number         4  spi.o(.text.HAL_SPI_MspInit)
    [Anonymous Symbol]                       0x08001be8   Section        0  stm32l0xx_hal_spi.o(.text.HAL_SPI_Receive)
    [Anonymous Symbol]                       0x08001de4   Section        0  stm32l0xx_hal_spi.o(.text.HAL_SPI_Transmit)
    [Anonymous Symbol]                       0x0800205c   Section        0  stm32l0xx_hal_spi.o(.text.HAL_SPI_TransmitReceive)
    __arm_cp.6_0                             0x080023a0   Number         4  stm32l0xx_hal_spi.o(.text.HAL_SPI_TransmitReceive)
    __arm_cp.6_1                             0x080023a4   Number         4  stm32l0xx_hal_spi.o(.text.HAL_SPI_TransmitReceive)
    [Anonymous Symbol]                       0x080023a8   Section        0  stm32l0xx_hal_cortex.o(.text.HAL_SYSTICK_Config)
    __arm_cp.4_0                             0x080023d0   Number         4  stm32l0xx_hal_cortex.o(.text.HAL_SYSTICK_Config)
    __arm_cp.4_1                             0x080023d4   Number         4  stm32l0xx_hal_cortex.o(.text.HAL_SYSTICK_Config)
    __arm_cp.4_2                             0x080023d8   Number         4  stm32l0xx_hal_cortex.o(.text.HAL_SYSTICK_Config)
    [Anonymous Symbol]                       0x080023dc   Section        0  stm32l0xx_hal_tim_ex.o(.text.HAL_TIMEx_MasterConfigSynchronization)
    [Anonymous Symbol]                       0x08002438   Section        0  stm32l0xx_hal_tim.o(.text.HAL_TIM_Base_Init)
    [Anonymous Symbol]                       0x080024ec   Section        0  tim.o(.text.HAL_TIM_Base_MspInit)
    __arm_cp.2_1                             0x0800256c   Number         4  tim.o(.text.HAL_TIM_Base_MspInit)
    __arm_cp.2_2                             0x08002570   Number         4  tim.o(.text.HAL_TIM_Base_MspInit)
    [Anonymous Symbol]                       0x08002574   Section        0  stm32l0xx_hal_tim.o(.text.HAL_TIM_Base_Start_IT)
    __arm_cp.6_0                             0x080025c8   Number         4  stm32l0xx_hal_tim.o(.text.HAL_TIM_Base_Start_IT)
    __arm_cp.6_1                             0x080025cc   Number         4  stm32l0xx_hal_tim.o(.text.HAL_TIM_Base_Start_IT)
    __arm_cp.6_2                             0x080025d0   Number         4  stm32l0xx_hal_tim.o(.text.HAL_TIM_Base_Start_IT)
    __arm_cp.6_3                             0x080025d4   Number         4  stm32l0xx_hal_tim.o(.text.HAL_TIM_Base_Start_IT)
    [Anonymous Symbol]                       0x080025d8   Section        0  stm32l0xx_hal_tim.o(.text.HAL_TIM_ConfigClockSource)
    __arm_cp.85_0                            0x08002730   Number         4  stm32l0xx_hal_tim.o(.text.HAL_TIM_ConfigClockSource)
    [Anonymous Symbol]                       0x08002734   Section        0  main.o(.text.HAL_TIM_IC_CaptureCallback)
    __arm_cp.9_0                             0x08002804   Number         4  main.o(.text.HAL_TIM_IC_CaptureCallback)
    __arm_cp.9_1                             0x08002808   Number         4  main.o(.text.HAL_TIM_IC_CaptureCallback)
    __arm_cp.9_2                             0x0800280c   Number         4  main.o(.text.HAL_TIM_IC_CaptureCallback)
    [Anonymous Symbol]                       0x08002810   Section        0  stm32l0xx_hal_tim.o(.text.HAL_TIM_IC_ConfigChannel)
    __arm_cp.72_0                            0x08002990   Number         4  stm32l0xx_hal_tim.o(.text.HAL_TIM_IC_ConfigChannel)
    __arm_cp.72_2                            0x08002994   Number         4  stm32l0xx_hal_tim.o(.text.HAL_TIM_IC_ConfigChannel)
    __arm_cp.72_3                            0x08002998   Number         4  stm32l0xx_hal_tim.o(.text.HAL_TIM_IC_ConfigChannel)
    [Anonymous Symbol]                       0x0800299c   Section        0  stm32l0xx_hal_tim.o(.text.HAL_TIM_IC_Init)
    [Anonymous Symbol]                       0x08002a50   Section        0  stm32l0xx_hal_tim.o(.text.HAL_TIM_IC_MspInit)
    [Anonymous Symbol]                       0x08002a54   Section        0  stm32l0xx_hal_tim.o(.text.HAL_TIM_IC_Start_IT)
    __arm_cp.41_0                            0x08002b08   Number         4  stm32l0xx_hal_tim.o(.text.HAL_TIM_IC_Start_IT)
    __arm_cp.41_1                            0x08002b0c   Number         4  stm32l0xx_hal_tim.o(.text.HAL_TIM_IC_Start_IT)
    __arm_cp.41_2                            0x08002b10   Number         4  stm32l0xx_hal_tim.o(.text.HAL_TIM_IC_Start_IT)
    __arm_cp.41_3                            0x08002b14   Number         4  stm32l0xx_hal_tim.o(.text.HAL_TIM_IC_Start_IT)
    __arm_cp.41_4                            0x08002b18   Number         4  stm32l0xx_hal_tim.o(.text.HAL_TIM_IC_Start_IT)
    [Anonymous Symbol]                       0x08002b1c   Section        0  stm32l0xx_hal_tim.o(.text.HAL_TIM_IRQHandler)
    [Anonymous Symbol]                       0x08002c8e   Section        0  stm32l0xx_hal_tim.o(.text.HAL_TIM_OC_DelayElapsedCallback)
    [Anonymous Symbol]                       0x08002c90   Section        0  stm32l0xx_hal_tim.o(.text.HAL_TIM_PWM_PulseFinishedCallback)
    [Anonymous Symbol]                       0x08002c94   Section        0  main.o(.text.HAL_TIM_PeriodElapsedCallback)
    __arm_cp.8_0                             0x08002ca8   Number         4  main.o(.text.HAL_TIM_PeriodElapsedCallback)
    __arm_cp.8_1                             0x08002cac   Number         4  main.o(.text.HAL_TIM_PeriodElapsedCallback)
    [Anonymous Symbol]                       0x08002cb0   Section        0  stm32l0xx_hal_tim.o(.text.HAL_TIM_ReadCapturedValue)
    [Anonymous Symbol]                       0x08002cc6   Section        0  stm32l0xx_hal_tim.o(.text.HAL_TIM_TriggerCallback)
    [Anonymous Symbol]                       0x08002cc8   Section        0  stm32l0xx_hal_usart.o(.text.HAL_USART_Init)
    __arm_cp.0_0                             0x08002e7c   Number         4  stm32l0xx_hal_usart.o(.text.HAL_USART_Init)
    __arm_cp.0_1                             0x08002e80   Number         4  stm32l0xx_hal_usart.o(.text.HAL_USART_Init)
    __arm_cp.0_2                             0x08002e84   Number         4  stm32l0xx_hal_usart.o(.text.HAL_USART_Init)
    __arm_cp.0_3                             0x08002e88   Number         4  stm32l0xx_hal_usart.o(.text.HAL_USART_Init)
    __arm_cp.0_5                             0x08002e8c   Number         4  stm32l0xx_hal_usart.o(.text.HAL_USART_Init)
    __arm_cp.0_6                             0x08002e90   Number         4  stm32l0xx_hal_usart.o(.text.HAL_USART_Init)
    __arm_cp.0_7                             0x08002e94   Number         4  stm32l0xx_hal_usart.o(.text.HAL_USART_Init)
    __arm_cp.0_8                             0x08002e98   Number         4  stm32l0xx_hal_usart.o(.text.HAL_USART_Init)
    __arm_cp.0_9                             0x08002e9c   Number         4  stm32l0xx_hal_usart.o(.text.HAL_USART_Init)
    [Anonymous Symbol]                       0x08002ea0   Section        0  usart.o(.text.HAL_USART_MspInit)
    __arm_cp.1_0                             0x08002ef8   Number         4  usart.o(.text.HAL_USART_MspInit)
    __arm_cp.1_1                             0x08002efc   Number         4  usart.o(.text.HAL_USART_MspInit)
    [Anonymous Symbol]                       0x08002f00   Section        0  stm32l0xx_it.o(.text.HardFault_Handler)
    [Anonymous Symbol]                       0x08002f04   Section        0  mcp2515.o(.text.MCP2515_Initialize)
    [Anonymous Symbol]                       0x08002f7c   Section        0  mcp2515.o(.text.MCP2515_LoadTxSequence)
    [Anonymous Symbol]                       0x08002fdc   Section        0  mcp2515.o(.text.MCP2515_ReadStatus)
    [Anonymous Symbol]                       0x08003020   Section        0  mcp2515.o(.text.MCP2515_RequestToSend)
    [Anonymous Symbol]                       0x08003054   Section        0  mcp2515.o(.text.MCP2515_SetConfigMode)
    [Anonymous Symbol]                       0x08003108   Section        0  mcp2515.o(.text.MCP2515_SetNormalMode)
    [Anonymous Symbol]                       0x080031bc   Section        0  mcp2515.o(.text.MCP2515_WriteByte)
    [Anonymous Symbol]                       0x08003214   Section        0  mcp2515.o(.text.MCP2515_WriteByteSequence)
    __arm_cp.8_0                             0x0800326c   Number         4  mcp2515.o(.text.MCP2515_WriteByteSequence)
    __arm_cp.8_1                             0x08003270   Number         4  mcp2515.o(.text.MCP2515_WriteByteSequence)
    [Anonymous Symbol]                       0x08003274   Section        0  adc.o(.text.MX_ADC_Init)
    __arm_cp.0_0                             0x080032d4   Number         4  adc.o(.text.MX_ADC_Init)
    __arm_cp.0_1                             0x080032d8   Number         4  adc.o(.text.MX_ADC_Init)
    [Anonymous Symbol]                       0x080032dc   Section        0  gpio.o(.text.MX_GPIO_Init)
    __arm_cp.0_0                             0x080033e4   Number         4  gpio.o(.text.MX_GPIO_Init)
    __arm_cp.0_1                             0x080033e8   Number         4  gpio.o(.text.MX_GPIO_Init)
    __arm_cp.0_2                             0x080033ec   Number         4  gpio.o(.text.MX_GPIO_Init)
    [Anonymous Symbol]                       0x080033f0   Section        0  spi.o(.text.MX_SPI1_Init)
    __arm_cp.0_0                             0x08003428   Number         4  spi.o(.text.MX_SPI1_Init)
    __arm_cp.0_1                             0x0800342c   Number         4  spi.o(.text.MX_SPI1_Init)
    [Anonymous Symbol]                       0x08003430   Section        0  tim.o(.text.MX_TIM2_Init)
    __arm_cp.0_1                             0x080034c0   Number         4  tim.o(.text.MX_TIM2_Init)
    [Anonymous Symbol]                       0x080034c4   Section        0  tim.o(.text.MX_TIM3_Init)
    __arm_cp.1_1                             0x08003520   Number         4  tim.o(.text.MX_TIM3_Init)
    __arm_cp.1_2                             0x08003524   Number         4  tim.o(.text.MX_TIM3_Init)
    __arm_cp.1_3                             0x08003528   Number         4  tim.o(.text.MX_TIM3_Init)
    [Anonymous Symbol]                       0x0800352c   Section        0  usart.o(.text.MX_USART2_Init)
    __arm_cp.0_0                             0x0800355c   Number         4  usart.o(.text.MX_USART2_Init)
    __arm_cp.0_1                             0x08003560   Number         4  usart.o(.text.MX_USART2_Init)
    [Anonymous Symbol]                       0x08003564   Section        0  stm32l0xx_it.o(.text.NMI_Handler)
    [Anonymous Symbol]                       0x08003566   Section        0  stm32l0xx_it.o(.text.PendSV_Handler)
    SPI_WaitFlagStateUntilTimeout            0x08003569   Thumb Code   272  stm32l0xx_hal_spi.o(.text.SPI_WaitFlagStateUntilTimeout)
    [Anonymous Symbol]                       0x08003568   Section        0  stm32l0xx_hal_spi.o(.text.SPI_WaitFlagStateUntilTimeout)
    __arm_cp.52_0                            0x08003678   Number         4  stm32l0xx_hal_spi.o(.text.SPI_WaitFlagStateUntilTimeout)
    [Anonymous Symbol]                       0x0800367c   Section        0  stm32l0xx_it.o(.text.SVC_Handler)
    [Anonymous Symbol]                       0x0800367e   Section        0  stm32l0xx_it.o(.text.SysTick_Handler)
    [Anonymous Symbol]                       0x08003686   Section        0  system_stm32l0xx.o(.text.SystemInit)
    [Anonymous Symbol]                       0x08003688   Section        0  stm32l0xx_it.o(.text.TIM2_IRQHandler)
    [Anonymous Symbol]                       0x08003694   Section        0  stm32l0xx_it.o(.text.TIM3_IRQHandler)
    __arm_cp.7_0                             0x080036a0   Number         4  stm32l0xx_it.o(.text.TIM3_IRQHandler)
    [Anonymous Symbol]                       0x080036a4   Section        0  main.o(.text.check_and_send)
    __arm_cp.5_0                             0x0800381c   Number         4  main.o(.text.check_and_send)
    __arm_cp.5_2                             0x08003820   Number         4  main.o(.text.check_and_send)
    __arm_cp.5_3                             0x08003824   Number         4  main.o(.text.check_and_send)
    __arm_cp.5_4                             0x08003828   Number         4  main.o(.text.check_and_send)
    __arm_cp.5_5                             0x0800382c   Number         4  main.o(.text.check_and_send)
    __arm_cp.5_6                             0x08003830   Number         4  main.o(.text.check_and_send)
    __arm_cp.5_7                             0x08003834   Number         4  main.o(.text.check_and_send)
    __arm_cp.5_8                             0x08003838   Number         4  main.o(.text.check_and_send)
    [Anonymous Symbol]                       0x0800383c   Section        0  main.o(.text.main)
    __arm_cp.2_0                             0x08003958   Number         4  main.o(.text.main)
    __arm_cp.2_1                             0x0800395c   Number         4  main.o(.text.main)
    __arm_cp.2_2                             0x08003960   Number         4  main.o(.text.main)
    __arm_cp.2_3                             0x08003964   Number         4  main.o(.text.main)
    __arm_cp.2_4                             0x08003968   Number         4  main.o(.text.main)
    __arm_cp.2_5                             0x0800396c   Number         4  main.o(.text.main)
    .text_divfast                            0x08003970   Section      502  aeabi_sdivfast.o(.text_divfast)
    i._fgr                                   0x08003b66   Section        0  fcmp.o(i._fgr)
    x$fpl$fgeqf                              0x08003b7c   Section       84  fgef.o(x$fpl$fgeqf)
    x$fpl$fmul                               0x08003bd0   Section      176  fmul.o(x$fpl$fmul)
    fdiv_tab                                 0x08003c80   Data          64  fdiv.o(.constdata)
    .constdata                               0x08003c80   Section       64  fdiv.o(.constdata)
    x$fpl$usenofp                            0x08003c80   Section        0  usenofp.o(x$fpl$usenofp)
    [Anonymous Symbol]                       0x08003ce4   Section        0  stm32l0xx_hal_tim.o(.rodata.cst16)
    [Anonymous Symbol]                       0x20000000   Section        0  stm32l0xx_hal.o(.data..L_MergedGlobals)
    .bss                                     0x20000010   Section       96  libspace.o(.bss)
    [Anonymous Symbol]                       0x20000070   Section        0  canspi.o(.bss..L_MergedGlobals)
    [Anonymous Symbol]                       0x20000078   Section        0  main.o(.bss..L_MergedGlobals)
    HAL_TIM_IC_CaptureCallback.Is_First_Captured 0x20000079   Data           1  main.o(.bss..L_MergedGlobals)
    check_and_send.result_accumulated        0x2000007b   Data           1  main.o(.bss..L_MergedGlobals)
    check_and_send.cnt_1s                    0x2000007c   Data           1  main.o(.bss..L_MergedGlobals)
    check_and_send.sleep_message_sent        0x2000007d   Data           1  main.o(.bss..L_MergedGlobals)
    HAL_TIM_IC_CaptureCallback.IC_Val1       0x20000080   Data           4  main.o(.bss..L_MergedGlobals)
    HAL_TIM_IC_CaptureCallback.IC_Val2       0x20000084   Data           4  main.o(.bss..L_MergedGlobals)
    HAL_TIM_IC_CaptureCallback.prevDiff      0x20000088   Data           4  main.o(.bss..L_MergedGlobals)
    HAL_TIM_IC_CaptureCallback.currDiff      0x2000008c   Data           4  main.o(.bss..L_MergedGlobals)
    dDist                                    0x20000090   Data           4  main.o(.bss..L_MergedGlobals)
    Distance                                 0x20000094   Data           4  main.o(.bss..L_MergedGlobals)
    Heap_Mem                                 0x20000228   Data         512  startup_stm32l073xx.o(HEAP)
    HEAP                                     0x20000228   Section      512  startup_stm32l073xx.o(HEAP)
    Stack_Mem                                0x20000428   Data        1024  startup_stm32l073xx.o(STACK)
    STACK                                    0x20000428   Section     1024  startup_stm32l073xx.o(STACK)
    __initial_sp                             0x20000828   Data           0  startup_stm32l073xx.o(STACK)

    Global Symbols

    Symbol Name                              Value     Ov Type        Size  Object(Section)

    BuildAttributes$$THM_ISAv3M$S$PE$A:L22$X:L11$S22$IEEE1$IW$~IW$USESV6$~STKCKD$USESV7$~SHL$OTIME$ROPI$EBA8$UX$STANDARDLIB$REQ8$PRES8$EABIv2 0x00000000   Number         0  anon$$obj.o ABSOLUTE
    __ARM_exceptions_init                     - Undefined Weak Reference
    __alloca_initialize                       - Undefined Weak Reference
    __arm_preinit_                            - Undefined Weak Reference
    __arm_relocate_pie_                       - Undefined Weak Reference
    __cpp_initialize__aeabi_                  - Undefined Weak Reference
    __cxa_finalize                            - Undefined Weak Reference
    __rt_locale                               - Undefined Weak Reference
    __sigvec_lookup                           - Undefined Weak Reference
    _atexit_init                              - Undefined Weak Reference
    _call_atexit_fns                          - Undefined Weak Reference
    _clock_init                               - Undefined Weak Reference
    _fp_trap_init                             - Undefined Weak Reference
    _fp_trap_shutdown                         - Undefined Weak Reference
    _get_lc_collate                           - Undefined Weak Reference
    _get_lc_ctype                             - Undefined Weak Reference
    _get_lc_monetary                          - Undefined Weak Reference
    _get_lc_numeric                           - Undefined Weak Reference
    _get_lc_time                              - Undefined Weak Reference
    _getenv_init                              - Undefined Weak Reference
    _handle_redirection                       - Undefined Weak Reference
    _init_alloc                               - Undefined Weak Reference
    _init_user_alloc                          - Undefined Weak Reference
    _initio                                   - Undefined Weak Reference
    _rand_init                                - Undefined Weak Reference
    _signal_finish                            - Undefined Weak Reference
    _signal_init                              - Undefined Weak Reference
    _terminate_alloc                          - Undefined Weak Reference
    _terminate_user_alloc                     - Undefined Weak Reference
    _terminateio                              - Undefined Weak Reference
    __Vectors_Size                           0x000000c0   Number         0  startup_stm32l073xx.o ABSOLUTE
    __Vectors                                0x08000000   Data           4  startup_stm32l073xx.o(RESET)
    __Vectors_End                            0x080000c0   Data           0  startup_stm32l073xx.o(RESET)
    __main                                   0x080000c1   Thumb Code     8  __main.o(!!!main)
    __scatterload                            0x080000c9   Thumb Code     0  __scatter.o(!!!scatter)
    __scatterload_rt2                        0x080000c9   Thumb Code    74  __scatter.o(!!!scatter)
    __scatterload_rt2_thumb_only             0x080000c9   Thumb Code     0  __scatter.o(!!!scatter)
    __scatterload_loop                       0x080000d3   Thumb Code     0  __scatter.o(!!!scatter)
    __scatterload_copy                       0x0800011d   Thumb Code    26  __scatter_copy.o(!!handler_copy)
    __scatterload_null                       0x08000139   Thumb Code     2  __scatter.o(!!handler_null)
    __scatterload_zeroinit                   0x0800013d   Thumb Code    28  __scatter_zi.o(!!handler_zi)
    __rt_lib_init                            0x08000159   Thumb Code     0  libinit.o(.ARM.Collect$$libinit$$00000000)
    __rt_lib_init_alloca_1                   0x0800015b   Thumb Code     0  libinit2.o(.ARM.Collect$$libinit$$00000030)
    __rt_lib_init_argv_1                     0x0800015b   Thumb Code     0  libinit2.o(.ARM.Collect$$libinit$$0000002E)
    __rt_lib_init_atexit_1                   0x0800015b   Thumb Code     0  libinit2.o(.ARM.Collect$$libinit$$0000001D)
    __rt_lib_init_clock_1                    0x0800015b   Thumb Code     0  libinit2.o(.ARM.Collect$$libinit$$00000023)
    __rt_lib_init_cpp_1                      0x0800015b   Thumb Code     0  libinit2.o(.ARM.Collect$$libinit$$00000034)
    __rt_lib_init_exceptions_1               0x0800015b   Thumb Code     0  libinit2.o(.ARM.Collect$$libinit$$00000032)
    __rt_lib_init_fp_1                       0x0800015b   Thumb Code     0  libinit2.o(.ARM.Collect$$libinit$$00000002)
    __rt_lib_init_fp_trap_1                  0x0800015b   Thumb Code     0  libinit2.o(.ARM.Collect$$libinit$$00000021)
    __rt_lib_init_getenv_1                   0x0800015b   Thumb Code     0  libinit2.o(.ARM.Collect$$libinit$$00000025)
    __rt_lib_init_heap_1                     0x0800015b   Thumb Code     0  libinit2.o(.ARM.Collect$$libinit$$0000000C)
    __rt_lib_init_lc_collate_1               0x0800015b   Thumb Code     0  libinit2.o(.ARM.Collect$$libinit$$00000013)
    __rt_lib_init_lc_ctype_1                 0x0800015b   Thumb Code     0  libinit2.o(.ARM.Collect$$libinit$$00000015)
    __rt_lib_init_lc_monetary_1              0x0800015b   Thumb Code     0  libinit2.o(.ARM.Collect$$libinit$$00000017)
    __rt_lib_init_lc_numeric_1               0x0800015b   Thumb Code     0  libinit2.o(.ARM.Collect$$libinit$$00000019)
    __rt_lib_init_lc_time_1                  0x0800015b   Thumb Code     0  libinit2.o(.ARM.Collect$$libinit$$0000001B)
    __rt_lib_init_preinit_1                  0x0800015b   Thumb Code     0  libinit2.o(.ARM.Collect$$libinit$$00000006)
    __rt_lib_init_rand_1                     0x0800015b   Thumb Code     0  libinit2.o(.ARM.Collect$$libinit$$00000010)
    __rt_lib_init_relocate_pie_1             0x0800015b   Thumb Code     0  libinit2.o(.ARM.Collect$$libinit$$00000004)
    __rt_lib_init_return                     0x0800015b   Thumb Code     0  libinit2.o(.ARM.Collect$$libinit$$00000035)
    __rt_lib_init_signal_1                   0x0800015b   Thumb Code     0  libinit2.o(.ARM.Collect$$libinit$$0000001F)
    __rt_lib_init_stdio_1                    0x0800015b   Thumb Code     0  libinit2.o(.ARM.Collect$$libinit$$00000027)
    __rt_lib_init_user_alloc_1               0x0800015b   Thumb Code     0  libinit2.o(.ARM.Collect$$libinit$$0000000E)
    __rt_lib_shutdown                        0x0800015d   Thumb Code     0  libshutdown.o(.ARM.Collect$$libshutdown$$00000000)
    __rt_lib_shutdown_cpp_1                  0x0800015f   Thumb Code     0  libshutdown2.o(.ARM.Collect$$libshutdown$$00000002)
    __rt_lib_shutdown_fp_trap_1              0x0800015f   Thumb Code     0  libshutdown2.o(.ARM.Collect$$libshutdown$$00000007)
    __rt_lib_shutdown_heap_1                 0x0800015f   Thumb Code     0  libshutdown2.o(.ARM.Collect$$libshutdown$$0000000F)
    __rt_lib_shutdown_return                 0x0800015f   Thumb Code     0  libshutdown2.o(.ARM.Collect$$libshutdown$$00000010)
    __rt_lib_shutdown_signal_1               0x0800015f   Thumb Code     0  libshutdown2.o(.ARM.Collect$$libshutdown$$0000000A)
    __rt_lib_shutdown_stdio_1                0x0800015f   Thumb Code     0  libshutdown2.o(.ARM.Collect$$libshutdown$$00000004)
    __rt_lib_shutdown_user_alloc_1           0x0800015f   Thumb Code     0  libshutdown2.o(.ARM.Collect$$libshutdown$$0000000C)
    __rt_entry                               0x08000161   Thumb Code     0  __rtentry.o(.ARM.Collect$$rtentry$$00000000)
    __rt_entry_presh_1                       0x08000161   Thumb Code     0  __rtentry2.o(.ARM.Collect$$rtentry$$00000002)
    __rt_entry_sh                            0x08000161   Thumb Code     0  __rtentry4.o(.ARM.Collect$$rtentry$$00000004)
    __rt_entry_li                            0x08000167   Thumb Code     0  __rtentry2.o(.ARM.Collect$$rtentry$$0000000A)
    __rt_entry_postsh_1                      0x08000167   Thumb Code     0  __rtentry2.o(.ARM.Collect$$rtentry$$00000009)
    __rt_entry_main                          0x0800016b   Thumb Code     0  __rtentry2.o(.ARM.Collect$$rtentry$$0000000D)
    __rt_entry_postli_1                      0x0800016b   Thumb Code     0  __rtentry2.o(.ARM.Collect$$rtentry$$0000000C)
    __rt_exit                                0x08000173   Thumb Code     0  rtexit.o(.ARM.Collect$$rtexit$$00000000)
    __rt_exit_ls                             0x08000175   Thumb Code     0  rtexit2.o(.ARM.Collect$$rtexit$$00000003)
    __rt_exit_prels_1                        0x08000175   Thumb Code     0  rtexit2.o(.ARM.Collect$$rtexit$$00000002)
    __rt_exit_exit                           0x08000179   Thumb Code     0  rtexit2.o(.ARM.Collect$$rtexit$$00000004)
    Reset_Handler                            0x08000181   Thumb Code     8  startup_stm32l073xx.o(.text)
    ADC1_COMP_IRQHandler                     0x08000193   Thumb Code     0  startup_stm32l073xx.o(.text)
    DMA1_Channel1_IRQHandler                 0x08000193   Thumb Code     0  startup_stm32l073xx.o(.text)
    DMA1_Channel2_3_IRQHandler               0x08000193   Thumb Code     0  startup_stm32l073xx.o(.text)
    DMA1_Channel4_5_6_7_IRQHandler           0x08000193   Thumb Code     0  startup_stm32l073xx.o(.text)
    EXTI0_1_IRQHandler                       0x08000193   Thumb Code     0  startup_stm32l073xx.o(.text)
    EXTI2_3_IRQHandler                       0x08000193   Thumb Code     0  startup_stm32l073xx.o(.text)
    FLASH_IRQHandler                         0x08000193   Thumb Code     0  startup_stm32l073xx.o(.text)
    I2C1_IRQHandler                          0x08000193   Thumb Code     0  startup_stm32l073xx.o(.text)
    I2C2_IRQHandler                          0x08000193   Thumb Code     0  startup_stm32l073xx.o(.text)
    I2C3_IRQHandler                          0x08000193   Thumb Code     0  startup_stm32l073xx.o(.text)
    LCD_IRQHandler                           0x08000193   Thumb Code     0  startup_stm32l073xx.o(.text)
    LPTIM1_IRQHandler                        0x08000193   Thumb Code     0  startup_stm32l073xx.o(.text)
    PVD_IRQHandler                           0x08000193   Thumb Code     0  startup_stm32l073xx.o(.text)
    RCC_CRS_IRQHandler                       0x08000193   Thumb Code     0  startup_stm32l073xx.o(.text)
    RNG_LPUART1_IRQHandler                   0x08000193   Thumb Code     0  startup_stm32l073xx.o(.text)
    RTC_IRQHandler                           0x08000193   Thumb Code     0  startup_stm32l073xx.o(.text)
    SPI1_IRQHandler                          0x08000193   Thumb Code     0  startup_stm32l073xx.o(.text)
    SPI2_IRQHandler                          0x08000193   Thumb Code     0  startup_stm32l073xx.o(.text)
    TIM21_IRQHandler                         0x08000193   Thumb Code     0  startup_stm32l073xx.o(.text)
    TIM22_IRQHandler                         0x08000193   Thumb Code     0  startup_stm32l073xx.o(.text)
    TIM6_DAC_IRQHandler                      0x08000193   Thumb Code     0  startup_stm32l073xx.o(.text)
    TIM7_IRQHandler                          0x08000193   Thumb Code     0  startup_stm32l073xx.o(.text)
    TSC_IRQHandler                           0x08000193   Thumb Code     0  startup_stm32l073xx.o(.text)
    USART1_IRQHandler                        0x08000193   Thumb Code     0  startup_stm32l073xx.o(.text)
    USART2_IRQHandler                        0x08000193   Thumb Code     0  startup_stm32l073xx.o(.text)
    USART4_5_IRQHandler                      0x08000193   Thumb Code     0  startup_stm32l073xx.o(.text)
    USB_IRQHandler                           0x08000193   Thumb Code     0  startup_stm32l073xx.o(.text)
    WWDG_IRQHandler                          0x08000193   Thumb Code     0  startup_stm32l073xx.o(.text)
    __user_initial_stackheap                 0x08000195   Thumb Code     0  startup_stm32l073xx.o(.text)
    _memset_w                                0x080001b9   Thumb Code    26  rt_memclr.o(.text)
    _memset                                  0x080001d3   Thumb Code    30  rt_memclr.o(.text)
    __aeabi_memclr                           0x080001f1   Thumb Code     4  rt_memclr.o(.text)
    __rt_memclr                              0x080001f1   Thumb Code     0  rt_memclr.o(.text)
    __aeabi_memclr4                          0x080001f5   Thumb Code     0  rt_memclr.o(.text)
    __aeabi_memclr8                          0x080001f5   Thumb Code     0  rt_memclr.o(.text)
    __rt_memclr_w                            0x080001f5   Thumb Code     4  rt_memclr.o(.text)
    __use_two_region_memory                  0x080001f9   Thumb Code     2  heapauxi.o(.text)
    __rt_heap_escrow$2region                 0x080001fb   Thumb Code     2  heapauxi.o(.text)
    __rt_heap_expand$2region                 0x080001fd   Thumb Code     2  heapauxi.o(.text)
    __aeabi_fdiv                             0x08000201   Thumb Code     0  fdiv.o(.text)
    __divsf3                                 0x08000201   Thumb Code     0  fdiv.o(.text)
    _fdiv                                    0x08000201   Thumb Code   334  fdiv.o(.text)
    _frdiv                                   0x0800034f   Thumb Code     8  fdiv.o(.text)
    __aeabi_i2f_normalise                    0x08000361   Thumb Code    72  fflti.o(.text)
    __aeabi_i2f                              0x080003a9   Thumb Code    16  fflti.o(.text)
    _fflt                                    0x080003a9   Thumb Code     0  fflti.o(.text)
    __aeabi_ui2f                             0x080003b9   Thumb Code     6  fflti.o(.text)
    _ffltu                                   0x080003b9   Thumb Code     0  fflti.o(.text)
    __fpl_fcmp_InfNaN                        0x080003c1   Thumb Code    96  fcmpin.o(.text)
    __user_setup_stackheap                   0x08000425   Thumb Code    62  sys_stackheap_outer.o(.text)
    exit                                     0x08000463   Thumb Code    16  exit.o(.text)
    __fpl_cmpreturn                          0x08000473   Thumb Code    46  cmpret.o(.text)
    __fpl_fcheck_NaN2                        0x080004a1   Thumb Code    10  fnan2.o(.text)
    __user_libspace                          0x080004b1   Thumb Code     8  libspace.o(.text)
    __user_perproc_libspace                  0x080004b1   Thumb Code     0  libspace.o(.text)
    __user_perthread_libspace                0x080004b1   Thumb Code     0  libspace.o(.text)
    __fpl_return_NaN                         0x080004b9   Thumb Code    94  retnan.o(.text)
    _sys_exit                                0x08000519   Thumb Code     8  sys_exit.o(.text)
    __I$use$semihosting                      0x08000525   Thumb Code     0  use_no_semi.o(.text)
    __use_no_semihosting_swi                 0x08000525   Thumb Code     2  use_no_semi.o(.text)
    __semihosting_library_function           0x08000527   Thumb Code     0  indicate_semi.o(.text)
    CANSPI_Initialize                        0x080005e9   Thumb Code   192  canspi.o(.text.CANSPI_Initialize)
    CANSPI_Transmit                          0x080006a9   Thumb Code   192  canspi.o(.text.CANSPI_Transmit)
    EXTI4_15_IRQHandler                      0x0800076d   Thumb Code    18  stm32l0xx_it.o(.text.EXTI4_15_IRQHandler)
    Error_Handler                            0x0800077f   Thumb Code     8  main.o(.text.Error_Handler)
    HAL_ADC_ConfigChannel                    0x08000789   Thumb Code   268  stm32l0xx_hal_adc.o(.text.HAL_ADC_ConfigChannel)
    HAL_ADC_GetValue                         0x080008a5   Thumb Code     6  stm32l0xx_hal_adc.o(.text.HAL_ADC_GetValue)
    HAL_ADC_Init                             0x080008ad   Thumb Code   432  stm32l0xx_hal_adc.o(.text.HAL_ADC_Init)
    HAL_ADC_MspInit                          0x08000a6d   Thumb Code    76  adc.o(.text.HAL_ADC_MspInit)
    HAL_ADC_PollForConversion                0x08000ac1   Thumb Code   296  stm32l0xx_hal_adc.o(.text.HAL_ADC_PollForConversion)
    HAL_ADC_Start                            0x08000be9   Thumb Code    96  stm32l0xx_hal_adc.o(.text.HAL_ADC_Start)
    HAL_ADC_Stop                             0x08000c4d   Thumb Code   198  stm32l0xx_hal_adc.o(.text.HAL_ADC_Stop)
    HAL_GPIO_EXTI_Callback                   0x08000d15   Thumb Code    68  main.o(.text.HAL_GPIO_EXTI_Callback)
    HAL_GPIO_EXTI_IRQHandler                 0x08000d65   Thumb Code    20  stm32l0xx_hal_gpio.o(.text.HAL_GPIO_EXTI_IRQHandler)
    HAL_GPIO_Init                            0x08000d7d   Thumb Code   380  stm32l0xx_hal_gpio.o(.text.HAL_GPIO_Init)
    HAL_GPIO_ReadPin                         0x08000f05   Thumb Code    10  stm32l0xx_hal_gpio.o(.text.HAL_GPIO_ReadPin)
    HAL_GPIO_TogglePin                       0x08000f0f   Thumb Code    16  stm32l0xx_hal_gpio.o(.text.HAL_GPIO_TogglePin)
    HAL_GPIO_WritePin                        0x08000f1f   Thumb Code    16  stm32l0xx_hal_gpio.o(.text.HAL_GPIO_WritePin)
    HAL_GetTick                              0x08000f31   Thumb Code     8  stm32l0xx_hal.o(.text.HAL_GetTick)
    HAL_IncTick                              0x08000f39   Thumb Code    16  stm32l0xx_hal.o(.text.HAL_IncTick)
    HAL_Init                                 0x08000f4d   Thumb Code    36  stm32l0xx_hal.o(.text.HAL_Init)
    HAL_InitTick                             0x08000f75   Thumb Code    60  stm32l0xx_hal.o(.text.HAL_InitTick)
    HAL_MspInit                              0x08000fb9   Thumb Code    20  stm32l0xx_hal_msp.o(.text.HAL_MspInit)
    HAL_NVIC_EnableIRQ                       0x08000fd1   Thumb Code    20  stm32l0xx_hal_cortex.o(.text.HAL_NVIC_EnableIRQ)
    HAL_NVIC_SetPriority                     0x08000fe9   Thumb Code    48  stm32l0xx_hal_cortex.o(.text.HAL_NVIC_SetPriority)
    HAL_RCCEx_PeriphCLKConfig                0x08001021   Thumb Code   560  stm32l0xx_hal_rcc_ex.o(.text.HAL_RCCEx_PeriphCLKConfig)
    HAL_RCC_ClockConfig                      0x08001259   Thumb Code   504  stm32l0xx_hal_rcc.o(.text.HAL_RCC_ClockConfig)
    HAL_RCC_GetPCLK1Freq                     0x08001461   Thumb Code    20  stm32l0xx_hal_rcc.o(.text.HAL_RCC_GetPCLK1Freq)
    HAL_RCC_GetPCLK2Freq                     0x08001475   Thumb Code    20  stm32l0xx_hal_rcc.o(.text.HAL_RCC_GetPCLK2Freq)
    HAL_RCC_GetSysClockFreq                  0x08001495   Thumb Code   104  stm32l0xx_hal_rcc.o(.text.HAL_RCC_GetSysClockFreq)
    HAL_RCC_OscConfig                        0x0800150d   Thumb Code  1380  stm32l0xx_hal_rcc.o(.text.HAL_RCC_OscConfig)
    HAL_SPI_GetState                         0x08001a9d   Thumb Code     6  stm32l0xx_hal_spi.o(.text.HAL_SPI_GetState)
    HAL_SPI_Init                             0x08001aa3   Thumb Code   194  stm32l0xx_hal_spi.o(.text.HAL_SPI_Init)
    HAL_SPI_MspInit                          0x08001b65   Thumb Code   120  spi.o(.text.HAL_SPI_MspInit)
    HAL_SPI_Receive                          0x08001be9   Thumb Code   506  stm32l0xx_hal_spi.o(.text.HAL_SPI_Receive)
    HAL_SPI_Transmit                         0x08001de5   Thumb Code   632  stm32l0xx_hal_spi.o(.text.HAL_SPI_Transmit)
    HAL_SPI_TransmitReceive                  0x0800205d   Thumb Code   836  stm32l0xx_hal_spi.o(.text.HAL_SPI_TransmitReceive)
    HAL_SYSTICK_Config                       0x080023a9   Thumb Code    40  stm32l0xx_hal_cortex.o(.text.HAL_SYSTICK_Config)
    HAL_TIMEx_MasterConfigSynchronization    0x080023dd   Thumb Code    92  stm32l0xx_hal_tim_ex.o(.text.HAL_TIMEx_MasterConfigSynchronization)
    HAL_TIM_Base_Init                        0x08002439   Thumb Code   180  stm32l0xx_hal_tim.o(.text.HAL_TIM_Base_Init)
    HAL_TIM_Base_MspInit                     0x080024ed   Thumb Code   128  tim.o(.text.HAL_TIM_Base_MspInit)
    HAL_TIM_Base_Start_IT                    0x08002575   Thumb Code    84  stm32l0xx_hal_tim.o(.text.HAL_TIM_Base_Start_IT)
    HAL_TIM_ConfigClockSource                0x080025d9   Thumb Code   344  stm32l0xx_hal_tim.o(.text.HAL_TIM_ConfigClockSource)
    HAL_TIM_IC_CaptureCallback               0x08002735   Thumb Code   208  main.o(.text.HAL_TIM_IC_CaptureCallback)
    HAL_TIM_IC_ConfigChannel                 0x08002811   Thumb Code   384  stm32l0xx_hal_tim.o(.text.HAL_TIM_IC_ConfigChannel)
    HAL_TIM_IC_Init                          0x0800299d   Thumb Code   180  stm32l0xx_hal_tim.o(.text.HAL_TIM_IC_Init)
    HAL_TIM_IC_MspInit                       0x08002a51   Thumb Code     2  stm32l0xx_hal_tim.o(.text.HAL_TIM_IC_MspInit)
    HAL_TIM_IC_Start_IT                      0x08002a55   Thumb Code   180  stm32l0xx_hal_tim.o(.text.HAL_TIM_IC_Start_IT)
    HAL_TIM_IRQHandler                       0x08002b1d   Thumb Code   370  stm32l0xx_hal_tim.o(.text.HAL_TIM_IRQHandler)
    HAL_TIM_OC_DelayElapsedCallback          0x08002c8f   Thumb Code     2  stm32l0xx_hal_tim.o(.text.HAL_TIM_OC_DelayElapsedCallback)
    HAL_TIM_PWM_PulseFinishedCallback        0x08002c91   Thumb Code     2  stm32l0xx_hal_tim.o(.text.HAL_TIM_PWM_PulseFinishedCallback)
    HAL_TIM_PeriodElapsedCallback            0x08002c95   Thumb Code    20  main.o(.text.HAL_TIM_PeriodElapsedCallback)
    HAL_TIM_ReadCapturedValue                0x08002cb1   Thumb Code    22  stm32l0xx_hal_tim.o(.text.HAL_TIM_ReadCapturedValue)
    HAL_TIM_TriggerCallback                  0x08002cc7   Thumb Code     2  stm32l0xx_hal_tim.o(.text.HAL_TIM_TriggerCallback)
    HAL_USART_Init                           0x08002cc9   Thumb Code   436  stm32l0xx_hal_usart.o(.text.HAL_USART_Init)
    HAL_USART_MspInit                        0x08002ea1   Thumb Code    88  usart.o(.text.HAL_USART_MspInit)
    HardFault_Handler                        0x08002f01   Thumb Code     2  stm32l0xx_it.o(.text.HardFault_Handler)
    MCP2515_Initialize                       0x08002f05   Thumb Code   120  mcp2515.o(.text.MCP2515_Initialize)
    MCP2515_LoadTxSequence                   0x08002f7d   Thumb Code    96  mcp2515.o(.text.MCP2515_LoadTxSequence)
    MCP2515_ReadStatus                       0x08002fdd   Thumb Code    68  mcp2515.o(.text.MCP2515_ReadStatus)
    MCP2515_RequestToSend                    0x08003021   Thumb Code    52  mcp2515.o(.text.MCP2515_RequestToSend)
    MCP2515_SetConfigMode                    0x08003055   Thumb Code   180  mcp2515.o(.text.MCP2515_SetConfigMode)
    MCP2515_SetNormalMode                    0x08003109   Thumb Code   180  mcp2515.o(.text.MCP2515_SetNormalMode)
    MCP2515_WriteByte                        0x080031bd   Thumb Code    88  mcp2515.o(.text.MCP2515_WriteByte)
    MCP2515_WriteByteSequence                0x08003215   Thumb Code    88  mcp2515.o(.text.MCP2515_WriteByteSequence)
    MX_ADC_Init                              0x08003275   Thumb Code    96  adc.o(.text.MX_ADC_Init)
    MX_GPIO_Init                             0x080032dd   Thumb Code   264  gpio.o(.text.MX_GPIO_Init)
    MX_SPI1_Init                             0x080033f1   Thumb Code    56  spi.o(.text.MX_SPI1_Init)
    MX_TIM2_Init                             0x08003431   Thumb Code   144  tim.o(.text.MX_TIM2_Init)
    MX_TIM3_Init                             0x080034c5   Thumb Code    92  tim.o(.text.MX_TIM3_Init)
    MX_USART2_Init                           0x0800352d   Thumb Code    48  usart.o(.text.MX_USART2_Init)
    NMI_Handler                              0x08003565   Thumb Code     2  stm32l0xx_it.o(.text.NMI_Handler)
    PendSV_Handler                           0x08003567   Thumb Code     2  stm32l0xx_it.o(.text.PendSV_Handler)
    SVC_Handler                              0x0800367d   Thumb Code     2  stm32l0xx_it.o(.text.SVC_Handler)
    SysTick_Handler                          0x0800367f   Thumb Code     8  stm32l0xx_it.o(.text.SysTick_Handler)
    SystemInit                               0x08003687   Thumb Code     2  system_stm32l0xx.o(.text.SystemInit)
    TIM2_IRQHandler                          0x08003689   Thumb Code    12  stm32l0xx_it.o(.text.TIM2_IRQHandler)
    TIM3_IRQHandler                          0x08003695   Thumb Code    12  stm32l0xx_it.o(.text.TIM3_IRQHandler)
    check_and_send                           0x080036a5   Thumb Code   376  main.o(.text.check_and_send)
    main                                     0x0800383d   Thumb Code   284  main.o(.text.main)
    __aeabi_uidiv                            0x08003971   Thumb Code    68  aeabi_sdivfast.o(.text_divfast)
    __aeabi_idiv                             0x080039b5   Thumb Code   434  aeabi_sdivfast.o(.text_divfast)
    __aeabi_fcmpgt                           0x08003b67   Thumb Code     0  fcmp.o(i._fgr)
    _fgr                                     0x08003b67   Thumb Code    22  fcmp.o(i._fgr)
    _fcmpge                                  0x08003b7d   Thumb Code    78  fgef.o(x$fpl$fgeqf)
    __aeabi_fmul                             0x08003bd1   Thumb Code     0  fmul.o(x$fpl$fmul)
    _fmul                                    0x08003bd1   Thumb Code   172  fmul.o(x$fpl$fmul)
    __I$use$fp                               0x08003c80   Number         0  usenofp.o(x$fpl$usenofp)
    AHBPrescTable                            0x08003cc0   Data          16  system_stm32l0xx.o(.rodata.AHBPrescTable)
    APBPrescTable                            0x08003cd0   Data           8  system_stm32l0xx.o(.rodata.APBPrescTable)
    PLLMulTable                              0x08003cd8   Data           9  system_stm32l0xx.o(.rodata.PLLMulTable)
    Region$$Table$$Base                      0x08003d14   Number         0  anon$$obj.o(Region$$Table)
    Region$$Table$$Limit                     0x08003d34   Number         0  anon$$obj.o(Region$$Table)
    uwTickFreq                               0x20000000   Data           1  stm32l0xx_hal.o(.data..L_MergedGlobals)
    uwTickPrio                               0x20000004   Data           4  stm32l0xx_hal.o(.data..L_MergedGlobals)
    SystemCoreClock                          0x20000008   Data           4  system_stm32l0xx.o(.data.SystemCoreClock)
    driving_mode                             0x2000000c   Data           1  main.o(.data.driving_mode)
    __libspace_start                         0x20000010   Data          96  libspace.o(.bss)
    __temporary_stack_top$libspace           0x20000070   Data           0  libspace.o(.bss)
    idReg                                    0x20000070   Data           4  canspi.o(.bss..L_MergedGlobals)
    ctrlStatus                               0x20000074   Data           4  canspi.o(.bss..L_MergedGlobals)
    DistanceReady                            0x20000078   Data           1  main.o(.bss..L_MergedGlobals)
    pir                                      0x2000007a   Data           1  main.o(.bss..L_MergedGlobals)
    no_activity_counter                      0x2000007e   Data           2  main.o(.bss..L_MergedGlobals)
    Vout                                     0x20000098   Data           4  main.o(.bss..L_MergedGlobals)
    hadc                                     0x2000009c   Data          92  adc.o(.bss.hadc)
    hspi1                                    0x200000f8   Data          88  spi.o(.bss.hspi1)
    htim2                                    0x20000150   Data          64  tim.o(.bss.htim2)
    htim3                                    0x20000190   Data          64  tim.o(.bss.htim3)
    husart2                                  0x200001d0   Data          80  usart.o(.bss.husart2)
    tim3_flag                                0x20000220   Data           1  main.o(.bss.tim3_flag)
    uwTick                                   0x20000224   Data           4  stm32l0xx_hal.o(.bss.uwTick)



==============================================================================

Memory Map of the image

  Image Entry point : 0x080000c1

  Load Region LR_IROM1 (Base: 0x08000000, Size: 0x00003d48, Max: 0x00030000, ABSOLUTE)

    Execution Region ER_IROM1 (Exec base: 0x08000000, Load base: 0x08000000, Size: 0x00003d34, Max: 0x00030000, ABSOLUTE)

    Exec Addr    Load Addr    Size         Type   Attr      Idx    E Section Name        Object

    0x08000000   0x08000000   0x000000c0   Data   RO          213    RESET               startup_stm32l073xx.o
    0x080000c0   0x080000c0   0x00000008   Code   RO         1376  * !!!main             c_p.l(__main.o)
    0x080000c8   0x080000c8   0x00000054   Code   RO         1599    !!!scatter          c_p.l(__scatter.o)
    0x0800011c   0x0800011c   0x0000001a   Code   RO         1603    !!handler_copy      c_p.l(__scatter_copy.o)
    0x08000136   0x08000136   0x00000002   PAD
    0x08000138   0x08000138   0x00000002   Code   RO         1600    !!handler_null      c_p.l(__scatter.o)
    0x0800013a   0x0800013a   0x00000002   PAD
    0x0800013c   0x0800013c   0x0000001c   Code   RO         1605    !!handler_zi        c_p.l(__scatter_zi.o)
    0x08000158   0x08000158   0x00000002   Code   RO         1454    .ARM.Collect$$libinit$$00000000  c_p.l(libinit.o)
    0x0800015a   0x0800015a   0x00000000   Code   RO         1472    .ARM.Collect$$libinit$$00000002  c_p.l(libinit2.o)
    0x0800015a   0x0800015a   0x00000000   Code   RO         1474    .ARM.Collect$$libinit$$00000004  c_p.l(libinit2.o)
    0x0800015a   0x0800015a   0x00000000   Code   RO         1476    .ARM.Collect$$libinit$$00000006  c_p.l(libinit2.o)
    0x0800015a   0x0800015a   0x00000000   Code   RO         1479    .ARM.Collect$$libinit$$0000000C  c_p.l(libinit2.o)
    0x0800015a   0x0800015a   0x00000000   Code   RO         1481    .ARM.Collect$$libinit$$0000000E  c_p.l(libinit2.o)
    0x0800015a   0x0800015a   0x00000000   Code   RO         1483    .ARM.Collect$$libinit$$00000010  c_p.l(libinit2.o)
    0x0800015a   0x0800015a   0x00000000   Code   RO         1486    .ARM.Collect$$libinit$$00000013  c_p.l(libinit2.o)
    0x0800015a   0x0800015a   0x00000000   Code   RO         1488    .ARM.Collect$$libinit$$00000015  c_p.l(libinit2.o)
    0x0800015a   0x0800015a   0x00000000   Code   RO         1490    .ARM.Collect$$libinit$$00000017  c_p.l(libinit2.o)
    0x0800015a   0x0800015a   0x00000000   Code   RO         1492    .ARM.Collect$$libinit$$00000019  c_p.l(libinit2.o)
    0x0800015a   0x0800015a   0x00000000   Code   RO         1494    .ARM.Collect$$libinit$$0000001B  c_p.l(libinit2.o)
    0x0800015a   0x0800015a   0x00000000   Code   RO         1496    .ARM.Collect$$libinit$$0000001D  c_p.l(libinit2.o)
    0x0800015a   0x0800015a   0x00000000   Code   RO         1498    .ARM.Collect$$libinit$$0000001F  c_p.l(libinit2.o)
    0x0800015a   0x0800015a   0x00000000   Code   RO         1500    .ARM.Collect$$libinit$$00000021  c_p.l(libinit2.o)
    0x0800015a   0x0800015a   0x00000000   Code   RO         1502    .ARM.Collect$$libinit$$00000023  c_p.l(libinit2.o)
    0x0800015a   0x0800015a   0x00000000   Code   RO         1504    .ARM.Collect$$libinit$$00000025  c_p.l(libinit2.o)
    0x0800015a   0x0800015a   0x00000000   Code   RO         1506    .ARM.Collect$$libinit$$00000027  c_p.l(libinit2.o)
    0x0800015a   0x0800015a   0x00000000   Code   RO         1510    .ARM.Collect$$libinit$$0000002E  c_p.l(libinit2.o)
    0x0800015a   0x0800015a   0x00000000   Code   RO         1512    .ARM.Collect$$libinit$$00000030  c_p.l(libinit2.o)
    0x0800015a   0x0800015a   0x00000000   Code   RO         1514    .ARM.Collect$$libinit$$00000032  c_p.l(libinit2.o)
    0x0800015a   0x0800015a   0x00000000   Code   RO         1516    .ARM.Collect$$libinit$$00000034  c_p.l(libinit2.o)
    0x0800015a   0x0800015a   0x00000002   Code   RO         1517    .ARM.Collect$$libinit$$00000035  c_p.l(libinit2.o)
    0x0800015c   0x0800015c   0x00000002   Code   RO         1554    .ARM.Collect$$libshutdown$$00000000  c_p.l(libshutdown.o)
    0x0800015e   0x0800015e   0x00000000   Code   RO         1582    .ARM.Collect$$libshutdown$$00000002  c_p.l(libshutdown2.o)
    0x0800015e   0x0800015e   0x00000000   Code   RO         1584    .ARM.Collect$$libshutdown$$00000004  c_p.l(libshutdown2.o)
    0x0800015e   0x0800015e   0x00000000   Code   RO         1587    .ARM.Collect$$libshutdown$$00000007  c_p.l(libshutdown2.o)
    0x0800015e   0x0800015e   0x00000000   Code   RO         1590    .ARM.Collect$$libshutdown$$0000000A  c_p.l(libshutdown2.o)
    0x0800015e   0x0800015e   0x00000000   Code   RO         1592    .ARM.Collect$$libshutdown$$0000000C  c_p.l(libshutdown2.o)
    0x0800015e   0x0800015e   0x00000000   Code   RO         1595    .ARM.Collect$$libshutdown$$0000000F  c_p.l(libshutdown2.o)
    0x0800015e   0x0800015e   0x00000002   Code   RO         1596    .ARM.Collect$$libshutdown$$00000010  c_p.l(libshutdown2.o)
    0x08000160   0x08000160   0x00000000   Code   RO         1409    .ARM.Collect$$rtentry$$00000000  c_p.l(__rtentry.o)
    0x08000160   0x08000160   0x00000000   Code   RO         1422    .ARM.Collect$$rtentry$$00000002  c_p.l(__rtentry2.o)
    0x08000160   0x08000160   0x00000006   Code   RO         1434    .ARM.Collect$$rtentry$$00000004  c_p.l(__rtentry4.o)
    0x08000166   0x08000166   0x00000000   Code   RO         1424    .ARM.Collect$$rtentry$$00000009  c_p.l(__rtentry2.o)
    0x08000166   0x08000166   0x00000004   Code   RO         1425    .ARM.Collect$$rtentry$$0000000A  c_p.l(__rtentry2.o)
    0x0800016a   0x0800016a   0x00000000   Code   RO         1427    .ARM.Collect$$rtentry$$0000000C  c_p.l(__rtentry2.o)
    0x0800016a   0x0800016a   0x00000008   Code   RO         1428    .ARM.Collect$$rtentry$$0000000D  c_p.l(__rtentry2.o)
    0x08000172   0x08000172   0x00000002   Code   RO         1463    .ARM.Collect$$rtexit$$00000000  c_p.l(rtexit.o)
    0x08000174   0x08000174   0x00000000   Code   RO         1525    .ARM.Collect$$rtexit$$00000002  c_p.l(rtexit2.o)
    0x08000174   0x08000174   0x00000004   Code   RO         1526    .ARM.Collect$$rtexit$$00000003  c_p.l(rtexit2.o)
    0x08000178   0x08000178   0x00000006   Code   RO         1527    .ARM.Collect$$rtexit$$00000004  c_p.l(rtexit2.o)
    0x0800017e   0x0800017e   0x00000002   PAD
    0x08000180   0x08000180   0x00000038   Code   RO          214    .text               startup_stm32l073xx.o
    0x080001b8   0x080001b8   0x00000040   Code   RO         1364    .text               c_p.l(rt_memclr.o)
    0x080001f8   0x080001f8   0x00000006   Code   RO         1374    .text               c_p.l(heapauxi.o)
    0x080001fe   0x080001fe   0x00000002   PAD
    0x08000200   0x08000200   0x00000160   Code   RO         1402    .text               fz_ps.l(fdiv.o)
    0x08000360   0x08000360   0x0000005e   Code   RO         1405    .text               fz_ps.l(fflti.o)
    0x080003be   0x080003be   0x00000002   PAD
    0x080003c0   0x080003c0   0x00000064   Code   RO         1438    .text               fz_ps.l(fcmpin.o)
    0x08000424   0x08000424   0x0000003e   Code   RO         1440    .text               c_p.l(sys_stackheap_outer.o)
    0x08000462   0x08000462   0x00000010   Code   RO         1443    .text               c_p.l(exit.o)
    0x08000472   0x08000472   0x0000002e   Code   RO         1455    .text               fz_ps.l(cmpret.o)
    0x080004a0   0x080004a0   0x00000010   Code   RO         1457    .text               fz_ps.l(fnan2.o)
    0x080004b0   0x080004b0   0x00000008   Code   RO         1459    .text               c_p.l(libspace.o)
    0x080004b8   0x080004b8   0x0000005e   Code   RO         1518    .text               fz_ps.l(retnan.o)
    0x08000516   0x08000516   0x00000002   PAD
    0x08000518   0x08000518   0x0000000c   Code   RO         1520    .text               c_p.l(sys_exit.o)
    0x08000524   0x08000524   0x00000002   Code   RO         1543    .text               c_p.l(use_no_semi.o)
    0x08000526   0x08000526   0x00000000   Code   RO         1545    .text               c_p.l(indicate_semi.o)
    0x08000526   0x08000526   0x00000002   PAD
    0x08000528   0x08000528   0x000000c0   Code   RO          231    .text.ADC_Enable    stm32l0xx_hal_adc.o
    0x080005e8   0x080005e8   0x000000c0   Code   RO            4    .text.CANSPI_Initialize  canspi.o
    0x080006a8   0x080006a8   0x000000c4   Code   RO            6    .text.CANSPI_Transmit  canspi.o
    0x0800076c   0x0800076c   0x00000012   Code   RO          191    .text.EXTI4_15_IRQHandler  stm32l0xx_it.o
    0x0800077e   0x0800077e   0x00000008   Code   RO           78    .text.Error_Handler  main.o
    0x08000786   0x08000786   0x00000002   PAD
    0x08000788   0x08000788   0x0000011c   Code   RO          265    .text.HAL_ADC_ConfigChannel  stm32l0xx_hal_adc.o
    0x080008a4   0x080008a4   0x00000006   Code   RO          253    .text.HAL_ADC_GetValue  stm32l0xx_hal_adc.o
    0x080008aa   0x080008aa   0x00000002   PAD
    0x080008ac   0x080008ac   0x000001c0   Code   RO          221    .text.HAL_ADC_Init  stm32l0xx_hal_adc.o
    0x08000a6c   0x08000a6c   0x00000054   Code   RO          120    .text.HAL_ADC_MspInit  adc.o
    0x08000ac0   0x08000ac0   0x00000128   Code   RO          235    .text.HAL_ADC_PollForConversion  stm32l0xx_hal_adc.o
    0x08000be8   0x08000be8   0x00000064   Code   RO          229    .text.HAL_ADC_Start  stm32l0xx_hal_adc.o
    0x08000c4c   0x08000c4c   0x000000c6   Code   RO          233    .text.HAL_ADC_Stop  stm32l0xx_hal_adc.o
    0x08000d12   0x08000d12   0x00000002   PAD
    0x08000d14   0x08000d14   0x00000050   Code   RO           66    .text.HAL_GPIO_EXTI_Callback  main.o
    0x08000d64   0x08000d64   0x00000018   Code   RO          738    .text.HAL_GPIO_EXTI_IRQHandler  stm32l0xx_hal_gpio.o
    0x08000d7c   0x08000d7c   0x00000188   Code   RO          726    .text.HAL_GPIO_Init  stm32l0xx_hal_gpio.o
    0x08000f04   0x08000f04   0x0000000a   Code   RO          730    .text.HAL_GPIO_ReadPin  stm32l0xx_hal_gpio.o
    0x08000f0e   0x08000f0e   0x00000010   Code   RO          734    .text.HAL_GPIO_TogglePin  stm32l0xx_hal_gpio.o
    0x08000f1e   0x08000f1e   0x00000010   Code   RO          732    .text.HAL_GPIO_WritePin  stm32l0xx_hal_gpio.o
    0x08000f2e   0x08000f2e   0x00000002   PAD
    0x08000f30   0x08000f30   0x00000008   Code   RO          315    .text.HAL_GetTick   stm32l0xx_hal.o
    0x08000f38   0x08000f38   0x00000014   Code   RO          313    .text.HAL_IncTick   stm32l0xx_hal.o
    0x08000f4c   0x08000f4c   0x00000028   Code   RO          303    .text.HAL_Init      stm32l0xx_hal.o
    0x08000f74   0x08000f74   0x00000044   Code   RO          305    .text.HAL_InitTick  stm32l0xx_hal.o
    0x08000fb8   0x08000fb8   0x00000018   Code   RO          204    .text.HAL_MspInit   stm32l0xx_hal_msp.o
    0x08000fd0   0x08000fd0   0x00000018   Code   RO          848    .text.HAL_NVIC_EnableIRQ  stm32l0xx_hal_cortex.o
    0x08000fe8   0x08000fe8   0x00000038   Code   RO          846    .text.HAL_NVIC_SetPriority  stm32l0xx_hal_cortex.o
    0x08001020   0x08001020   0x00000238   Code   RO          583    .text.HAL_RCCEx_PeriphCLKConfig  stm32l0xx_hal_rcc_ex.o
    0x08001258   0x08001258   0x00000208   Code   RO          555    .text.HAL_RCC_ClockConfig  stm32l0xx_hal_rcc.o
    0x08001460   0x08001460   0x00000014   Code   RO          563    .text.HAL_RCC_GetPCLK1Freq  stm32l0xx_hal_rcc.o
    0x08001474   0x08001474   0x00000020   Code   RO          565    .text.HAL_RCC_GetPCLK2Freq  stm32l0xx_hal_rcc.o
    0x08001494   0x08001494   0x00000078   Code   RO          553    .text.HAL_RCC_GetSysClockFreq  stm32l0xx_hal_rcc.o
    0x0800150c   0x0800150c   0x00000590   Code   RO          551    .text.HAL_RCC_OscConfig  stm32l0xx_hal_rcc.o
    0x08001a9c   0x08001a9c   0x00000006   Code   RO         1008    .text.HAL_SPI_GetState  stm32l0xx_hal_spi.o
    0x08001aa2   0x08001aa2   0x000000c2   Code   RO          914    .text.HAL_SPI_Init  stm32l0xx_hal_spi.o
    0x08001b64   0x08001b64   0x00000084   Code   RO          135    .text.HAL_SPI_MspInit  spi.o
    0x08001be8   0x08001be8   0x000001fa   Code   RO          924    .text.HAL_SPI_Receive  stm32l0xx_hal_spi.o
    0x08001de2   0x08001de2   0x00000002   PAD
    0x08001de4   0x08001de4   0x00000278   Code   RO          922    .text.HAL_SPI_Transmit  stm32l0xx_hal_spi.o
    0x0800205c   0x0800205c   0x0000034c   Code   RO          926    .text.HAL_SPI_TransmitReceive  stm32l0xx_hal_spi.o
    0x080023a8   0x080023a8   0x00000034   Code   RO          854    .text.HAL_SYSTICK_Config  stm32l0xx_hal_cortex.o
    0x080023dc   0x080023dc   0x0000005c   Code   RO         1247    .text.HAL_TIMEx_MasterConfigSynchronization  stm32l0xx_hal_tim_ex.o
    0x08002438   0x08002438   0x000000b4   Code   RO         1028    .text.HAL_TIM_Base_Init  stm32l0xx_hal_tim.o
    0x080024ec   0x080024ec   0x00000088   Code   RO          152    .text.HAL_TIM_Base_MspInit  tim.o
    0x08002574   0x08002574   0x00000064   Code   RO         1040    .text.HAL_TIM_Base_Start_IT  stm32l0xx_hal_tim.o
    0x080025d8   0x080025d8   0x0000015c   Code   RO         1198    .text.HAL_TIM_ConfigClockSource  stm32l0xx_hal_tim.o
    0x08002734   0x08002734   0x000000dc   Code   RO           84    .text.HAL_TIM_IC_CaptureCallback  main.o
    0x08002810   0x08002810   0x0000018c   Code   RO         1172    .text.HAL_TIM_IC_ConfigChannel  stm32l0xx_hal_tim.o
    0x0800299c   0x0800299c   0x000000b4   Code   RO         1098    .text.HAL_TIM_IC_Init  stm32l0xx_hal_tim.o
    0x08002a50   0x08002a50   0x00000002   Code   RO         1100    .text.HAL_TIM_IC_MspInit  stm32l0xx_hal_tim.o
    0x08002a52   0x08002a52   0x00000002   PAD
    0x08002a54   0x08002a54   0x000000c8   Code   RO         1110    .text.HAL_TIM_IC_Start_IT  stm32l0xx_hal_tim.o
    0x08002b1c   0x08002b1c   0x00000172   Code   RO         1158    .text.HAL_TIM_IRQHandler  stm32l0xx_hal_tim.o
    0x08002c8e   0x08002c8e   0x00000002   Code   RO         1162    .text.HAL_TIM_OC_DelayElapsedCallback  stm32l0xx_hal_tim.o
    0x08002c90   0x08002c90   0x00000002   Code   RO         1164    .text.HAL_TIM_PWM_PulseFinishedCallback  stm32l0xx_hal_tim.o
    0x08002c92   0x08002c92   0x00000002   PAD
    0x08002c94   0x08002c94   0x0000001c   Code   RO           82    .text.HAL_TIM_PeriodElapsedCallback  main.o
    0x08002cb0   0x08002cb0   0x00000016   Code   RO         1208    .text.HAL_TIM_ReadCapturedValue  stm32l0xx_hal_tim.o
    0x08002cc6   0x08002cc6   0x00000002   Code   RO         1168    .text.HAL_TIM_TriggerCallback  stm32l0xx_hal_tim.o
    0x08002cc8   0x08002cc8   0x000001d8   Code   RO         1259    .text.HAL_USART_Init  stm32l0xx_hal_usart.o
    0x08002ea0   0x08002ea0   0x00000060   Code   RO          168    .text.HAL_USART_MspInit  usart.o
    0x08002f00   0x08002f00   0x00000002   Code   RO          183    .text.HardFault_Handler  stm32l0xx_it.o
    0x08002f02   0x08002f02   0x00000002   PAD
    0x08002f04   0x08002f04   0x00000078   Code   RO           28    .text.MCP2515_Initialize  mcp2515.o
    0x08002f7c   0x08002f7c   0x00000060   Code   RO           46    .text.MCP2515_LoadTxSequence  mcp2515.o
    0x08002fdc   0x08002fdc   0x00000044   Code   RO           52    .text.MCP2515_ReadStatus  mcp2515.o
    0x08003020   0x08003020   0x00000034   Code   RO           50    .text.MCP2515_RequestToSend  mcp2515.o
    0x08003054   0x08003054   0x000000b4   Code   RO           30    .text.MCP2515_SetConfigMode  mcp2515.o
    0x08003108   0x08003108   0x000000b4   Code   RO           36    .text.MCP2515_SetNormalMode  mcp2515.o
    0x080031bc   0x080031bc   0x00000058   Code   RO           32    .text.MCP2515_WriteByte  mcp2515.o
    0x08003214   0x08003214   0x00000060   Code   RO           44    .text.MCP2515_WriteByteSequence  mcp2515.o
    0x08003274   0x08003274   0x00000068   Code   RO          118    .text.MX_ADC_Init   adc.o
    0x080032dc   0x080032dc   0x00000114   Code   RO          110    .text.MX_GPIO_Init  gpio.o
    0x080033f0   0x080033f0   0x00000040   Code   RO          133    .text.MX_SPI1_Init  spi.o
    0x08003430   0x08003430   0x00000094   Code   RO          148    .text.MX_TIM2_Init  tim.o
    0x080034c4   0x080034c4   0x00000068   Code   RO          150    .text.MX_TIM3_Init  tim.o
    0x0800352c   0x0800352c   0x00000038   Code   RO          166    .text.MX_USART2_Init  usart.o
    0x08003564   0x08003564   0x00000002   Code   RO          181    .text.NMI_Handler   stm32l0xx_it.o
    0x08003566   0x08003566   0x00000002   Code   RO          187    .text.PendSV_Handler  stm32l0xx_it.o
    0x08003568   0x08003568   0x00000114   Code   RO         1018    .text.SPI_WaitFlagStateUntilTimeout  stm32l0xx_hal_spi.o
    0x0800367c   0x0800367c   0x00000002   Code   RO          185    .text.SVC_Handler   stm32l0xx_it.o
    0x0800367e   0x0800367e   0x00000008   Code   RO          189    .text.SysTick_Handler  stm32l0xx_it.o
    0x08003686   0x08003686   0x00000002   Code   RO         1347    .text.SystemInit    system_stm32l0xx.o
    0x08003688   0x08003688   0x0000000c   Code   RO          193    .text.TIM2_IRQHandler  stm32l0xx_it.o
    0x08003694   0x08003694   0x00000010   Code   RO          195    .text.TIM3_IRQHandler  stm32l0xx_it.o
    0x080036a4   0x080036a4   0x00000198   Code   RO           76    .text.check_and_send  main.o
    0x0800383c   0x0800383c   0x00000134   Code   RO           70    .text.main          main.o
    0x08003970   0x08003970   0x000001f6   Code   RO         1367    .text_divfast       c_p.l(aeabi_sdivfast.o)
    0x08003b66   0x08003b66   0x00000016   Code   RO         1386    i._fgr              fz_ps.l(fcmp.o)
    0x08003b7c   0x08003b7c   0x00000054   Code   RO         1416    x$fpl$fgeqf         fz_ps.l(fgef.o)
    0x08003bd0   0x08003bd0   0x000000b0   Code   RO         1407    x$fpl$fmul          fz_ps.l(fmul.o)
    0x08003c80   0x08003c80   0x00000000   Code   RO         1420    x$fpl$usenofp       fz_ps.l(usenofp.o)
    0x08003c80   0x08003c80   0x00000040   Data   RO         1403    .constdata          fz_ps.l(fdiv.o)
    0x08003cc0   0x08003cc0   0x00000010   Data   RO         1352    .rodata.AHBPrescTable  system_stm32l0xx.o
    0x08003cd0   0x08003cd0   0x00000008   Data   RO         1353    .rodata.APBPrescTable  system_stm32l0xx.o
    0x08003cd8   0x08003cd8   0x00000009   Data   RO         1354    .rodata.PLLMulTable  system_stm32l0xx.o
    0x08003ce1   0x08003ce1   0x00000003   PAD
    0x08003ce4   0x08003ce4   0x00000030   Data   RO         1238    .rodata.cst16       stm32l0xx_hal_tim.o
    0x08003d14   0x08003d14   0x00000020   Data   RO         1598    Region$$Table       anon$$obj.o


    Execution Region RW_IRAM1 (Exec base: 0x20000000, Load base: 0x08003d38, Size: 0x00000828, Max: 0x00005000, ABSOLUTE)

    Exec Addr    Load Addr    Size         Type   Attr      Idx    E Section Name        Object

    0x20000000   0x08003d38   0x00000008   Data   RW          366    .data..L_MergedGlobals  stm32l0xx_hal.o
    0x20000008   0x08003d40   0x00000004   Data   RW         1351    .data.SystemCoreClock  system_stm32l0xx.o
    0x2000000c   0x08003d44   0x00000001   Data   RW           97    .data.driving_mode  main.o
    0x2000000d   0x08003d45   0x00000003   PAD
    0x20000010        -       0x00000060   Zero   RW         1460    .bss                c_p.l(libspace.o)
    0x20000070        -       0x00000008   Zero   RW           19    .bss..L_MergedGlobals  canspi.o
    0x20000078        -       0x00000024   Zero   RW          101    .bss..L_MergedGlobals  main.o
    0x2000009c        -       0x0000005c   Zero   RW          124    .bss.hadc           adc.o
    0x200000f8        -       0x00000058   Zero   RW          139    .bss.hspi1          spi.o
    0x20000150        -       0x00000040   Zero   RW          156    .bss.htim2          tim.o
    0x20000190        -       0x00000040   Zero   RW          157    .bss.htim3          tim.o
    0x200001d0        -       0x00000050   Zero   RW          172    .bss.husart2        usart.o
    0x20000220        -       0x00000001   Zero   RW           96    .bss.tim3_flag      main.o
    0x20000221   0x08003d45   0x00000003   PAD
    0x20000224        -       0x00000004   Zero   RW          365    .bss.uwTick         stm32l0xx_hal.o
    0x20000228        -       0x00000200   Zero   RW          212    HEAP                startup_stm32l073xx.o
    0x20000428        -       0x00000400   Zero   RW          211    STACK               startup_stm32l073xx.o


==============================================================================

Image component sizes


      Code (inc. data)   RO Data    RW Data    ZI Data      Debug   Object Name

       188         16          0          0         92       4739   adc.o
       388          4          0          0          8       7362   canspi.o
       276         12          0          0          0       2664   gpio.o
      1052         88          0          1         37      11419   main.o
       880          8          0          0          0       7324   mcp2515.o
       196         20          0          0         88       4654   spi.o
        56         26        192          0       1536        632   startup_stm32l073xx.o
       136         16          0          8          4       6853   stm32l0xx_hal.o
      1524         40          0          0          0      14536   stm32l0xx_hal_adc.o
       132         24          0          0          0       6920   stm32l0xx_hal_cortex.o
       458         16          0          0          0       5079   stm32l0xx_hal_gpio.o
        24          4          0          0          0       1118   stm32l0xx_hal_msp.o
      2116        108          0          0          0      10038   stm32l0xx_hal_rcc.o
       568          8          0          0          0       8651   stm32l0xx_hal_rcc_ex.o
      2458         12          0          0          0      26447   stm32l0xx_hal_spi.o
      1804         56         48          0          0      56716   stm32l0xx_hal_tim.o
        92          0          0          0          0       4433   stm32l0xx_hal_tim_ex.o
       472         44          0          0          0      22810   stm32l0xx_hal_usart.o
        62          4          0          0          0       1873   stm32l0xx_it.o
         2          0         33          4          0       2111   system_stm32l0xx.o
       388         24          0          0        128       6603   tim.o
       152         16          0          0         80       4605   usart.o

    ----------------------------------------------------------------------
     13440        546        308         16       1976     217587   Object Totals
         0          0         32          0          0          0   (incl. Generated)
        16          0          3          3          3          0   (incl. Padding)

    ----------------------------------------------------------------------

      Code (inc. data)   RO Data    RW Data    ZI Data      Debug   Library Member Name

         8          0          0          0          0         68   __main.o
         0          0          0          0          0          0   __rtentry.o
        12          0          0          0          0          0   __rtentry2.o
         6          0          0          0          0          0   __rtentry4.o
        86         10          0          0          0          0   __scatter.o
        26          0          0          0          0          0   __scatter_copy.o
        28          0          0          0          0          0   __scatter_zi.o
       502          0          0          0          0         92   aeabi_sdivfast.o
        16          0          0          0          0         68   exit.o
         6          0          0          0          0        136   heapauxi.o
         0          0          0          0          0          0   indicate_semi.o
         2          0          0          0          0          0   libinit.o
         2          0          0          0          0          0   libinit2.o
         2          0          0          0          0          0   libshutdown.o
         2          0          0          0          0          0   libshutdown2.o
         8          4          0          0         96         68   libspace.o
        64          0          0          0          0        108   rt_memclr.o
         2          0          0          0          0          0   rtexit.o
        10          0          0          0          0          0   rtexit2.o
        12          4          0          0          0         60   sys_exit.o
        62          0          0          0          0         80   sys_stackheap_outer.o
         2          0          0          0          0         68   use_no_semi.o
        46          0          0          0          0         60   cmpret.o
        22          0          0          0          0         68   fcmp.o
       100          4          0          0          0         68   fcmpin.o
       352         10         64          0          0         92   fdiv.o
        94          0          0          0          0         92   fflti.o
        84          4          0          0          0         76   fgef.o
       176          4          0          0          0         80   fmul.o
        16          6          0          0          0         68   fnan2.o
        94          0          0          0          0         68   retnan.o
         0          0          0          0          0          0   usenofp.o

    ----------------------------------------------------------------------
      1856         46         64          0         96       1420   Library Totals
        14          0          0          0          0          0   (incl. Padding)

    ----------------------------------------------------------------------

      Code (inc. data)   RO Data    RW Data    ZI Data      Debug   Library Name

       858         18          0          0         96        748   c_p.l
       984         28         64          0          0        672   fz_ps.l

    ----------------------------------------------------------------------
      1856         46         64          0         96       1420   Library Totals

    ----------------------------------------------------------------------

==============================================================================


      Code (inc. data)   RO Data    RW Data    ZI Data      Debug   

     15296        592        372         16       2072     218075   Grand Totals
     15296        592        372         16       2072     218075   ELF Image Totals
     15296        592        372         16          0          0   ROM Totals

==============================================================================

    Total RO  Size (Code + RO Data)                15668 (  15.30kB)
    Total RW  Size (RW Data + ZI Data)              2088 (   2.04kB)
    Total ROM Size (Code + RO Data + RW Data)      15684 (  15.32kB)

==============================================================================

