Component: Arm Compiler for Embedded 6.22 Tool: armlink [5ee90200]

==============================================================================

Section Cross References

    canspi.o(.text.CANSPI_Sleep) refers to mcp2515.o(.text.MCP2515_BitModify) for MCP2515_BitModify
    canspi.o(.text.CANSPI_Sleep) refers to mcp2515.o(.text.MCP2515_SetSleepMode) for MCP2515_SetSleepMode
    canspi.o(.ARM.exidx.text.CANSPI_Sleep) refers to canspi.o(.text.CANSPI_Sleep) for [Anonymous Symbol]
    canspi.o(.text.CANSPI_Initialize) refers to mcp2515.o(.text.MCP2515_Initialize) for MCP2515_Initialize
    canspi.o(.text.CANSPI_Initialize) refers to mcp2515.o(.text.MCP2515_SetConfigMode) for MCP2515_SetConfigMode
    canspi.o(.text.CANSPI_Initialize) refers to mcp2515.o(.text.MCP2515_WriteByteSequence) for MCP2515_WriteByteSequence
    canspi.o(.text.CANSPI_Initialize) refers to mcp2515.o(.text.MCP2515_WriteByte) for MCP2515_WriteByte
    canspi.o(.text.CANSPI_Initialize) refers to mcp2515.o(.text.MCP2515_SetNormalMode) for MCP2515_SetNormalMode
    canspi.o(.ARM.exidx.text.CANSPI_Initialize) refers to canspi.o(.text.CANSPI_Initialize) for [Anonymous Symbol]
    canspi.o(.text.CANSPI_Transmit) refers to mcp2515.o(.text.MCP2515_ReadStatus) for MCP2515_ReadStatus
    canspi.o(.text.CANSPI_Transmit) refers to mcp2515.o(.text.MCP2515_LoadTxSequence) for MCP2515_LoadTxSequence
    canspi.o(.text.CANSPI_Transmit) refers to mcp2515.o(.text.MCP2515_RequestToSend) for MCP2515_RequestToSend
    canspi.o(.text.CANSPI_Transmit) refers to canspi.o(.bss..L_MergedGlobals) for [Anonymous Symbol]
    canspi.o(.ARM.exidx.text.CANSPI_Transmit) refers to canspi.o(.text.CANSPI_Transmit) for [Anonymous Symbol]
    canspi.o(.text.CANSPI_Receive) refers to mcp2515.o(.text.MCP2515_GetRxStatus) for MCP2515_GetRxStatus
    canspi.o(.text.CANSPI_Receive) refers to mcp2515.o(.text.MCP2515_ReadRxSequence) for MCP2515_ReadRxSequence
    canspi.o(.ARM.exidx.text.CANSPI_Receive) refers to canspi.o(.text.CANSPI_Receive) for [Anonymous Symbol]
    canspi.o(.text.CANSPI_messagesInBuffer) refers to mcp2515.o(.text.MCP2515_ReadStatus) for MCP2515_ReadStatus
    canspi.o(.text.CANSPI_messagesInBuffer) refers to canspi.o(.bss..L_MergedGlobals) for [Anonymous Symbol]
    canspi.o(.ARM.exidx.text.CANSPI_messagesInBuffer) refers to canspi.o(.text.CANSPI_messagesInBuffer) for [Anonymous Symbol]
    canspi.o(.text.CANSPI_isBussOff) refers to mcp2515.o(.text.MCP2515_ReadByte) for MCP2515_ReadByte
    canspi.o(.text.CANSPI_isBussOff) refers to canspi.o(.bss.errorStatus) for errorStatus
    canspi.o(.ARM.exidx.text.CANSPI_isBussOff) refers to canspi.o(.text.CANSPI_isBussOff) for [Anonymous Symbol]
    canspi.o(.text.CANSPI_isRxErrorPassive) refers to mcp2515.o(.text.MCP2515_ReadByte) for MCP2515_ReadByte
    canspi.o(.text.CANSPI_isRxErrorPassive) refers to canspi.o(.bss.errorStatus) for errorStatus
    canspi.o(.ARM.exidx.text.CANSPI_isRxErrorPassive) refers to canspi.o(.text.CANSPI_isRxErrorPassive) for [Anonymous Symbol]
    canspi.o(.text.CANSPI_isTxErrorPassive) refers to mcp2515.o(.text.MCP2515_ReadByte) for MCP2515_ReadByte
    canspi.o(.text.CANSPI_isTxErrorPassive) refers to canspi.o(.bss.errorStatus) for errorStatus
    canspi.o(.ARM.exidx.text.CANSPI_isTxErrorPassive) refers to canspi.o(.text.CANSPI_isTxErrorPassive) for [Anonymous Symbol]
    mcp2515.o(.text.MCP2515_Initialize) refers to stm32l0xx_hal_gpio.o(.text.HAL_GPIO_WritePin) for HAL_GPIO_WritePin
    mcp2515.o(.text.MCP2515_Initialize) refers to stm32l0xx_hal_spi.o(.text.HAL_SPI_GetState) for HAL_SPI_GetState
    mcp2515.o(.text.MCP2515_Initialize) refers to stm32l0xx_hal_spi.o(.text.HAL_SPI_Transmit) for HAL_SPI_Transmit
    mcp2515.o(.text.MCP2515_Initialize) refers to spi.o(.bss.hspi1) for hspi1
    mcp2515.o(.ARM.exidx.text.MCP2515_Initialize) refers to mcp2515.o(.text.MCP2515_Initialize) for [Anonymous Symbol]
    mcp2515.o(.text.MCP2515_BitModify) refers to stm32l0xx_hal_gpio.o(.text.HAL_GPIO_WritePin) for HAL_GPIO_WritePin
    mcp2515.o(.text.MCP2515_BitModify) refers to stm32l0xx_hal_spi.o(.text.HAL_SPI_Transmit) for HAL_SPI_Transmit
    mcp2515.o(.text.MCP2515_BitModify) refers to spi.o(.bss.hspi1) for hspi1
    mcp2515.o(.ARM.exidx.text.MCP2515_BitModify) refers to mcp2515.o(.text.MCP2515_BitModify) for [Anonymous Symbol]
    mcp2515.o(.text.MCP2515_SetConfigMode) refers to stm32l0xx_hal_gpio.o(.text.HAL_GPIO_WritePin) for HAL_GPIO_WritePin
    mcp2515.o(.text.MCP2515_SetConfigMode) refers to stm32l0xx_hal_spi.o(.text.HAL_SPI_Transmit) for HAL_SPI_Transmit
    mcp2515.o(.text.MCP2515_SetConfigMode) refers to stm32l0xx_hal_spi.o(.text.HAL_SPI_Receive) for HAL_SPI_Receive
    mcp2515.o(.text.MCP2515_SetConfigMode) refers to spi.o(.bss.hspi1) for hspi1
    mcp2515.o(.ARM.exidx.text.MCP2515_SetConfigMode) refers to mcp2515.o(.text.MCP2515_SetConfigMode) for [Anonymous Symbol]
    mcp2515.o(.text.MCP2515_WriteByte) refers to stm32l0xx_hal_gpio.o(.text.HAL_GPIO_WritePin) for HAL_GPIO_WritePin
[...]
    __arm_cp.2_1                             0x080028c0   Number         4  stm32l0xx_hal_rcc.o(.text.HAL_RCC_GetSysClockFreq)
    __arm_cp.2_2                             0x080028c4   Number         4  stm32l0xx_hal_rcc.o(.text.HAL_RCC_GetSysClockFreq)
    __arm_cp.2_3                             0x080028c8   Number         4  stm32l0xx_hal_rcc.o(.text.HAL_RCC_GetSysClockFreq)
    __arm_cp.2_4                             0x080028cc   Number         4  stm32l0xx_hal_rcc.o(.text.HAL_RCC_GetSysClockFreq)
    [Anonymous Symbol]                       0x080028d0   Section        0  stm32l0xx_hal_rcc.o(.text.HAL_RCC_OscConfig)
    __arm_cp.1_13                            0x08002a70   Number         4  stm32l0xx_hal_rcc.o(.text.HAL_RCC_OscConfig)
    __arm_cp.1_1                             0x08002e34   Number         4  stm32l0xx_hal_rcc.o(.text.HAL_RCC_OscConfig)
    __arm_cp.1_2                             0x08002e38   Number         4  stm32l0xx_hal_rcc.o(.text.HAL_RCC_OscConfig)
    __arm_cp.1_3                             0x08002e3c   Number         4  stm32l0xx_hal_rcc.o(.text.HAL_RCC_OscConfig)
    __arm_cp.1_4                             0x08002e40   Number         4  stm32l0xx_hal_rcc.o(.text.HAL_RCC_OscConfig)
    __arm_cp.1_5                             0x08002e44   Number         4  stm32l0xx_hal_rcc.o(.text.HAL_RCC_OscConfig)
    __arm_cp.1_6                             0x08002e48   Number         4  stm32l0xx_hal_rcc.o(.text.HAL_RCC_OscConfig)
    __arm_cp.1_7                             0x08002e4c   Number         4  stm32l0xx_hal_rcc.o(.text.HAL_RCC_OscConfig)
    __arm_cp.1_8                             0x08002e50   Number         4  stm32l0xx_hal_rcc.o(.text.HAL_RCC_OscConfig)
    __arm_cp.1_9                             0x08002e54   Number         4  stm32l0xx_hal_rcc.o(.text.HAL_RCC_OscConfig)
    __arm_cp.1_10                            0x08002e58   Number         4  stm32l0xx_hal_rcc.o(.text.HAL_RCC_OscConfig)
    __arm_cp.1_11                            0x08002e5c   Number         4  stm32l0xx_hal_rcc.o(.text.HAL_RCC_OscConfig)
    [Anonymous Symbol]                       0x08002e60   Section        0  stm32l0xx_hal.o(.text.HAL_ResumeTick)
    __arm_cp.12_0                            0x08002e6c   Number         4  stm32l0xx_hal.o(.text.HAL_ResumeTick)
    [Anonymous Symbol]                       0x08002e70   Section        0  stm32l0xx_hal_spi.o(.text.HAL_SPI_GetState)
    [Anonymous Symbol]                       0x08002e76   Section        0  stm32l0xx_hal_spi.o(.text.HAL_SPI_Init)
    [Anonymous Symbol]                       0x08002f38   Section        0  spi.o(.text.HAL_SPI_MspInit)
    __arm_cp.1_0                             0x08002fb0   Number         4  spi.o(.text.HAL_SPI_MspInit)
    __arm_cp.1_1                             0x08002fb4   Number         4  spi.o(.text.HAL_SPI_MspInit)
    __arm_cp.1_2                             0x08002fb8   Number         4  spi.o(.text.HAL_SPI_MspInit)
    [Anonymous Symbol]                       0x08002fbc   Section        0  stm32l0xx_hal_spi.o(.text.HAL_SPI_Receive)
    [Anonymous Symbol]                       0x080031b8   Section        0  stm32l0xx_hal_spi.o(.text.HAL_SPI_Transmit)
    [Anonymous Symbol]                       0x08003430   Section        0  stm32l0xx_hal_spi.o(.text.HAL_SPI_TransmitReceive)
    __arm_cp.6_0                             0x08003774   Number         4  stm32l0xx_hal_spi.o(.text.HAL_SPI_TransmitReceive)
    __arm_cp.6_1                             0x08003778   Number         4  stm32l0xx_hal_spi.o(.text.HAL_SPI_TransmitReceive)
    [Anonymous Symbol]                       0x0800377c   Section        0  stm32l0xx_hal_cortex.o(.text.HAL_SYSTICK_Config)
    __arm_cp.4_0                             0x080037a4   Number         4  stm32l0xx_hal_cortex.o(.text.HAL_SYSTICK_Config)
    __arm_cp.4_2                             0x080037a8   Number         4  stm32l0xx_hal_cortex.o(.text.HAL_SYSTICK_Config)
    [Anonymous Symbol]                       0x080037ac   Section        0  stm32l0xx_hal.o(.text.HAL_SuspendTick)
    __arm_cp.11_0                            0x080037b8   Number         4  stm32l0xx_hal.o(.text.HAL_SuspendTick)
    [Anonymous Symbol]                       0x080037bc   Section        0  stm32l0xx_hal_uart.o(.text.HAL_UARTEx_RxEventCallback)
    [Anonymous Symbol]                       0x080037be   Section        0  stm32l0xx_hal_uart.o(.text.HAL_UART_Init)
    [Anonymous Symbol]                       0x0800382c   Section        0  usart.o(.text.HAL_UART_MspInit)
    __arm_cp.2_0                             0x080038a4   Number         4  usart.o(.text.HAL_UART_MspInit)
    __arm_cp.2_2                             0x080038a8   Number         4  usart.o(.text.HAL_UART_MspInit)
    [Anonymous Symbol]                       0x080038ac   Section        0  stm32l0xx_hal_uart.o(.text.HAL_UART_Receive_IT)
    __arm_cp.16_0                            0x08003918   Number         4  stm32l0xx_hal_uart.o(.text.HAL_UART_Receive_IT)
    [Anonymous Symbol]                       0x0800391c   Section        0  stm32l0xx_hal_uart.o(.text.HAL_UART_RxCpltCallback)
    [Anonymous Symbol]                       0x08003920   Section        0  stm32l0xx_hal_uart.o(.text.HAL_UART_Transmit)
    __arm_cp.10_0                            0x08003aa8   Number         4  stm32l0xx_hal_uart.o(.text.HAL_UART_Transmit)
    [Anonymous Symbol]                       0x08003aac   Section        0  hw_vcom.o(.text.HW_VCOM_Init)
    __arm_cp.0_0                             0x08003af0   Number         4  hw_vcom.o(.text.HW_VCOM_Init)
    __arm_cp.0_1                             0x08003af4   Number         4  hw_vcom.o(.text.HW_VCOM_Init)
    [Anonymous Symbol]                       0x08003af8   Section        0  stm32l0xx_it.o(.text.HardFault_Handler)
    [Anonymous Symbol]                       0x08003afc   Section        0  mcp2515.o(.text.MCP2515_EnableInterrupts)
    [Anonymous Symbol]                       0x08003b50   Section        0  mcp2515.o(.text.MCP2515_GetRxStatus)
    [Anonymous Symbol]                       0x08003b94   Section        0  mcp2515.o(.text.MCP2515_Initialize)
    [Anonymous Symbol]                       0x08003c6c   Section        0  mcp2515.o(.text.MCP2515_ReadRxSequence)
    [Anonymous Symbol]                       0x08003cb0   Section        0  mcp2515.o(.text.MCP2515_ReadStatus)
    [Anonymous Symbol]                       0x08003cf4   Section        0  mcp2515.o(.text.MCP2515_SetConfigMode)
    [Anonymous Symbol]                       0x08003da8   Section        0  mcp2515.o(.text.MCP2515_SetNormalMode)
    [Anonymous Symbol]                       0x08003e5c   Section        0  mcp2515.o(.text.MCP2515_WriteByte)
    __arm_cp.3_0                             0x08003eb4   Number         4  mcp2515.o(.text.MCP2515_WriteByte)
    __arm_cp.3_1                             0x08003eb8   Number         4  mcp2515.o(.text.MCP2515_WriteByte)
    [Anonymous Symbol]                       0x08003ebc   Section        0  mcp2515.o(.text.MCP2515_WriteByteSequence)
    __arm_cp.9_0                             0x08003f14   Number         4  mcp2515.o(.text.MCP2515_WriteByteSequence)
    __arm_cp.9_1                             0x08003f18   Number         4  mcp2515.o(.text.MCP2515_WriteByteSequence)
    [Anonymous Symbol]                       0x08003f1c   Section        0  gpio.o(.text.MX_GPIO_Init)
    __arm_cp.0_0                             0x0800404c   Number         4  gpio.o(.text.MX_GPIO_Init)
    __arm_cp.0_1                             0x08004050   Number         4  gpio.o(.text.MX_GPIO_Init)
    __arm_cp.0_2                             0x08004054   Number         4  gpio.o(.text.MX_GPIO_Init)
    [Anonymous Symbol]                       0x08004058   Section        0  spi.o(.text.MX_SPI1_Init)
    __arm_cp.0_0                             0x08004090   Number         4  spi.o(.text.MX_SPI1_Init)
    __arm_cp.0_1                             0x08004094   Number         4  spi.o(.text.MX_SPI1_Init)
    [Anonymous Symbol]                       0x08004098   Section        0  usart.o(.text.MX_USART2_UART_Init)
    __arm_cp.0_0                             0x080040d0   Number         4  usart.o(.text.MX_USART2_UART_Init)
    __arm_cp.0_1                             0x080040d4   Number         4  usart.o(.text.MX_USART2_UART_Init)
    [Anonymous Symbol]                       0x080040d8   Section        0  usart.o(.text.MX_USART4_UART_Init)
    __arm_cp.1_1                             0x08004108   Number         4  usart.o(.text.MX_USART4_UART_Init)
    [Anonymous Symbol]                       0x0800410c   Section        0  stm32l0xx_it.o(.text.NMI_Handler)
    [Anonymous Symbol]                       0x0800410e   Section        0  stm32l0xx_it.o(.text.PendSV_Handler)
    [Anonymous Symbol]                       0x08004110   Section        0  hw_vcom.o(.text.Printf)
    __arm_cp.2_0                             0x080041dc   Number         4  hw_vcom.o(.text.Printf)
    __arm_cp.2_1                             0x080041e0   Number         4  hw_vcom.o(.text.Printf)
    __arm_cp.2_2                             0x080041e4   Number         4  hw_vcom.o(.text.Printf)
    SPI_WaitFlagStateUntilTimeout            0x080041e9   Thumb Code   272  stm32l0xx_hal_spi.o(.text.SPI_WaitFlagStateUntilTimeout)
    [Anonymous Symbol]                       0x080041e8   Section        0  stm32l0xx_hal_spi.o(.text.SPI_WaitFlagStateUntilTimeout)
    __arm_cp.52_0                            0x080042f8   Number         4  stm32l0xx_hal_spi.o(.text.SPI_WaitFlagStateUntilTimeout)
    [Anonymous Symbol]                       0x080042fc   Section        0  stm32l0xx_it.o(.text.SVC_Handler)
    [Anonymous Symbol]                       0x08004300   Section        0  dfplayer_mini.o(.text.Sound_Track)
    __arm_cp.1_0                             0x08004340   Number         4  dfplayer_mini.o(.text.Sound_Track)
    __arm_cp.1_1                             0x08004344   Number         4  dfplayer_mini.o(.text.Sound_Track)
    [Anonymous Symbol]                       0x08004348   Section        0  stm32l0xx_it.o(.text.SysTick_Handler)
    [Anonymous Symbol]                       0x08004350   Section        0  system_stm32l0xx.o(.text.SystemInit)
    [Anonymous Symbol]                       0x08004352   Section        0  stm32l0xx_hal_uart.o(.text.UART_AdvFeatureConfig)
    [Anonymous Symbol]                       0x08004424   Section        0  stm32l0xx_hal_uart.o(.text.UART_CheckIdleState)
    __arm_cp.4_0                             0x080044f0   Number         4  stm32l0xx_hal_uart.o(.text.UART_CheckIdleState)
    UART_RxISR_16BIT                         0x080044f5   Thumb Code   216  stm32l0xx_hal_uart.o(.text.UART_RxISR_16BIT)
    [Anonymous Symbol]                       0x080044f4   Section        0  stm32l0xx_hal_uart.o(.text.UART_RxISR_16BIT)
    UART_RxISR_8BIT                          0x080045cd   Thumb Code   216  stm32l0xx_hal_uart.o(.text.UART_RxISR_8BIT)
    [Anonymous Symbol]                       0x080045cc   Section        0  stm32l0xx_hal_uart.o(.text.UART_RxISR_8BIT)
    [Anonymous Symbol]                       0x080046a4   Section        0  stm32l0xx_hal_uart.o(.text.UART_SetConfig)
    __arm_cp.3_0                             0x08004888   Number         4  stm32l0xx_hal_uart.o(.text.UART_SetConfig)
    __arm_cp.3_1                             0x0800488c   Number         4  stm32l0xx_hal_uart.o(.text.UART_SetConfig)
    __arm_cp.3_2                             0x08004890   Number         4  stm32l0xx_hal_uart.o(.text.UART_SetConfig)
    __arm_cp.3_3                             0x08004894   Number         4  stm32l0xx_hal_uart.o(.text.UART_SetConfig)
    __arm_cp.3_4                             0x08004898   Number         4  stm32l0xx_hal_uart.o(.text.UART_SetConfig)
    __arm_cp.3_5                             0x0800489c   Number         4  stm32l0xx_hal_uart.o(.text.UART_SetConfig)
    __arm_cp.3_6                             0x080048a0   Number         4  stm32l0xx_hal_uart.o(.text.UART_SetConfig)
    __arm_cp.3_7                             0x080048a4   Number         4  stm32l0xx_hal_uart.o(.text.UART_SetConfig)
    __arm_cp.3_8                             0x080048a8   Number         4  stm32l0xx_hal_uart.o(.text.UART_SetConfig)
    __arm_cp.3_10                            0x080048bc   Number         4  stm32l0xx_hal_uart.o(.text.UART_SetConfig)
    __arm_cp.3_11                            0x080048c0   Number         4  stm32l0xx_hal_uart.o(.text.UART_SetConfig)
    __arm_cp.3_12                            0x080048c4   Number         4  stm32l0xx_hal_uart.o(.text.UART_SetConfig)
    __arm_cp.3_13                            0x080048c8   Number         4  stm32l0xx_hal_uart.o(.text.UART_SetConfig)
    __arm_cp.3_14                            0x080048cc   Number         4  stm32l0xx_hal_uart.o(.text.UART_SetConfig)
    [Anonymous Symbol]                       0x080048d0   Section        0  stm32l0xx_hal_uart.o(.text.UART_Start_Receive_IT)
    __arm_cp.17_0                            0x08004998   Number         4  stm32l0xx_hal_uart.o(.text.UART_Start_Receive_IT)
    __arm_cp.17_1                            0x0800499c   Number         4  stm32l0xx_hal_uart.o(.text.UART_Start_Receive_IT)
    __arm_cp.17_2                            0x080049a0   Number         4  stm32l0xx_hal_uart.o(.text.UART_Start_Receive_IT)
    [Anonymous Symbol]                       0x080049a4   Section        0  stm32l0xx_hal_uart.o(.text.UART_WaitOnFlagUntilTimeout)
    [Anonymous Symbol]                       0x08004b60   Section        0  lcd.o(.text.lcd_clear)
    lcd_command                              0x08004b71   Thumb Code   216  lcd.o(.text.lcd_command)
    [Anonymous Symbol]                       0x08004b70   Section        0  lcd.o(.text.lcd_command)
    [Anonymous Symbol]                       0x08004c48   Section        0  lcd.o(.text.lcd_goto)
    [Anonymous Symbol]                       0x08004c5c   Section        0  lcd.o(.text.lcd_init)
    [Anonymous Symbol]                       0x08004df0   Section        0  lcd.o(.text.lcd_print)
    __arm_cp.4_0                             0x08004ee4   Number         4  lcd.o(.text.lcd_print)
    __arm_cp.4_1                             0x08004ee8   Number         4  lcd.o(.text.lcd_print)
    [Anonymous Symbol]                       0x08004eec   Section        0  main.o(.text.main)
    __arm_cp.1_0                             0x0800524c   Number         4  main.o(.text.main)
    __arm_cp.1_1                             0x08005250   Number         4  main.o(.text.main)
    __arm_cp.1_5                             0x08005288   Number         4  main.o(.text.main)
    __arm_cp.1_7                             0x080052a4   Number         4  main.o(.text.main)
    __arm_cp.1_8                             0x080052a8   Number         4  main.o(.text.main)
    __arm_cp.1_9                             0x080052ac   Number         4  main.o(.text.main)
    __arm_cp.1_10                            0x080052b0   Number         4  main.o(.text.main)
    __arm_cp.1_11                            0x080052b4   Number         4  main.o(.text.main)
    __arm_cp.1_12                            0x080052b8   Number         4  main.o(.text.main)
    __arm_cp.1_13                            0x080052bc   Number         4  main.o(.text.main)
    __arm_cp.1_14                            0x080052c0   Number         4  main.o(.text.main)
    __arm_cp.1_15                            0x080052c4   Number         4  main.o(.text.main)
    __arm_cp.1_16                            0x080052c8   Number         4  main.o(.text.main)
    .text_divfast                            0x080052ec   Section      502  aeabi_sdivfast.o(.text_divfast)
    i.__ARM_common_ll_muluu                  0x080054e2   Section        0  btod.o(i.__ARM_common_ll_muluu)
    i.__ARM_fpclassify                       0x08005514   Section        0  fpclassify.o(i.__ARM_fpclassify)
    i._is_digit                              0x08005540   Section        0  __printf_wp.o(i._is_digit)
    locale$$code                             0x08005550   Section       44  lc_numeric_c.o(locale$$code)
    locale$$code                             0x0800557c   Section       44  lc_ctype_c.o(locale$$code)
    x$fpl$printf1                            0x080055a8   Section       16  printf1.o(x$fpl$printf1)
    x$fpl$printf2                            0x080055b8   Section       16  printf2.o(x$fpl$printf2)
    initial_mbstate                          0x080055c8   Data           8  _printf_wctomb.o(.constdata)
    .constdata                               0x080055c8   Section        8  _printf_wctomb.o(.constdata)
    x$fpl$usenofp                            0x080055c8   Section        0  usenofp.o(x$fpl$usenofp)
    uc_hextab                                0x080055d0   Data          20  _printf_hex_int_ll_ptr.o(.constdata)
    .constdata                               0x080055d0   Section       40  _printf_hex_int_ll_ptr.o(.constdata)
    lc_hextab                                0x080055e4   Data          20  _printf_hex_int_ll_ptr.o(.constdata)
    maptable                                 0x080055f8   Data          17  __printf_flags_ss_wp.o(.constdata)
    .constdata                               0x080055f8   Section       17  __printf_flags_ss_wp.o(.constdata)
    lc_hextab                                0x08005609   Data          19  _printf_fp_hex.o(.constdata)
    .constdata                               0x08005609   Section       38  _printf_fp_hex.o(.constdata)
    uc_hextab                                0x0800561c   Data          19  _printf_fp_hex.o(.constdata)
    tenpwrs_x                                0x08005630   Data          60  bigflt0.o(.constdata)
    .constdata                               0x08005630   Section      148  bigflt0.o(.constdata)
    tenpwrs_i                                0x0800566c   Data          64  bigflt0.o(.constdata)
    [Anonymous Symbol]                       0x080056e8   Section        0  stm32l0xx_hal_uart.o(.rodata.cst16)
    [Anonymous Symbol]                       0x080056f8   Section        0  main.o(.rodata.str1.1)
    locale$$data                             0x080057d0   Section       28  lc_numeric_c.o(locale$$data)
    __lcnum_c_name                           0x080057d4   Data           2  lc_numeric_c.o(locale$$data)
    __lcnum_c_start                          0x080057dc   Data           0  lc_numeric_c.o(locale$$data)
    __lcnum_c_point                          0x080057e8   Data           0  lc_numeric_c.o(locale$$data)
    __lcnum_c_thousands                      0x080057ea   Data           0  lc_numeric_c.o(locale$$data)
    __lcnum_c_grouping                       0x080057eb   Data           0  lc_numeric_c.o(locale$$data)
    __lcnum_c_end                            0x080057ec   Data           0  lc_numeric_c.o(locale$$data)
    locale$$data                             0x080057ec   Section      272  lc_ctype_c.o(locale$$data)
    __lcctype_c_name                         0x080057f0   Data           2  lc_ctype_c.o(locale$$data)
    __lcctype_c_start                        0x080057f8   Data           0  lc_ctype_c.o(locale$$data)
    __lcctype_c_end                          0x080058fc   Data           0  lc_ctype_c.o(locale$$data)
    [Anonymous Symbol]                       0x20000000   Section        0  main.o(.data..L_MergedGlobals)
    [Anonymous Symbol]                       0x20000004   Section        0  stm32l0xx_hal.o(.data..L_MergedGlobals)
    .bss                                     0x20000010   Section       96  libspace.o(.bss)
    [Anonymous Symbol]                       0x20000070   Section        0  canspi.o(.bss..L_MergedGlobals)
    [Anonymous Symbol]                       0x20000078   Section        0  hw_vcom.o(.bss..L_MergedGlobals)
    ir                                       0x2000007c   Data           2  hw_vcom.o(.bss..L_MergedGlobals)
    main.musicNumber                         0x20000084   Data           1  main.o(.bss..L_MergedGlobals.15)
    [Anonymous Symbol]                       0x20000084   Section        0  main.o(.bss..L_MergedGlobals.15)
    main.lcdCnt                              0x20000088   Data           4  main.o(.bss..L_MergedGlobals.15)
    main.buf                                 0x200000a0   Data          32  main.o(.bss..L_MergedGlobals.15)
    buff                                     0x200000c0   Data         256  hw_vcom.o(.bss.buff)
    [Anonymous Symbol]                       0x200000c0   Section        0  hw_vcom.o(.bss.buff)
    Heap_Mem                                 0x20000330   Data         512  startup_stm32l073xx.o(HEAP)
    HEAP                                     0x20000330   Section      512  startup_stm32l073xx.o(HEAP)
    Stack_Mem                                0x20000530   Data        1024  startup_stm32l073xx.o(STACK)
    STACK                                    0x20000530   Section     1024  startup_stm32l073xx.o(STACK)
    __initial_sp                             0x20000930   Data           0  startup_stm32l073xx.o(STACK)

    Global Symbols

    Symbol Name                              Value     Ov Type        Size  Object(Section)

    BuildAttributes$$THM_ISAv3M$S$PE$A:L22$X:L11$S22$IEEE1$IW$~IW$USESV6$~STKCKD$USESV7$~SHL$OTIME$ROPI$IEEEJ$EBA8$UX$STANDARDLIB$REQ8$PRES8$EABIv2 0x00000000   Number         0  anon$$obj.o ABSOLUTE
    _printf_flags                            0x00000000   Number         0  printf_stubs.o ABSOLUTE
    _printf_return_value                     0x00000000   Number         0  printf_stubs.o ABSOLUTE
    _printf_sizespec                         0x00000000   Number         0  printf_stubs.o ABSOLUTE
    _printf_widthprec                        0x00000000   Number         0  printf_stubs.o ABSOLUTE
    __ARM_exceptions_init                     - Undefined Weak Reference
    __alloca_initialize                       - Undefined Weak Reference
    __arm_preinit_                            - Undefined Weak Reference
    __arm_relocate_pie_                       - Undefined Weak Reference
    __cpp_initialize__aeabi_                  - Undefined Weak Reference
    __cxa_finalize                            - Undefined Weak Reference
    __sigvec_lookup                           - Undefined Weak Reference
    _atexit_init                              - Undefined Weak Reference
    _call_atexit_fns                          - Undefined Weak Reference
    _clock_init                               - Undefined Weak Reference
    _fp_trap_init                             - Undefined Weak Reference
    _fp_trap_shutdown                         - Undefined Weak Reference
    _get_lc_collate                           - Undefined Weak Reference
    _get_lc_monetary                          - Undefined Weak Reference
    _get_lc_time                              - Undefined Weak Reference
    _getenv_init                              - Undefined Weak Reference
    _handle_redirection                       - Undefined Weak Reference
    _init_alloc                               - Undefined Weak Reference
    _init_user_alloc                          - Undefined Weak Reference
    _initio                                   - Undefined Weak Reference
    _printf_mbtowc                            - Undefined Weak Reference
    _printf_wc                                - Undefined Weak Reference
    _rand_init                                - Undefined Weak Reference
    _signal_finish                            - Undefined Weak Reference
    _signal_init                              - Undefined Weak Reference
    _terminate_alloc                          - Undefined Weak Reference
    _terminate_user_alloc                     - Undefined Weak Reference
    _terminateio                              - Undefined Weak Reference
    __Vectors_Size                           0x000000c0   Number         0  startup_stm32l073xx.o ABSOLUTE
    __Vectors                                0x08000000   Data           4  startup_stm32l073xx.o(RESET)
    __Vectors_End                            0x080000c0   Data           0  startup_stm32l073xx.o(RESET)
    __main                                   0x080000c1   Thumb Code     8  __main.o(!!!main)
    __scatterload                            0x080000c9   Thumb Code     0  __scatter.o(!!!scatter)
    __scatterload_rt2                        0x080000c9   Thumb Code    74  __scatter.o(!!!scatter)
    __scatterload_rt2_thumb_only             0x080000c9   Thumb Code     0  __scatter.o(!!!scatter)
    __scatterload_loop                       0x080000d3   Thumb Code     0  __scatter.o(!!!scatter)
    __scatterload_copy                       0x0800011d   Thumb Code    26  __scatter_copy.o(!!handler_copy)
    __scatterload_null                       0x08000139   Thumb Code     2  __scatter.o(!!handler_null)
    __scatterload_zeroinit                   0x0800013d   Thumb Code    28  __scatter_zi.o(!!handler_zi)
    _printf_percent                          0x08000159   Thumb Code     0  _printf_percent.o(.ARM.Collect$$_printf_percent$$00000000)
    _printf_n                                0x0800015b   Thumb Code     0  _printf_n.o(.ARM.Collect$$_printf_percent$$00000001)
    _printf_p                                0x08000165   Thumb Code     0  _printf_p.o(.ARM.Collect$$_printf_percent$$00000002)
    _printf_f                                0x0800016f   Thumb Code     0  _printf_f.o(.ARM.Collect$$_printf_percent$$00000003)
    _printf_e                                0x08000179   Thumb Code     0  _printf_e.o(.ARM.Collect$$_printf_percent$$00000004)
    _printf_g                                0x08000183   Thumb Code     0  _printf_g.o(.ARM.Collect$$_printf_percent$$00000005)
    _printf_a                                0x0800018d   Thumb Code     0  _printf_a.o(.ARM.Collect$$_printf_percent$$00000006)
    _printf_ll                               0x08000197   Thumb Code     0  _printf_ll.o(.ARM.Collect$$_printf_percent$$00000007)
    _printf_i                                0x080001a1   Thumb Code     0  _printf_i.o(.ARM.Collect$$_printf_percent$$00000008)
    _printf_d                                0x080001ab   Thumb Code     0  _printf_d.o(.ARM.Collect$$_printf_percent$$00000009)
    _printf_u                                0x080001b5   Thumb Code     0  _printf_u.o(.ARM.Collect$$_printf_percent$$0000000A)
    _printf_o                                0x080001bf   Thumb Code     0  _printf_o.o(.ARM.Collect$$_printf_percent$$0000000B)
    _printf_x                                0x080001c9   Thumb Code     0  _printf_x.o(.ARM.Collect$$_printf_percent$$0000000C)
    _printf_lli                              0x080001d3   Thumb Code     0  _printf_lli.o(.ARM.Collect$$_printf_percent$$0000000D)
    _printf_lld                              0x080001dd   Thumb Code     0  _printf_lld.o(.ARM.Collect$$_printf_percent$$0000000E)
    _printf_llu                              0x080001e7   Thumb Code     0  _printf_llu.o(.ARM.Collect$$_printf_percent$$0000000F)
    _printf_llo                              0x080001f1   Thumb Code     0  _printf_llo.o(.ARM.Collect$$_printf_percent$$00000010)
    _printf_llx                              0x080001fb   Thumb Code     0  _printf_llx.o(.ARM.Collect$$_printf_percent$$00000011)
    _printf_l                                0x08000205   Thumb Code     0  _printf_l.o(.ARM.Collect$$_printf_percent$$00000012)
    _printf_c                                0x0800020f   Thumb Code     0  _printf_c.o(.ARM.Collect$$_printf_percent$$00000013)
    _printf_s                                0x08000219   Thumb Code     0  _printf_s.o(.ARM.Collect$$_printf_percent$$00000014)
    _printf_lc                               0x08000223   Thumb Code     0  _printf_lc.o(.ARM.Collect$$_printf_percent$$00000015)
    _printf_ls                               0x0800022d   Thumb Code     0  _printf_ls.o(.ARM.Collect$$_printf_percent$$00000016)
    _printf_percent_end                      0x08000237   Thumb Code     0  _printf_percent_end.o(.ARM.Collect$$_printf_percent$$00000017)
    __rt_lib_init                            0x0800023b   Thumb Code     0  libinit.o(.ARM.Collect$$libinit$$00000000)
    __rt_lib_init_fp_1                       0x0800023d   Thumb Code     0  libinit2.o(.ARM.Collect$$libinit$$00000002)
    __rt_lib_init_heap_1                     0x0800023d   Thumb Code     0  libinit2.o(.ARM.Collect$$libinit$$0000000C)
    __rt_lib_init_lc_common                  0x0800023d   Thumb Code     0  libinit2.o(.ARM.Collect$$libinit$$00000011)
    __rt_lib_init_preinit_1                  0x0800023d   Thumb Code     0  libinit2.o(.ARM.Collect$$libinit$$00000006)
    __rt_lib_init_rand_1                     0x0800023d   Thumb Code     0  libinit2.o(.ARM.Collect$$libinit$$00000010)
    __rt_lib_init_relocate_pie_1             0x0800023d   Thumb Code     0  libinit2.o(.ARM.Collect$$libinit$$00000004)
    __rt_lib_init_user_alloc_1               0x0800023d   Thumb Code     0  libinit2.o(.ARM.Collect$$libinit$$0000000E)
    __rt_lib_init_lc_collate_1               0x08000243   Thumb Code     0  libinit2.o(.ARM.Collect$$libinit$$00000013)
    __rt_lib_init_lc_ctype_2                 0x08000243   Thumb Code     0  libinit2.o(.ARM.Collect$$libinit$$00000014)
    __rt_lib_init_lc_ctype_1                 0x0800024f   Thumb Code     0  libinit2.o(.ARM.Collect$$libinit$$00000015)
    __rt_lib_init_lc_monetary_1              0x0800024f   Thumb Code     0  libinit2.o(.ARM.Collect$$libinit$$00000017)
    __rt_lib_init_lc_numeric_2               0x0800024f   Thumb Code     0  libinit2.o(.ARM.Collect$$libinit$$00000018)
    __rt_lib_init_alloca_1                   0x08000259   Thumb Code     0  libinit2.o(.ARM.Collect$$libinit$$00000030)
    __rt_lib_init_argv_1                     0x08000259   Thumb Code     0  libinit2.o(.ARM.Collect$$libinit$$0000002E)
    __rt_lib_init_atexit_1                   0x08000259   Thumb Code     0  libinit2.o(.ARM.Collect$$libinit$$0000001D)
    __rt_lib_init_clock_1                    0x08000259   Thumb Code     0  libinit2.o(.ARM.Collect$$libinit$$00000023)
    __rt_lib_init_cpp_1                      0x08000259   Thumb Code     0  libinit2.o(.ARM.Collect$$libinit$$00000034)
    __rt_lib_init_exceptions_1               0x08000259   Thumb Code     0  libinit2.o(.ARM.Collect$$libinit$$00000032)
    __rt_lib_init_fp_trap_1                  0x08000259   Thumb Code     0  libinit2.o(.ARM.Collect$$libinit$$00000021)
    __rt_lib_init_getenv_1                   0x08000259   Thumb Code     0  libinit2.o(.ARM.Collect$$libinit$$00000025)
    __rt_lib_init_lc_numeric_1               0x08000259   Thumb Code     0  libinit2.o(.ARM.Collect$$libinit$$00000019)
    __rt_lib_init_lc_time_1                  0x08000259   Thumb Code     0  libinit2.o(.ARM.Collect$$libinit$$0000001B)
    __rt_lib_init_return                     0x08000259   Thumb Code     0  libinit2.o(.ARM.Collect$$libinit$$00000035)
    __rt_lib_init_signal_1                   0x08000259   Thumb Code     0  libinit2.o(.ARM.Collect$$libinit$$0000001F)
    __rt_lib_init_stdio_1                    0x08000259   Thumb Code     0  libinit2.o(.ARM.Collect$$libinit$$00000027)
    __rt_lib_shutdown                        0x0800025b   Thumb Code     0  libshutdown.o(.ARM.Collect$$libshutdown$$00000000)
    __rt_lib_shutdown_cpp_1                  0x0800025d   Thumb Code     0  libshutdown2.o(.ARM.Collect$$libshutdown$$00000002)
    __rt_lib_shutdown_fp_trap_1              0x0800025d   Thumb Code     0  libshutdown2.o(.ARM.Collect$$libshutdown$$00000007)
    __rt_lib_shutdown_heap_1                 0x0800025d   Thumb Code     0  libshutdown2.o(.ARM.Collect$$libshutdown$$0000000F)
    __rt_lib_shutdown_return                 0x0800025d   Thumb Code     0  libshutdown2.o(.ARM.Collect$$libshutdown$$00000010)
    __rt_lib_shutdown_signal_1               0x0800025d   Thumb Code     0  libshutdown2.o(.ARM.Collect$$libshutdown$$0000000A)
    __rt_lib_shutdown_stdio_1                0x0800025d   Thumb Code     0  libshutdown2.o(.ARM.Collect$$libshutdown$$00000004)
    __rt_lib_shutdown_user_alloc_1           0x0800025d   Thumb Code     0  libshutdown2.o(.ARM.Collect$$libshutdown$$0000000C)
    __rt_entry                               0x0800025f   Thumb Code     0  __rtentry.o(.ARM.Collect$$rtentry$$00000000)
    __rt_entry_presh_1                       0x0800025f   Thumb Code     0  __rtentry2.o(.ARM.Collect$$rtentry$$00000002)
    __rt_entry_sh                            0x0800025f   Thumb Code     0  __rtentry4.o(.ARM.Collect$$rtentry$$00000004)
    __rt_entry_li                            0x08000265   Thumb Code     0  __rtentry2.o(.ARM.Collect$$rtentry$$0000000A)
    __rt_entry_postsh_1                      0x08000265   Thumb Code     0  __rtentry2.o(.ARM.Collect$$rtentry$$00000009)
    __rt_entry_main                          0x08000269   Thumb Code     0  __rtentry2.o(.ARM.Collect$$rtentry$$0000000D)
    __rt_entry_postli_1                      0x08000269   Thumb Code     0  __rtentry2.o(.ARM.Collect$$rtentry$$0000000C)
    __rt_exit                                0x08000271   Thumb Code     0  rtexit.o(.ARM.Collect$$rtexit$$00000000)
    __rt_exit_ls                             0x08000273   Thumb Code     0  rtexit2.o(.ARM.Collect$$rtexit$$00000003)
    __rt_exit_prels_1                        0x08000273   Thumb Code     0  rtexit2.o(.ARM.Collect$$rtexit$$00000002)
    __rt_exit_exit                           0x08000277   Thumb Code     0  rtexit2.o(.ARM.Collect$$rtexit$$00000004)
    __aeabi_memcpy4                          0x0800027d   Thumb Code    56  rt_memcpy.o(.emb_text)
    __aeabi_memcpy8                          0x0800027d   Thumb Code     0  rt_memcpy.o(.emb_text)
    Reset_Handler                            0x080002b5   Thumb Code     8  startup_stm32l073xx.o(.text)
    ADC1_COMP_IRQHandler                     0x080002c7   Thumb Code     0  startup_stm32l073xx.o(.text)
    DMA1_Channel1_IRQHandler                 0x080002c7   Thumb Code     0  startup_stm32l073xx.o(.text)
    DMA1_Channel2_3_IRQHandler               0x080002c7   Thumb Code     0  startup_stm32l073xx.o(.text)
    DMA1_Channel4_5_6_7_IRQHandler           0x080002c7   Thumb Code     0  startup_stm32l073xx.o(.text)
    EXTI0_1_IRQHandler                       0x080002c7   Thumb Code     0  startup_stm32l073xx.o(.text)
    EXTI2_3_IRQHandler                       0x080002c7   Thumb Code     0  startup_stm32l073xx.o(.text)
    FLASH_IRQHandler                         0x080002c7   Thumb Code     0  startup_stm32l073xx.o(.text)
    I2C1_IRQHandler                          0x080002c7   Thumb Code     0  startup_stm32l073xx.o(.text)
    I2C2_IRQHandler                          0x080002c7   Thumb Code     0  startup_stm32l073xx.o(.text)
    I2C3_IRQHandler                          0x080002c7   Thumb Code     0  startup_stm32l073xx.o(.text)
    LCD_IRQHandler                           0x080002c7   Thumb Code     0  startup_stm32l073xx.o(.text)
    LPTIM1_IRQHandler                        0x080002c7   Thumb Code     0  startup_stm32l073xx.o(.text)
    PVD_IRQHandler                           0x080002c7   Thumb Code     0  startup_stm32l073xx.o(.text)
    RCC_CRS_IRQHandler                       0x080002c7   Thumb Code     0  startup_stm32l073xx.o(.text)
    RNG_LPUART1_IRQHandler                   0x080002c7   Thumb Code     0  startup_stm32l073xx.o(.text)
    RTC_IRQHandler                           0x080002c7   Thumb Code     0  startup_stm32l073xx.o(.text)
    SPI1_IRQHandler                          0x080002c7   Thumb Code     0  startup_stm32l073xx.o(.text)
    SPI2_IRQHandler                          0x080002c7   Thumb Code     0  startup_stm32l073xx.o(.text)
    TIM21_IRQHandler                         0x080002c7   Thumb Code     0  startup_stm32l073xx.o(.text)
    TIM22_IRQHandler                         0x080002c7   Thumb Code     0  startup_stm32l073xx.o(.text)
    TIM2_IRQHandler                          0x080002c7   Thumb Code     0  startup_stm32l073xx.o(.text)
    TIM3_IRQHandler                          0x080002c7   Thumb Code     0  startup_stm32l073xx.o(.text)
    TIM6_DAC_IRQHandler                      0x080002c7   Thumb Code     0  startup_stm32l073xx.o(.text)
    TIM7_IRQHandler                          0x080002c7   Thumb Code     0  startup_stm32l073xx.o(.text)
    TSC_IRQHandler                           0x080002c7   Thumb Code     0  startup_stm32l073xx.o(.text)
    USART1_IRQHandler                        0x080002c7   Thumb Code     0  startup_stm32l073xx.o(.text)
    USART2_IRQHandler                        0x080002c7   Thumb Code     0  startup_stm32l073xx.o(.text)
    USART4_5_IRQHandler                      0x080002c7   Thumb Code     0  startup_stm32l073xx.o(.text)
    USB_IRQHandler                           0x080002c7   Thumb Code     0  startup_stm32l073xx.o(.text)
    WWDG_IRQHandler                          0x080002c7   Thumb Code     0  startup_stm32l073xx.o(.text)
    __user_initial_stackheap                 0x080002c9   Thumb Code     0  startup_stm32l073xx.o(.text)
    __aeabi_uldivmod                         0x080002ed   Thumb Code   272  lludiv.o(.text)
    _ll_udiv                                 0x080002ed   Thumb Code     0  lludiv.o(.text)
    vsprintf                                 0x080003fd   Thumb Code    32  vsprintf.o(.text)
    __aeabi_memcpy                           0x08000421   Thumb Code   130  rt_memcpy.o(.text)
    __rt_memcpy                              0x08000421   Thumb Code     0  rt_memcpy.o(.text)
    _memset_w                                0x080004a3   Thumb Code    26  rt_memclr.o(.text)
    _memset                                  0x080004bd   Thumb Code    30  rt_memclr.o(.text)
    __aeabi_memclr                           0x080004db   Thumb Code     4  rt_memclr.o(.text)
    __rt_memclr                              0x080004db   Thumb Code     0  rt_memclr.o(.text)
    __aeabi_memclr4                          0x080004df   Thumb Code     0  rt_memclr.o(.text)
    __aeabi_memclr8                          0x080004df   Thumb Code     0  rt_memclr.o(.text)
    __rt_memclr_w                            0x080004df   Thumb Code     4  rt_memclr.o(.text)
    __aeabi_uidivmod                         0x080004e5   Thumb Code    28  aeabi_sdivfast.o(.text)
    __aeabi_idivmod                          0x08000501   Thumb Code   472  aeabi_sdivfast.o(.text)
    __use_two_region_memory                  0x080006dd   Thumb Code     2  heapauxi.o(.text)
    __rt_heap_escrow$2region                 0x080006df   Thumb Code     2  heapauxi.o(.text)
    __rt_heap_expand$2region                 0x080006e1   Thumb Code     2  heapauxi.o(.text)
    _printf_pre_padding                      0x080006e3   Thumb Code    44  _printf_pad.o(.text)
    _printf_post_padding                     0x0800070f   Thumb Code    34  _printf_pad.o(.text)
    _printf_truncate_signed                  0x08000731   Thumb Code    18  _printf_truncate.o(.text)
    _printf_truncate_unsigned                0x08000743   Thumb Code    18  _printf_truncate.o(.text)
    _printf_str                              0x08000755   Thumb Code    82  _printf_str.o(.text)
    _printf_int_dec                          0x080007a9   Thumb Code    90  _printf_dec.o(.text)
    _printf_charcount                        0x08000815   Thumb Code    38  _printf_charcount.o(.text)
    _printf_char_common                      0x08000847   Thumb Code    32  _printf_char_common.o(.text)
    _sputc                                   0x0800086d   Thumb Code    10  _sputc.o(.text)
    _printf_wctomb                           0x08000879   Thumb Code   182  _printf_wctomb.o(.text)
    _printf_longlong_dec                     0x08000935   Thumb Code    94  _printf_longlong_dec.o(.text)
    _printf_longlong_oct                     0x080009a5   Thumb Code    68  _printf_oct_int_ll.o(.text)
    _printf_int_oct                          0x080009e9   Thumb Code    24  _printf_oct_int_ll.o(.text)
    _printf_ll_oct                           0x08000a01   Thumb Code    10  _printf_oct_int_ll.o(.text)
    _printf_longlong_hex                     0x08000a15   Thumb Code    88  _printf_hex_int_ll_ptr.o(.text)
    _printf_int_hex                          0x08000a6d   Thumb Code    28  _printf_hex_int_ll_ptr.o(.text)
    _printf_ll_hex                           0x08000a89   Thumb Code    10  _printf_hex_int_ll_ptr.o(.text)
    _printf_hex_ptr                          0x08000a93   Thumb Code    22  _printf_hex_int_ll_ptr.o(.text)
    __printf                                 0x08000aad   Thumb Code   386  __printf_flags_ss_wp.o(.text)
    _ll_udiv10                               0x08000c35   Thumb Code   122  lludiv10.o(.text)
    _printf_int_common                       0x08000caf   Thumb Code   176  _printf_intcommon.o(.text)
    _printf_fp_dec_real                      0x08000efd   Thumb Code   620  _printf_fp_dec.o(.text)
    _printf_fp_hex_real                      0x08001175   Thumb Code   718  _printf_fp_hex.o(.text)
    _printf_cs_common                        0x0800144d   Thumb Code    22  _printf_char.o(.text)
    _printf_char                             0x08001463   Thumb Code    16  _printf_char.o(.text)
    _printf_string                           0x08001473   Thumb Code     8  _printf_char.o(.text)
    _printf_lcs_common                       0x0800147b   Thumb Code    22  _printf_wchar.o(.text)
    _printf_wchar                            0x08001491   Thumb Code    16  _printf_wchar.o(.text)
    _printf_wstring                          0x080014a1   Thumb Code     8  _printf_wchar.o(.text)
    _c16rtomb                                0x080014a9   Thumb Code    66  _c16rtomb.o(.text)
    _wcrtomb                                 0x080014a9   Thumb Code     0  _c16rtomb.o(.text)
    __rt_udiv10                              0x080014eb   Thumb Code    40  rtudiv10.o(.text)
    __user_setup_stackheap                   0x08001513   Thumb Code    62  sys_stackheap_outer.o(.text)
    __rt_ctype_table                         0x08001551   Thumb Code    16  rt_ctype_table.o(.text)
    __rt_locale                              0x08001561   Thumb Code     8  rt_locale_intlibspace.o(.text)
    _printf_fp_infnan                        0x08001569   Thumb Code   120  _printf_fp_infnan.o(.text)
    _btod_etento                             0x080015f1   Thumb Code   210  bigflt0.o(.text)
    _btod_d2e                                0x080016c9   Thumb Code    64  btod.o(.text)
    _btod_emul                               0x08001afd   Thumb Code    28  btod.o(.text)
    _btod_emuld                              0x08001b19   Thumb Code   144  btod.o(.text)
    _btod_ediv                               0x08001ba9   Thumb Code    26  btod.o(.text)
    _btod_edivd                              0x08001bc3   Thumb Code   124  btod.o(.text)
    exit                                     0x08001c49   Thumb Code    16  exit.o(.text)
    __user_libspace                          0x08001c59   Thumb Code     8  libspace.o(.text)
    __user_perproc_libspace                  0x08001c59   Thumb Code     0  libspace.o(.text)
    __user_perthread_libspace                0x08001c59   Thumb Code     0  libspace.o(.text)
    strcmp                                   0x08001c61   Thumb Code   176  strcmpv6m.o(.text)
    _sys_exit                                0x08001d11   Thumb Code     8  sys_exit.o(.text)
    __I$use$semihosting                      0x08001d1d   Thumb Code     0  use_no_semi.o(.text)
    __use_no_semihosting_swi                 0x08001d1d   Thumb Code     2  use_no_semi.o(.text)
    CANSPI_Initialize                        0x08001d1f   Thumb Code   192  canspi.o(.text.CANSPI_Initialize)
    __semihosting_library_function           0x08001d1f   Thumb Code     0  indicate_semi.o(.text)
    CANSPI_Receive                           0x08001ddf   Thumb Code   134  canspi.o(.text.CANSPI_Receive)
    CANSPI_messagesInBuffer                  0x08001e65   Thumb Code    24  canspi.o(.text.CANSPI_messagesInBuffer)
    DF_Init                                  0x08001e81   Thumb Code   200  dfplayer_mini.o(.text.DF_Init)
    DF_Pause                                 0x08001fa5   Thumb Code    56  dfplayer_mini.o(.text.DF_Pause)
    DF_Resume                                0x08001fdd   Thumb Code    56  dfplayer_mini.o(.text.DF_Resume)
    DF_Volume_Down                           0x08002015   Thumb Code    56  dfplayer_mini.o(.text.DF_Volume_Down)
    DF_Volume_Up                             0x0800204d   Thumb Code    56  dfplayer_mini.o(.text.DF_Volume_Up)
    EXTI4_15_IRQHandler                      0x08002089   Thumb Code    18  stm32l0xx_it.o(.text.EXTI4_15_IRQHandler)
    Error_Handler                            0x0800209b   Thumb Code     8  main.o(.text.Error_Handler)
    HAL_Delay                                0x080020a5   Thumb Code    32  stm32l0xx_hal.o(.text.HAL_Delay)
    HAL_GPIO_EXTI_Callback                   0x080020c5   Thumb Code    20  main.o(.text.HAL_GPIO_EXTI_Callback)
    HAL_GPIO_EXTI_IRQHandler                 0x080020dd   Thumb Code    20  stm32l0xx_hal_gpio.o(.text.HAL_GPIO_EXTI_IRQHandler)
    HAL_GPIO_Init                            0x080020f5   Thumb Code   380  stm32l0xx_hal_gpio.o(.text.HAL_GPIO_Init)
    HAL_GPIO_ReadPin                         0x0800227d   Thumb Code    10  stm32l0xx_hal_gpio.o(.text.HAL_GPIO_ReadPin)
    HAL_GPIO_WritePin                        0x08002287   Thumb Code    16  stm32l0xx_hal_gpio.o(.text.HAL_GPIO_WritePin)
    HAL_GetTick                              0x08002299   Thumb Code     8  stm32l0xx_hal.o(.text.HAL_GetTick)
    HAL_IncTick                              0x080022a1   Thumb Code    16  stm32l0xx_hal.o(.text.HAL_IncTick)
    HAL_Init                                 0x080022b5   Thumb Code    36  stm32l0xx_hal.o(.text.HAL_Init)
    HAL_InitTick                             0x080022dd   Thumb Code    60  stm32l0xx_hal.o(.text.HAL_InitTick)
    HAL_MspInit                              0x08002321   Thumb Code    20  stm32l0xx_hal_msp.o(.text.HAL_MspInit)
    HAL_NVIC_EnableIRQ                       0x08002339   Thumb Code    20  stm32l0xx_hal_cortex.o(.text.HAL_NVIC_EnableIRQ)
    HAL_NVIC_SetPriority                     0x08002351   Thumb Code    48  stm32l0xx_hal_cortex.o(.text.HAL_NVIC_SetPriority)
    HAL_PWR_EnterSLEEPMode                   0x08002389   Thumb Code    84  stm32l0xx_hal_pwr.o(.text.HAL_PWR_EnterSLEEPMode)
    HAL_RCCEx_PeriphCLKConfig                0x080023e5   Thumb Code   560  stm32l0xx_hal_rcc_ex.o(.text.HAL_RCCEx_PeriphCLKConfig)
    HAL_RCC_ClockConfig                      0x0800261d   Thumb Code   504  stm32l0xx_hal_rcc.o(.text.HAL_RCC_ClockConfig)
    HAL_RCC_GetPCLK1Freq                     0x08002825   Thumb Code    20  stm32l0xx_hal_rcc.o(.text.HAL_RCC_GetPCLK1Freq)
    HAL_RCC_GetPCLK2Freq                     0x08002839   Thumb Code    20  stm32l0xx_hal_rcc.o(.text.HAL_RCC_GetPCLK2Freq)
    HAL_RCC_GetSysClockFreq                  0x08002859   Thumb Code   104  stm32l0xx_hal_rcc.o(.text.HAL_RCC_GetSysClockFreq)
    HAL_RCC_OscConfig                        0x080028d1   Thumb Code  1380  stm32l0xx_hal_rcc.o(.text.HAL_RCC_OscConfig)
    HAL_ResumeTick                           0x08002e61   Thumb Code    12  stm32l0xx_hal.o(.text.HAL_ResumeTick)
    HAL_SPI_GetState                         0x08002e71   Thumb Code     6  stm32l0xx_hal_spi.o(.text.HAL_SPI_GetState)
    HAL_SPI_Init                             0x08002e77   Thumb Code   194  stm32l0xx_hal_spi.o(.text.HAL_SPI_Init)
    HAL_SPI_MspInit                          0x08002f39   Thumb Code   120  spi.o(.text.HAL_SPI_MspInit)
    HAL_SPI_Receive                          0x08002fbd   Thumb Code   506  stm32l0xx_hal_spi.o(.text.HAL_SPI_Receive)
    HAL_SPI_Transmit                         0x080031b9   Thumb Code   632  stm32l0xx_hal_spi.o(.text.HAL_SPI_Transmit)
    HAL_SPI_TransmitReceive                  0x08003431   Thumb Code   836  stm32l0xx_hal_spi.o(.text.HAL_SPI_TransmitReceive)
    HAL_SYSTICK_Config                       0x0800377d   Thumb Code    40  stm32l0xx_hal_cortex.o(.text.HAL_SYSTICK_Config)
    HAL_SuspendTick                          0x080037ad   Thumb Code    12  stm32l0xx_hal.o(.text.HAL_SuspendTick)
    HAL_UARTEx_RxEventCallback               0x080037bd   Thumb Code     2  stm32l0xx_hal_uart.o(.text.HAL_UARTEx_RxEventCallback)
    HAL_UART_Init                            0x080037bf   Thumb Code   110  stm32l0xx_hal_uart.o(.text.HAL_UART_Init)
    HAL_UART_MspInit                         0x0800382d   Thumb Code   120  usart.o(.text.HAL_UART_MspInit)
    HAL_UART_Receive_IT                      0x080038ad   Thumb Code   108  stm32l0xx_hal_uart.o(.text.HAL_UART_Receive_IT)
    HAL_UART_RxCpltCallback                  0x0800391d   Thumb Code     2  stm32l0xx_hal_uart.o(.text.HAL_UART_RxCpltCallback)
    HAL_UART_Transmit                        0x08003921   Thumb Code   392  stm32l0xx_hal_uart.o(.text.HAL_UART_Transmit)
    HW_VCOM_Init                             0x08003aad   Thumb Code    68  hw_vcom.o(.text.HW_VCOM_Init)
    HardFault_Handler                        0x08003af9   Thumb Code     2  stm32l0xx_it.o(.text.HardFault_Handler)
    MCP2515_EnableInterrupts                 0x08003afd   Thumb Code    84  mcp2515.o(.text.MCP2515_EnableInterrupts)
    MCP2515_GetRxStatus                      0x08003b51   Thumb Code    68  mcp2515.o(.text.MCP2515_GetRxStatus)
    MCP2515_Initialize                       0x08003b95   Thumb Code   216  mcp2515.o(.text.MCP2515_Initialize)
    MCP2515_ReadRxSequence                   0x08003c6d   Thumb Code    68  mcp2515.o(.text.MCP2515_ReadRxSequence)
    MCP2515_ReadStatus                       0x08003cb1   Thumb Code    68  mcp2515.o(.text.MCP2515_ReadStatus)
    MCP2515_SetConfigMode                    0x08003cf5   Thumb Code   180  mcp2515.o(.text.MCP2515_SetConfigMode)
    MCP2515_SetNormalMode                    0x08003da9   Thumb Code   180  mcp2515.o(.text.MCP2515_SetNormalMode)
    MCP2515_WriteByte                        0x08003e5d   Thumb Code    88  mcp2515.o(.text.MCP2515_WriteByte)
    MCP2515_WriteByteSequence                0x08003ebd   Thumb Code    88  mcp2515.o(.text.MCP2515_WriteByteSequence)
    MX_GPIO_Init                             0x08003f1d   Thumb Code   304  gpio.o(.text.MX_GPIO_Init)
    MX_SPI1_Init                             0x08004059   Thumb Code    56  spi.o(.text.MX_SPI1_Init)
    MX_USART2_UART_Init                      0x08004099   Thumb Code    56  usart.o(.text.MX_USART2_UART_Init)
    MX_USART4_UART_Init                      0x080040d9   Thumb Code    48  usart.o(.text.MX_USART4_UART_Init)
    NMI_Handler                              0x0800410d   Thumb Code     2  stm32l0xx_it.o(.text.NMI_Handler)
    PendSV_Handler                           0x0800410f   Thumb Code     2  stm32l0xx_it.o(.text.PendSV_Handler)
    Printf                                   0x08004111   Thumb Code   204  hw_vcom.o(.text.Printf)
    SVC_Handler                              0x080042fd   Thumb Code     2  stm32l0xx_it.o(.text.SVC_Handler)
    Sound_Track                              0x08004301   Thumb Code    64  dfplayer_mini.o(.text.Sound_Track)
    SysTick_Handler                          0x08004349   Thumb Code     8  stm32l0xx_it.o(.text.SysTick_Handler)
    SystemInit                               0x08004351   Thumb Code     2  system_stm32l0xx.o(.text.SystemInit)
    UART_AdvFeatureConfig                    0x08004353   Thumb Code   210  stm32l0xx_hal_uart.o(.text.UART_AdvFeatureConfig)
    UART_CheckIdleState                      0x08004425   Thumb Code   204  stm32l0xx_hal_uart.o(.text.UART_CheckIdleState)
    UART_SetConfig                           0x080046a5   Thumb Code   484  stm32l0xx_hal_uart.o(.text.UART_SetConfig)
    UART_Start_Receive_IT                    0x080048d1   Thumb Code   200  stm32l0xx_hal_uart.o(.text.UART_Start_Receive_IT)
    UART_WaitOnFlagUntilTimeout              0x080049a5   Thumb Code   444  stm32l0xx_hal_uart.o(.text.UART_WaitOnFlagUntilTimeout)
    lcd_clear                                0x08004b61   Thumb Code    16  lcd.o(.text.lcd_clear)
    lcd_goto                                 0x08004c49   Thumb Code    20  lcd.o(.text.lcd_goto)
    lcd_init                                 0x08004c5d   Thumb Code   404  lcd.o(.text.lcd_init)
    lcd_print                                0x08004df1   Thumb Code   244  lcd.o(.text.lcd_print)
    main                                     0x08004eed   Thumb Code   864  main.o(.text.main)
    __aeabi_uidiv                            0x080052ed   Thumb Code    68  aeabi_sdivfast.o(.text_divfast)
    __aeabi_idiv                             0x08005331   Thumb Code   434  aeabi_sdivfast.o(.text_divfast)
    __ARM_common_ll_muluu                    0x080054e3   Thumb Code    48  btod.o(i.__ARM_common_ll_muluu)
    __ARM_fpclassify                         0x08005515   Thumb Code    40  fpclassify.o(i.__ARM_fpclassify)
    _is_digit                                0x08005541   Thumb Code    14  __printf_wp.o(i._is_digit)
    _get_lc_numeric                          0x08005551   Thumb Code    44  lc_numeric_c.o(locale$$code)
    _get_lc_ctype                            0x0800557d   Thumb Code    44  lc_ctype_c.o(locale$$code)
    _printf_fp_dec                           0x080055a9   Thumb Code    16  printf1.o(x$fpl$printf1)
    _printf_fp_hex                           0x080055b9   Thumb Code    16  printf2.o(x$fpl$printf2)
    __I$use$fp                               0x080055c8   Number         0  usenofp.o(x$fpl$usenofp)
    AHBPrescTable                            0x080056c4   Data          16  system_stm32l0xx.o(.rodata.AHBPrescTable)
    APBPrescTable                            0x080056d4   Data           8  system_stm32l0xx.o(.rodata.APBPrescTable)
    PLLMulTable                              0x080056dc   Data           9  system_stm32l0xx.o(.rodata.PLLMulTable)
    Region$$Table$$Base                      0x080057b0   Number         0  anon$$obj.o(Region$$Table)
    Region$$Table$$Limit                     0x080057d0   Number         0  anon$$obj.o(Region$$Table)
    __ctype                                  0x080057f9   Data           0  lc_ctype_c.o(locale$$data)
    can_rx_flag                              0x20000000   Data           1  main.o(.data..L_MergedGlobals)
    driving_flag                             0x20000001   Data           1  main.o(.data..L_MergedGlobals)
    uwTickFreq                               0x20000004   Data           1  stm32l0xx_hal.o(.data..L_MergedGlobals)
    uwTickPrio                               0x20000008   Data           4  stm32l0xx_hal.o(.data..L_MergedGlobals)
    SystemCoreClock                          0x2000000c   Data           4  system_stm32l0xx.o(.data.SystemCoreClock)
    __libspace_start                         0x20000010   Data          96  libspace.o(.bss)
    __temporary_stack_top$libspace           0x20000070   Data           0  libspace.o(.bss)
    idReg                                    0x20000070   Data           4  canspi.o(.bss..L_MergedGlobals)
    ctrlStatus                               0x20000074   Data           4  canspi.o(.bss..L_MergedGlobals)
    uart2_rcvbuf                             0x20000078   Data           1  hw_vcom.o(.bss..L_MergedGlobals)
    iw                                       0x2000007a   Data           2  hw_vcom.o(.bss..L_MergedGlobals)
    huart                                    0x20000080   Data           4  hw_vcom.o(.bss..L_MergedGlobals)
    rxMessage                                0x2000008c   Data          20  main.o(.bss..L_MergedGlobals.15)
    hspi1                                    0x200001c0   Data          88  spi.o(.bss.hspi1)
    huart2                                   0x20000218   Data         136  usart.o(.bss.huart2)
    huart4                                   0x200002a0   Data         136  usart.o(.bss.huart4)
    uwTick                                   0x20000328   Data           4  stm32l0xx_hal.o(.bss.uwTick)



==============================================================================

Memory Map of the image

  Image Entry point : 0x080000c1

  Load Region LR_IROM1 (Base: 0x08000000, Size: 0x00005910, Max: 0x00030000, ABSOLUTE)

    Execution Region ER_IROM1 (Exec base: 0x08000000, Load base: 0x08000000, Size: 0x000058fc, Max: 0x00030000, ABSOLUTE)

    Exec Addr    Load Addr    Size         Type   Attr      Idx    E Section Name        Object

    0x08000000   0x08000000   0x000000c0   Data   RO          227    RESET               startup_stm32l073xx.o
    0x080000c0   0x080000c0   0x00000008   Code   RO         1164  * !!!main             c_p.l(__main.o)
    0x080000c8   0x080000c8   0x00000054   Code   RO         1501    !!!scatter          c_p.l(__scatter.o)
    0x0800011c   0x0800011c   0x0000001a   Code   RO         1505    !!handler_copy      c_p.l(__scatter_copy.o)
    0x08000136   0x08000136   0x00000002   PAD
    0x08000138   0x08000138   0x00000002   Code   RO         1502    !!handler_null      c_p.l(__scatter.o)
    0x0800013a   0x0800013a   0x00000002   PAD
    0x0800013c   0x0800013c   0x0000001c   Code   RO         1507    !!handler_zi        c_p.l(__scatter_zi.o)
    0x08000158   0x08000158   0x00000002   Code   RO         1256    .ARM.Collect$$_printf_percent$$00000000  c_p.l(_printf_percent.o)
    0x0800015a   0x0800015a   0x0000000a   Code   RO         1245    .ARM.Collect$$_printf_percent$$00000001  c_p.l(_printf_n.o)
    0x08000164   0x08000164   0x0000000a   Code   RO         1247    .ARM.Collect$$_printf_percent$$00000002  c_p.l(_printf_p.o)
    0x0800016e   0x0800016e   0x0000000a   Code   RO         1252    .ARM.Collect$$_printf_percent$$00000003  c_p.l(_printf_f.o)
    0x08000178   0x08000178   0x0000000a   Code   RO         1253    .ARM.Collect$$_printf_percent$$00000004  c_p.l(_printf_e.o)
    0x08000182   0x08000182   0x0000000a   Code   RO         1254    .ARM.Collect$$_printf_percent$$00000005  c_p.l(_printf_g.o)
    0x0800018c   0x0800018c   0x0000000a   Code   RO         1255    .ARM.Collect$$_printf_percent$$00000006  c_p.l(_printf_a.o)
    0x08000196   0x08000196   0x0000000a   Code   RO         1260    .ARM.Collect$$_printf_percent$$00000007  c_p.l(_printf_ll.o)
    0x080001a0   0x080001a0   0x0000000a   Code   RO         1249    .ARM.Collect$$_printf_percent$$00000008  c_p.l(_printf_i.o)
    0x080001aa   0x080001aa   0x0000000a   Code   RO         1250    .ARM.Collect$$_printf_percent$$00000009  c_p.l(_printf_d.o)
    0x080001b4   0x080001b4   0x0000000a   Code   RO         1251    .ARM.Collect$$_printf_percent$$0000000A  c_p.l(_printf_u.o)
    0x080001be   0x080001be   0x0000000a   Code   RO         1248    .ARM.Collect$$_printf_percent$$0000000B  c_p.l(_printf_o.o)
    0x080001c8   0x080001c8   0x0000000a   Code   RO         1246    .ARM.Collect$$_printf_percent$$0000000C  c_p.l(_printf_x.o)
    0x080001d2   0x080001d2   0x0000000a   Code   RO         1257    .ARM.Collect$$_printf_percent$$0000000D  c_p.l(_printf_lli.o)
    0x080001dc   0x080001dc   0x0000000a   Code   RO         1258    .ARM.Collect$$_printf_percent$$0000000E  c_p.l(_printf_lld.o)
    0x080001e6   0x080001e6   0x0000000a   Code   RO         1259    .ARM.Collect$$_printf_percent$$0000000F  c_p.l(_printf_llu.o)
    0x080001f0   0x080001f0   0x0000000a   Code   RO         1264    .ARM.Collect$$_printf_percent$$00000010  c_p.l(_printf_llo.o)
    0x080001fa   0x080001fa   0x0000000a   Code   RO         1265    .ARM.Collect$$_printf_percent$$00000011  c_p.l(_printf_llx.o)
    0x08000204   0x08000204   0x0000000a   Code   RO         1261    .ARM.Collect$$_printf_percent$$00000012  c_p.l(_printf_l.o)
    0x0800020e   0x0800020e   0x0000000a   Code   RO         1243    .ARM.Collect$$_printf_percent$$00000013  c_p.l(_printf_c.o)
    0x08000218   0x08000218   0x0000000a   Code   RO         1244    .ARM.Collect$$_printf_percent$$00000014  c_p.l(_printf_s.o)
    0x08000222   0x08000222   0x0000000a   Code   RO         1262    .ARM.Collect$$_printf_percent$$00000015  c_p.l(_printf_lc.o)
    0x0800022c   0x0800022c   0x0000000a   Code   RO         1263    .ARM.Collect$$_printf_percent$$00000016  c_p.l(_printf_ls.o)
    0x08000236   0x08000236   0x00000004   Code   RO         1308    .ARM.Collect$$_printf_percent$$00000017  c_p.l(_printf_percent_end.o)
    0x0800023a   0x0800023a   0x00000002   Code   RO         1348    .ARM.Collect$$libinit$$00000000  c_p.l(libinit.o)
    0x0800023c   0x0800023c   0x00000000   Code   RO         1374    .ARM.Collect$$libinit$$00000002  c_p.l(libinit2.o)
    0x0800023c   0x0800023c   0x00000000   Code   RO         1376    .ARM.Collect$$libinit$$00000004  c_p.l(libinit2.o)
    0x0800023c   0x0800023c   0x00000000   Code   RO         1378    .ARM.Collect$$libinit$$00000006  c_p.l(libinit2.o)
    0x0800023c   0x0800023c   0x00000000   Code   RO         1381    .ARM.Collect$$libinit$$0000000C  c_p.l(libinit2.o)
    0x0800023c   0x0800023c   0x00000000   Code   RO         1383    .ARM.Collect$$libinit$$0000000E  c_p.l(libinit2.o)
    0x0800023c   0x0800023c   0x00000000   Code   RO         1385    .ARM.Collect$$libinit$$00000010  c_p.l(libinit2.o)
    0x0800023c   0x0800023c   0x00000006   Code   RO         1386    .ARM.Collect$$libinit$$00000011  c_p.l(libinit2.o)
    0x08000242   0x08000242   0x00000000   Code   RO         1388    .ARM.Collect$$libinit$$00000013  c_p.l(libinit2.o)
    0x08000242   0x08000242   0x0000000c   Code   RO         1389    .ARM.Collect$$libinit$$00000014  c_p.l(libinit2.o)
    0x0800024e   0x0800024e   0x00000000   Code   RO         1390    .ARM.Collect$$libinit$$00000015  c_p.l(libinit2.o)
    0x0800024e   0x0800024e   0x00000000   Code   RO         1392    .ARM.Collect$$libinit$$00000017  c_p.l(libinit2.o)
    0x0800024e   0x0800024e   0x0000000a   Code   RO         1393    .ARM.Collect$$libinit$$00000018  c_p.l(libinit2.o)
    0x08000258   0x08000258   0x00000000   Code   RO         1394    .ARM.Collect$$libinit$$00000019  c_p.l(libinit2.o)
    0x08000258   0x08000258   0x00000000   Code   RO         1396    .ARM.Collect$$libinit$$0000001B  c_p.l(libinit2.o)
    0x08000258   0x08000258   0x00000000   Code   RO         1398    .ARM.Collect$$libinit$$0000001D  c_p.l(libinit2.o)
    0x08000258   0x08000258   0x00000000   Code   RO         1400    .ARM.Collect$$libinit$$0000001F  c_p.l(libinit2.o)
    0x08000258   0x08000258   0x00000000   Code   RO         1402    .ARM.Collect$$libinit$$00000021  c_p.l(libinit2.o)
    0x08000258   0x08000258   0x00000000   Code   RO         1404    .ARM.Collect$$libinit$$00000023  c_p.l(libinit2.o)
    0x08000258   0x08000258   0x00000000   Code   RO         1406    .ARM.Collect$$libinit$$00000025  c_p.l(libinit2.o)
    0x08000258   0x08000258   0x00000000   Code   RO         1408    .ARM.Collect$$libinit$$00000027  c_p.l(libinit2.o)
    0x08000258   0x08000258   0x00000000   Code   RO         1412    .ARM.Collect$$libinit$$0000002E  c_p.l(libinit2.o)
    0x08000258   0x08000258   0x00000000   Code   RO         1414    .ARM.Collect$$libinit$$00000030  c_p.l(libinit2.o)
    0x08000258   0x08000258   0x00000000   Code   RO         1416    .ARM.Collect$$libinit$$00000032  c_p.l(libinit2.o)
    0x08000258   0x08000258   0x00000000   Code   RO         1418    .ARM.Collect$$libinit$$00000034  c_p.l(libinit2.o)
    0x08000258   0x08000258   0x00000002   Code   RO         1419    .ARM.Collect$$libinit$$00000035  c_p.l(libinit2.o)
    0x0800025a   0x0800025a   0x00000002   Code   RO         1456    .ARM.Collect$$libshutdown$$00000000  c_p.l(libshutdown.o)
    0x0800025c   0x0800025c   0x00000000   Code   RO         1484    .ARM.Collect$$libshutdown$$00000002  c_p.l(libshutdown2.o)
    0x0800025c   0x0800025c   0x00000000   Code   RO         1486    .ARM.Collect$$libshutdown$$00000004  c_p.l(libshutdown2.o)
    0x0800025c   0x0800025c   0x00000000   Code   RO         1489    .ARM.Collect$$libshutdown$$00000007  c_p.l(libshutdown2.o)
    0x0800025c   0x0800025c   0x00000000   Code   RO         1492    .ARM.Collect$$libshutdown$$0000000A  c_p.l(libshutdown2.o)
    0x0800025c   0x0800025c   0x00000000   Code   RO         1494    .ARM.Collect$$libshutdown$$0000000C  c_p.l(libshutdown2.o)
    0x0800025c   0x0800025c   0x00000000   Code   RO         1497    .ARM.Collect$$libshutdown$$0000000F  c_p.l(libshutdown2.o)
    0x0800025c   0x0800025c   0x00000002   Code   RO         1498    .ARM.Collect$$libshutdown$$00000010  c_p.l(libshutdown2.o)
    0x0800025e   0x0800025e   0x00000000   Code   RO         1166    .ARM.Collect$$rtentry$$00000000  c_p.l(__rtentry.o)
    0x0800025e   0x0800025e   0x00000000   Code   RO         1275    .ARM.Collect$$rtentry$$00000002  c_p.l(__rtentry2.o)
    0x0800025e   0x0800025e   0x00000006   Code   RO         1287    .ARM.Collect$$rtentry$$00000004  c_p.l(__rtentry4.o)
    0x08000264   0x08000264   0x00000000   Code   RO         1277    .ARM.Collect$$rtentry$$00000009  c_p.l(__rtentry2.o)
    0x08000264   0x08000264   0x00000004   Code   RO         1278    .ARM.Collect$$rtentry$$0000000A  c_p.l(__rtentry2.o)
    0x08000268   0x08000268   0x00000000   Code   RO         1280    .ARM.Collect$$rtentry$$0000000C  c_p.l(__rtentry2.o)
    0x08000268   0x08000268   0x00000008   Code   RO         1281    .ARM.Collect$$rtentry$$0000000D  c_p.l(__rtentry2.o)
    0x08000270   0x08000270   0x00000002   Code   RO         1358    .ARM.Collect$$rtexit$$00000000  c_p.l(rtexit.o)
    0x08000272   0x08000272   0x00000000   Code   RO         1425    .ARM.Collect$$rtexit$$00000002  c_p.l(rtexit2.o)
    0x08000272   0x08000272   0x00000004   Code   RO         1426    .ARM.Collect$$rtexit$$00000003  c_p.l(rtexit2.o)
    0x08000276   0x08000276   0x00000006   Code   RO         1427    .ARM.Collect$$rtexit$$00000004  c_p.l(rtexit2.o)
    0x0800027c   0x0800027c   0x00000038   Code   RO         1148    .emb_text           c_p.l(rt_memcpy.o)
    0x080002b4   0x080002b4   0x00000038   Code   RO          228    .text               startup_stm32l073xx.o
    0x080002ec   0x080002ec   0x00000110   Code   RO         1144    .text               c_p.l(lludiv.o)
    0x080003fc   0x080003fc   0x00000024   Code   RO         1146    .text               c_p.l(vsprintf.o)
    0x08000420   0x08000420   0x00000082   Code   RO         1149    .text               c_p.l(rt_memcpy.o)
    0x080004a2   0x080004a2   0x00000040   Code   RO         1152    .text               c_p.l(rt_memclr.o)
    0x080004e2   0x080004e2   0x00000002   PAD
    0x080004e4   0x080004e4   0x000001f8   Code   RO         1154    .text               c_p.l(aeabi_sdivfast.o)
    0x080006dc   0x080006dc   0x00000006   Code   RO         1162    .text               c_p.l(heapauxi.o)
    0x080006e2   0x080006e2   0x0000004e   Code   RO         1177    .text               c_p.l(_printf_pad.o)
    0x08000730   0x08000730   0x00000024   Code   RO         1179    .text               c_p.l(_printf_truncate.o)
    0x08000754   0x08000754   0x00000052   Code   RO         1181    .text               c_p.l(_printf_str.o)
    0x080007a6   0x080007a6   0x00000002   PAD
    0x080007a8   0x080007a8   0x0000006c   Code   RO         1183    .text               c_p.l(_printf_dec.o)
    0x08000814   0x08000814   0x00000026   Code   RO         1185    .text               c_p.l(_printf_charcount.o)
    0x0800083a   0x0800083a   0x00000002   PAD
    0x0800083c   0x0800083c   0x00000030   Code   RO         1187    .text               c_p.l(_printf_char_common.o)
    0x0800086c   0x0800086c   0x0000000a   Code   RO         1189    .text               c_p.l(_sputc.o)
    0x08000876   0x08000876   0x00000002   PAD
    0x08000878   0x08000878   0x000000bc   Code   RO         1191    .text               c_p.l(_printf_wctomb.o)
    0x08000934   0x08000934   0x00000070   Code   RO         1194    .text               c_p.l(_printf_longlong_dec.o)
    0x080009a4   0x080009a4   0x00000070   Code   RO         1200    .text               c_p.l(_printf_oct_int_ll.o)
    0x08000a14   0x08000a14   0x00000098   Code   RO         1220    .text               c_p.l(_printf_hex_int_ll_ptr.o)
    0x08000aac   0x08000aac   0x00000188   Code   RO         1240    .text               c_p.l(__printf_flags_ss_wp.o)
    0x08000c34   0x08000c34   0x0000007a   Code   RO         1291    .text               c_p.l(lludiv10.o)
    0x08000cae   0x08000cae   0x000000b0   Code   RO         1293    .text               c_p.l(_printf_intcommon.o)
    0x08000d5e   0x08000d5e   0x00000002   PAD
    0x08000d60   0x08000d60   0x00000414   Code   RO         1295    .text               c_p.l(_printf_fp_dec.o)
    0x08001174   0x08001174   0x000002d8   Code   RO         1299    .text               c_p.l(_printf_fp_hex.o)
    0x0800144c   0x0800144c   0x0000002e   Code   RO         1304    .text               c_p.l(_printf_char.o)
    0x0800147a   0x0800147a   0x0000002e   Code   RO         1306    .text               c_p.l(_printf_wchar.o)
    0x080014a8   0x080014a8   0x00000042   Code   RO         1309    .text               c_p.l(_c16rtomb.o)
    0x080014ea   0x080014ea   0x00000028   Code   RO         1311    .text               c_p.l(rtudiv10.o)
    0x08001512   0x08001512   0x0000003e   Code   RO         1313    .text               c_p.l(sys_stackheap_outer.o)
    0x08001550   0x08001550   0x00000010   Code   RO         1316    .text               c_p.l(rt_ctype_table.o)
    0x08001560   0x08001560   0x00000008   Code   RO         1321    .text               c_p.l(rt_locale_intlibspace.o)
    0x08001568   0x08001568   0x00000088   Code   RO         1323    .text               c_p.l(_printf_fp_infnan.o)
    0x080015f0   0x080015f0   0x000000d8   Code   RO         1325    .text               c_p.l(bigflt0.o)
    0x080016c8   0x080016c8   0x00000580   Code   RO         1328    .text               c_p.l(btod.o)
    0x08001c48   0x08001c48   0x00000010   Code   RO         1337    .text               c_p.l(exit.o)
    0x08001c58   0x08001c58   0x00000008   Code   RO         1354    .text               c_p.l(libspace.o)
    0x08001c60   0x08001c60   0x000000b0   Code   RO         1371    .text               c_p.l(strcmpv6m.o)
    0x08001d10   0x08001d10   0x0000000c   Code   RO         1420    .text               c_p.l(sys_exit.o)
    0x08001d1c   0x08001d1c   0x00000002   Code   RO         1445    .text               c_p.l(use_no_semi.o)
    0x08001d1e   0x08001d1e   0x00000000   Code   RO         1447    .text               c_p.l(indicate_semi.o)
    0x08001d1e   0x08001d1e   0x000000c0   Code   RO            4    .text.CANSPI_Initialize  canspi.o
    0x08001dde   0x08001dde   0x00000086   Code   RO            8    .text.CANSPI_Receive  canspi.o
    0x08001e64   0x08001e64   0x0000001c   Code   RO           10    .text.CANSPI_messagesInBuffer  canspi.o
    0x08001e80   0x08001e80   0x00000124   Code   RO          188    .text.DF_Init       dfplayer_mini.o
    0x08001fa4   0x08001fa4   0x00000038   Code   RO          180    .text.DF_Pause      dfplayer_mini.o
    0x08001fdc   0x08001fdc   0x00000038   Code   RO          182    .text.DF_Resume     dfplayer_mini.o
    0x08002014   0x08002014   0x00000038   Code   RO          186    .text.DF_Volume_Down  dfplayer_mini.o
    0x0800204c   0x0800204c   0x0000003c   Code   RO          184    .text.DF_Volume_Up  dfplayer_mini.o
    0x08002088   0x08002088   0x00000012   Code   RO          159    .text.EXTI4_15_IRQHandler  stm32l0xx_it.o
    0x0800209a   0x0800209a   0x00000008   Code   RO           94    .text.Error_Handler  main.o
    0x080020a2   0x080020a2   0x00000002   PAD
    0x080020a4   0x080020a4   0x00000020   Code   RO          369    .text.HAL_Delay     stm32l0xx_hal.o
    0x080020c4   0x080020c4   0x00000018   Code   RO           88    .text.HAL_GPIO_EXTI_Callback  main.o
    0x080020dc   0x080020dc   0x00000018   Code   RO          784    .text.HAL_GPIO_EXTI_IRQHandler  stm32l0xx_hal_gpio.o
    0x080020f4   0x080020f4   0x00000188   Code   RO          772    .text.HAL_GPIO_Init  stm32l0xx_hal_gpio.o
    0x0800227c   0x0800227c   0x0000000a   Code   RO          776    .text.HAL_GPIO_ReadPin  stm32l0xx_hal_gpio.o
    0x08002286   0x08002286   0x00000010   Code   RO          778    .text.HAL_GPIO_WritePin  stm32l0xx_hal_gpio.o
    0x08002296   0x08002296   0x00000002   PAD
    0x08002298   0x08002298   0x00000008   Code   RO          361    .text.HAL_GetTick   stm32l0xx_hal.o
    0x080022a0   0x080022a0   0x00000014   Code   RO          359    .text.HAL_IncTick   stm32l0xx_hal.o
    0x080022b4   0x080022b4   0x00000028   Code   RO          349    .text.HAL_Init      stm32l0xx_hal.o
    0x080022dc   0x080022dc   0x00000044   Code   RO          351    .text.HAL_InitTick  stm32l0xx_hal.o
    0x08002320   0x08002320   0x00000018   Code   RO          168    .text.HAL_MspInit   stm32l0xx_hal_msp.o
    0x08002338   0x08002338   0x00000018   Code   RO          894    .text.HAL_NVIC_EnableIRQ  stm32l0xx_hal_cortex.o
    0x08002350   0x08002350   0x00000038   Code   RO          892    .text.HAL_NVIC_SetPriority  stm32l0xx_hal_cortex.o
    0x08002388   0x08002388   0x0000005c   Code   RO          844    .text.HAL_PWR_EnterSLEEPMode  stm32l0xx_hal_pwr.o
    0x080023e4   0x080023e4   0x00000238   Code   RO          629    .text.HAL_RCCEx_PeriphCLKConfig  stm32l0xx_hal_rcc_ex.o
    0x0800261c   0x0800261c   0x00000208   Code   RO          601    .text.HAL_RCC_ClockConfig  stm32l0xx_hal_rcc.o
    0x08002824   0x08002824   0x00000014   Code   RO          609    .text.HAL_RCC_GetPCLK1Freq  stm32l0xx_hal_rcc.o
    0x08002838   0x08002838   0x00000020   Code   RO          611    .text.HAL_RCC_GetPCLK2Freq  stm32l0xx_hal_rcc.o
    0x08002858   0x08002858   0x00000078   Code   RO          599    .text.HAL_RCC_GetSysClockFreq  stm32l0xx_hal_rcc.o
    0x080028d0   0x080028d0   0x00000590   Code   RO          597    .text.HAL_RCC_OscConfig  stm32l0xx_hal_rcc.o
    0x08002e60   0x08002e60   0x00000010   Code   RO          373    .text.HAL_ResumeTick  stm32l0xx_hal.o
    0x08002e70   0x08002e70   0x00000006   Code   RO          329    .text.HAL_SPI_GetState  stm32l0xx_hal_spi.o
    0x08002e76   0x08002e76   0x000000c2   Code   RO          235    .text.HAL_SPI_Init  stm32l0xx_hal_spi.o
    0x08002f38   0x08002f38   0x00000084   Code   RO          118    .text.HAL_SPI_MspInit  spi.o
    0x08002fbc   0x08002fbc   0x000001fa   Code   RO          245    .text.HAL_SPI_Receive  stm32l0xx_hal_spi.o
    0x080031b6   0x080031b6   0x00000002   PAD
    0x080031b8   0x080031b8   0x00000278   Code   RO          243    .text.HAL_SPI_Transmit  stm32l0xx_hal_spi.o
    0x08003430   0x08003430   0x0000034c   Code   RO          247    .text.HAL_SPI_TransmitReceive  stm32l0xx_hal_spi.o
    0x0800377c   0x0800377c   0x00000030   Code   RO          900    .text.HAL_SYSTICK_Config  stm32l0xx_hal_cortex.o
    0x080037ac   0x080037ac   0x00000010   Code   RO          371    .text.HAL_SuspendTick  stm32l0xx_hal.o
    0x080037bc   0x080037bc   0x00000002   Code   RO         1046    .text.HAL_UARTEx_RxEventCallback  stm32l0xx_hal_uart.o
    0x080037be   0x080037be   0x0000006e   Code   RO          960    .text.HAL_UART_Init  stm32l0xx_hal_uart.o
    0x0800382c   0x0800382c   0x00000080   Code   RO          135    .text.HAL_UART_MspInit  usart.o
    0x080038ac   0x080038ac   0x00000070   Code   RO          992    .text.HAL_UART_Receive_IT  stm32l0xx_hal_uart.o
    0x0800391c   0x0800391c   0x00000002   Code   RO         1052    .text.HAL_UART_RxCpltCallback  stm32l0xx_hal_uart.o
    0x0800391e   0x0800391e   0x00000002   PAD
    0x08003920   0x08003920   0x0000018c   Code   RO          980    .text.HAL_UART_Transmit  stm32l0xx_hal_uart.o
    0x08003aac   0x08003aac   0x0000004c   Code   RO          198    .text.HW_VCOM_Init  hw_vcom.o
    0x08003af8   0x08003af8   0x00000002   Code   RO          151    .text.HardFault_Handler  stm32l0xx_it.o
    0x08003afa   0x08003afa   0x00000002   PAD
    0x08003afc   0x08003afc   0x00000054   Code   RO           58    .text.MCP2515_EnableInterrupts  mcp2515.o
    0x08003b50   0x08003b50   0x00000044   Code   RO           56    .text.MCP2515_GetRxStatus  mcp2515.o
    0x08003b94   0x08003b94   0x000000d8   Code   RO           28    .text.MCP2515_Initialize  mcp2515.o
    0x08003c6c   0x08003c6c   0x00000044   Code   RO           44    .text.MCP2515_ReadRxSequence  mcp2515.o
    0x08003cb0   0x08003cb0   0x00000044   Code   RO           54    .text.MCP2515_ReadStatus  mcp2515.o
    0x08003cf4   0x08003cf4   0x000000b4   Code   RO           32    .text.MCP2515_SetConfigMode  mcp2515.o
    0x08003da8   0x08003da8   0x000000b4   Code   RO           38    .text.MCP2515_SetNormalMode  mcp2515.o
    0x08003e5c   0x08003e5c   0x00000060   Code   RO           34    .text.MCP2515_WriteByte  mcp2515.o
    0x08003ebc   0x08003ebc   0x00000060   Code   RO           46    .text.MCP2515_WriteByteSequence  mcp2515.o
    0x08003f1c   0x08003f1c   0x0000013c   Code   RO          108    .text.MX_GPIO_Init  gpio.o
    0x08004058   0x08004058   0x00000040   Code   RO          116    .text.MX_SPI1_Init  spi.o
    0x08004098   0x08004098   0x00000040   Code   RO          131    .text.MX_USART2_UART_Init  usart.o
    0x080040d8   0x080040d8   0x00000034   Code   RO          133    .text.MX_USART4_UART_Init  usart.o
    0x0800410c   0x0800410c   0x00000002   Code   RO          149    .text.NMI_Handler   stm32l0xx_it.o
    0x0800410e   0x0800410e   0x00000002   Code   RO          155    .text.PendSV_Handler  stm32l0xx_it.o
    0x08004110   0x08004110   0x000000d8   Code   RO          202    .text.Printf        hw_vcom.o
    0x080041e8   0x080041e8   0x00000114   Code   RO          339    .text.SPI_WaitFlagStateUntilTimeout  stm32l0xx_hal_spi.o
    0x080042fc   0x080042fc   0x00000002   Code   RO          153    .text.SVC_Handler   stm32l0xx_it.o
    0x080042fe   0x080042fe   0x00000002   PAD
    0x08004300   0x08004300   0x00000048   Code   RO          178    .text.Sound_Track   dfplayer_mini.o
    0x08004348   0x08004348   0x00000008   Code   RO          157    .text.SysTick_Handler  stm32l0xx_it.o
    0x08004350   0x08004350   0x00000002   Code   RO         1127    .text.SystemInit    system_stm32l0xx.o
    0x08004352   0x08004352   0x000000d2   Code   RO          964    .text.UART_AdvFeatureConfig  stm32l0xx_hal_uart.o
    0x08004424   0x08004424   0x000000d0   Code   RO          968    .text.UART_CheckIdleState  stm32l0xx_hal_uart.o
    0x080044f4   0x080044f4   0x000000d8   Code   RO         1078    .text.UART_RxISR_16BIT  stm32l0xx_hal_uart.o
    0x080045cc   0x080045cc   0x000000d8   Code   RO         1080    .text.UART_RxISR_8BIT  stm32l0xx_hal_uart.o
    0x080046a4   0x080046a4   0x0000022c   Code   RO          966    .text.UART_SetConfig  stm32l0xx_hal_uart.o
    0x080048d0   0x080048d0   0x000000d4   Code   RO          994    .text.UART_Start_Receive_IT  stm32l0xx_hal_uart.o
    0x080049a4   0x080049a4   0x000001bc   Code   RO          982    .text.UART_WaitOnFlagUntilTimeout  stm32l0xx_hal_uart.o
    0x08004b60   0x08004b60   0x00000010   Code   RO           70    .text.lcd_clear     lcd.o
    0x08004b70   0x08004b70   0x000000d8   Code   RO           72    .text.lcd_command   lcd.o
    0x08004c48   0x08004c48   0x00000014   Code   RO           76    .text.lcd_goto      lcd.o
    0x08004c5c   0x08004c5c   0x00000194   Code   RO           74    .text.lcd_init      lcd.o
    0x08004df0   0x08004df0   0x000000fc   Code   RO           78    .text.lcd_print     lcd.o
    0x08004eec   0x08004eec   0x00000400   Code   RO           90    .text.main          main.o
    0x080052ec   0x080052ec   0x000001f6   Code   RO         1155    .text_divfast       c_p.l(aeabi_sdivfast.o)
    0x080054e2   0x080054e2   0x00000030   Code   RO         1330    i.__ARM_common_ll_muluu  c_p.l(btod.o)
    0x08005512   0x08005512   0x00000002   PAD
    0x08005514   0x08005514   0x0000002c   Code   RO         1352    i.__ARM_fpclassify  m_ps.l(fpclassify.o)
    0x08005540   0x08005540   0x0000000e   Code   RO         1233    i._is_digit         c_p.l(__printf_wp.o)
    0x0800554e   0x0800554e   0x00000002   PAD
    0x08005550   0x08005550   0x0000002c   Code   RO         1335    locale$$code        c_p.l(lc_numeric_c.o)
    0x0800557c   0x0800557c   0x0000002c   Code   RO         1365    locale$$code        c_p.l(lc_ctype_c.o)
    0x080055a8   0x080055a8   0x00000010   Code   RO         1266    x$fpl$printf1       fz_ps.l(printf1.o)
    0x080055b8   0x080055b8   0x00000010   Code   RO         1268    x$fpl$printf2       fz_ps.l(printf2.o)
    0x080055c8   0x080055c8   0x00000000   Code   RO         1351    x$fpl$usenofp       fz_ps.l(usenofp.o)
    0x080055c8   0x080055c8   0x00000008   Data   RO         1192    .constdata          c_p.l(_printf_wctomb.o)
    0x080055d0   0x080055d0   0x00000028   Data   RO         1221    .constdata          c_p.l(_printf_hex_int_ll_ptr.o)
    0x080055f8   0x080055f8   0x00000011   Data   RO         1241    .constdata          c_p.l(__printf_flags_ss_wp.o)
    0x08005609   0x08005609   0x00000026   Data   RO         1300    .constdata          c_p.l(_printf_fp_hex.o)
    0x0800562f   0x0800562f   0x00000001   PAD
    0x08005630   0x08005630   0x00000094   Data   RO         1326    .constdata          c_p.l(bigflt0.o)
    0x080056c4   0x080056c4   0x00000010   Data   RO         1132    .rodata.AHBPrescTable  system_stm32l0xx.o
    0x080056d4   0x080056d4   0x00000008   Data   RO         1133    .rodata.APBPrescTable  system_stm32l0xx.o
    0x080056dc   0x080056dc   0x00000009   Data   RO         1134    .rodata.PLLMulTable  system_stm32l0xx.o
    0x080056e5   0x080056e5   0x00000003   PAD
    0x080056e8   0x080056e8   0x00000010   Data   RO         1086    .rodata.cst16       stm32l0xx_hal_uart.o
    0x080056f8   0x080056f8   0x000000b8   Data   RO           96    .rodata.str1.1      main.o
    0x080057b0   0x080057b0   0x00000020   Data   RO         1500    Region$$Table       anon$$obj.o
    0x080057d0   0x080057d0   0x0000001c   Data   RO         1334    locale$$data        c_p.l(lc_numeric_c.o)
    0x080057ec   0x080057ec   0x00000110   Data   RO         1364    locale$$data        c_p.l(lc_ctype_c.o)


    Execution Region RW_IRAM1 (Exec base: 0x20000000, Load base: 0x08005900, Size: 0x00000930, Max: 0x00005000, ABSOLUTE)

    Exec Addr    Load Addr    Size         Type   Attr      Idx    E Section Name        Object

    0x20000000   0x08005900   0x00000002   Data   RW           98    .data..L_MergedGlobals  main.o
    0x20000002   0x08005902   0x00000002   PAD
    0x20000004   0x08005904   0x00000008   Data   RW          412    .data..L_MergedGlobals  stm32l0xx_hal.o
    0x2000000c   0x0800590c   0x00000004   Data   RW         1131    .data.SystemCoreClock  system_stm32l0xx.o
    0x20000010        -       0x00000060   Zero   RW         1355    .bss                c_p.l(libspace.o)
    0x20000070        -       0x00000008   Zero   RW           19    .bss..L_MergedGlobals  canspi.o
    0x20000078        -       0x0000000c   Zero   RW          217    .bss..L_MergedGlobals  hw_vcom.o
    0x20000084        -       0x0000003c   Zero   RW           99    .bss..L_MergedGlobals.15  main.o
    0x200000c0        -       0x00000100   Zero   RW          215    .bss.buff           hw_vcom.o
    0x200001c0        -       0x00000058   Zero   RW          122    .bss.hspi1          spi.o
    0x20000218        -       0x00000088   Zero   RW          139    .bss.huart2         usart.o
    0x200002a0        -       0x00000088   Zero   RW          140    .bss.huart4         usart.o
    0x20000328        -       0x00000004   Zero   RW          411    .bss.uwTick         stm32l0xx_hal.o
    0x2000032c   0x08005910   0x00000004   PAD
    0x20000330        -       0x00000200   Zero   RW          226    HEAP                startup_stm32l073xx.o
    0x20000530        -       0x00000400   Zero   RW          225    STACK               startup_stm32l073xx.o


==============================================================================

Image component sizes


      Code (inc. data)   RO Data    RW Data    ZI Data      Debug   Object Name

       354          4          0          0          8       7376   canspi.o
       592        104          0          0          0       4164   dfplayer_mini.o
       316         12          0          0          0       2712   gpio.o
       292         20          0          0        268       7083   hw_vcom.o
       908          8          0          0          0       3049   lcd.o
      1056        196        184          2         60       5573   main.o
      1056         16          0          0          0       8893   mcp2515.o
       196         20          0          0         88       4674   spi.o
        56         26        192          0       1536        644   startup_stm32l073xx.o
       200         24          0          8          4       6867   stm32l0xx_hal.o
       128         20          0          0          0       6934   stm32l0xx_hal_cortex.o
       442         16          0          0          0       5093   stm32l0xx_hal_gpio.o
        24          4          0          0          0       1132   stm32l0xx_hal_msp.o
        92          8          0          0          0       4532   stm32l0xx_hal_pwr.o
      2116        108          0          0          0      10052   stm32l0xx_hal_rcc.o
       568          8          0          0          0       8665   stm32l0xx_hal_rcc_ex.o
      2458         12          0          0          0      26461   stm32l0xx_hal_spi.o
      2684        126         16          0          0      43178   stm32l0xx_hal_uart.o
        34          0          0          0          0        831   stm32l0xx_it.o
         2          0         33          4          0       2125   system_stm32l0xx.o
       244         20          0          0        272       5220   usart.o

    ----------------------------------------------------------------------
     13830        752        460         16       2240     165258   Object Totals
         0          0         32          0          0          0   (incl. Generated)
        12          0          3          2          4          0   (incl. Padding)

    ----------------------------------------------------------------------

      Code (inc. data)   RO Data    RW Data    ZI Data      Debug   Library Member Name

         8          0          0          0          0         68   __main.o
       392          6         17          0          0         76   __printf_flags_ss_wp.o
        14          0          0          0          0         60   __printf_wp.o
         0          0          0          0          0          0   __rtentry.o
        12          0          0          0          0          0   __rtentry2.o
         6          0          0          0          0          0   __rtentry4.o
        86         10          0          0          0          0   __scatter.o
        26          0          0          0          0          0   __scatter_copy.o
        28          0          0          0          0          0   __scatter_zi.o
        66          0          0          0          0         76   _c16rtomb.o
        10          0          0          0          0          0   _printf_a.o
        10          0          0          0          0          0   _printf_c.o
        46          0          0          0          0        100   _printf_char.o
        48          6          0          0          0         88   _printf_char_common.o
        38          0          0          0          0         60   _printf_charcount.o
        10          0          0          0          0          0   _printf_d.o
       108         18          0          0          0         76   _printf_dec.o
        10          0          0          0          0          0   _printf_e.o
        10          0          0          0          0          0   _printf_f.o
      1044         12          0          0          0        116   _printf_fp_dec.o
       728         10         38          0          0         84   _printf_fp_hex.o
       136         16          0          0          0         76   _printf_fp_infnan.o
        10          0          0          0          0          0   _printf_g.o
       152          4         40          0          0        148   _printf_hex_int_ll_ptr.o
        10          0          0          0          0          0   _printf_i.o
       176          0          0          0          0         84   _printf_intcommon.o
        10          0          0          0          0          0   _printf_l.o
        10          0          0          0          0          0   _printf_lc.o
        10          0          0          0          0          0   _printf_ll.o
        10          0          0          0          0          0   _printf_lld.o
        10          0          0          0          0          0   _printf_lli.o
        10          0          0          0          0          0   _printf_llo.o
        10          0          0          0          0          0   _printf_llu.o
        10          0          0          0          0          0   _printf_llx.o
       112         18          0          0          0         76   _printf_longlong_dec.o
        10          0          0          0          0          0   _printf_ls.o
        10          0          0          0          0          0   _printf_n.o
        10          0          0          0          0          0   _printf_o.o
       112         10          0          0          0        112   _printf_oct_int_ll.o
        10          0          0          0          0          0   _printf_p.o
        78          0          0          0          0        100   _printf_pad.o
         2          0          0          0          0          0   _printf_percent.o
         4          0          0          0          0          0   _printf_percent_end.o
        10          0          0          0          0          0   _printf_s.o
        82          0          0          0          0         72   _printf_str.o
        36          0          0          0          0         76   _printf_truncate.o
        10          0          0          0          0          0   _printf_u.o
        46          0          0          0          0        100   _printf_wchar.o
       188          6          8          0          0         80   _printf_wctomb.o
        10          0          0          0          0          0   _printf_x.o
        10          0          0          0          0         60   _sputc.o
      1006          4          0          0          0        184   aeabi_sdivfast.o
       216          6        148          0          0         80   bigflt0.o
      1456         30          0          0          0        336   btod.o
        16          0          0          0          0         68   exit.o
         6          0          0          0          0        136   heapauxi.o
         0          0          0          0          0          0   indicate_semi.o
        44         10        272          0          0         76   lc_ctype_c.o
        44         10         28          0          0         76   lc_numeric_c.o
         2          0          0          0          0          0   libinit.o
        30          0          0          0          0          0   libinit2.o
         2          0          0          0          0          0   libshutdown.o
         2          0          0          0          0          0   libshutdown2.o
         8          4          0          0         96         68   libspace.o
       272          0          0          0          0         88   lludiv.o
       122          0          0          0          0         72   lludiv10.o
        16          4          0          0          0         76   rt_ctype_table.o
         8          4          0          0          0         68   rt_locale_intlibspace.o
        64          0          0          0          0        108   rt_memclr.o
       186          0          0          0          0        144   rt_memcpy.o
         2          0          0          0          0          0   rtexit.o
        10          0          0          0          0          0   rtexit2.o
        40          0          0          0          0         60   rtudiv10.o
       176          4          0          0          0         80   strcmpv6m.o
        12          4          0          0          0         60   sys_exit.o
        62          0          0          0          0         80   sys_stackheap_outer.o
         2          0          0          0          0         68   use_no_semi.o
        36          4          0          0          0         68   vsprintf.o
        16          4          0          0          0         76   printf1.o
        16          4          0          0          0         76   printf2.o
         0          0          0          0          0          0   usenofp.o
        44          4          0          0          0         60   fpclassify.o

    ----------------------------------------------------------------------
      7938        212        552          0         96       3996   Library Totals
        18          0          1          0          0          0   (incl. Padding)

    ----------------------------------------------------------------------

      Code (inc. data)   RO Data    RW Data    ZI Data      Debug   Library Name

      7844        200        551          0         96       3784   c_p.l
        32          8          0          0          0        152   fz_ps.l
        44          4          0          0          0         60   m_ps.l

    ----------------------------------------------------------------------
      7938        212        552          0         96       3996   Library Totals

    ----------------------------------------------------------------------

==============================================================================


      Code (inc. data)   RO Data    RW Data    ZI Data      Debug   

     21768        964       1012         16       2336     167010   Grand Totals
     21768        964       1012         16       2336     167010   ELF Image Totals
     21768        964       1012         16          0          0   ROM Totals

==============================================================================

    Total RO  Size (Code + RO Data)                22780 (  22.25kB)
    Total RW  Size (RW Data + ZI Data)              2352 (   2.30kB)
    Total ROM Size (Code + RO Data + RW Data)      22796 (  22.26kB)

==============================================================================

